Archive member included because of file (symbol)

c:/freescale/kds_3.0.0/toolchain/bin/../lib/gcc/arm-none-eabi/4.8.4/armv7e-m/fpu\libgcc.a(_aeabi_uldivmod.o)
                              ./Generated_Code/osa1.o (__aeabi_uldivmod)
c:/freescale/kds_3.0.0/toolchain/bin/../lib/gcc/arm-none-eabi/4.8.4/armv7e-m/fpu\libgcc.a(bpabi.o)
                              c:/freescale/kds_3.0.0/toolchain/bin/../lib/gcc/arm-none-eabi/4.8.4/armv7e-m/fpu\libgcc.a(_aeabi_uldivmod.o) (__gnu_uldivmod_helper)
c:/freescale/kds_3.0.0/toolchain/bin/../lib/gcc/arm-none-eabi/4.8.4/armv7e-m/fpu\libgcc.a(_dvmd_tls.o)
                              c:/freescale/kds_3.0.0/toolchain/bin/../lib/gcc/arm-none-eabi/4.8.4/armv7e-m/fpu\libgcc.a(_aeabi_uldivmod.o) (__aeabi_ldiv0)
c:/freescale/kds_3.0.0/toolchain/bin/../lib/gcc/arm-none-eabi/4.8.4/armv7e-m/fpu\libgcc.a(_divdi3.o)
                              c:/freescale/kds_3.0.0/toolchain/bin/../lib/gcc/arm-none-eabi/4.8.4/armv7e-m/fpu\libgcc.a(bpabi.o) (__divdi3)
c:/freescale/kds_3.0.0/toolchain/bin/../lib/gcc/arm-none-eabi/4.8.4/armv7e-m/fpu\libgcc.a(_udivdi3.o)
                              c:/freescale/kds_3.0.0/toolchain/bin/../lib/gcc/arm-none-eabi/4.8.4/armv7e-m/fpu\libgcc.a(bpabi.o) (__udivdi3)
c:/freescale/kds_3.0.0/toolchain/bin/../lib/gcc/arm-none-eabi/4.8.4/../../../../arm-none-eabi/lib/armv7e-m/fpu\libg_s.a(lib_a-assert.o)
                              ./SDK/platform/system/src/interrupt/fsl_interrupt_manager.o (__assert_func)
c:/freescale/kds_3.0.0/toolchain/bin/../lib/gcc/arm-none-eabi/4.8.4/../../../../arm-none-eabi/lib/armv7e-m/fpu\libg_s.a(lib_a-calloc.o)
                              ./SDK/platform/osa/src/fsl_os_abstraction_bm.o (calloc)
c:/freescale/kds_3.0.0/toolchain/bin/../lib/gcc/arm-none-eabi/4.8.4/../../../../arm-none-eabi/lib/armv7e-m/fpu\libg_s.a(lib_a-exit.o)
                              c:/freescale/kds_3.0.0/toolchain/bin/../lib/gcc/arm-none-eabi/4.8.4/../../../../arm-none-eabi/lib/armv7e-m/fpu/crt0.o (exit)
c:/freescale/kds_3.0.0/toolchain/bin/../lib/gcc/arm-none-eabi/4.8.4/../../../../arm-none-eabi/lib/armv7e-m/fpu\libg_s.a(lib_a-fprintf.o)
                              c:/freescale/kds_3.0.0/toolchain/bin/../lib/gcc/arm-none-eabi/4.8.4/../../../../arm-none-eabi/lib/armv7e-m/fpu\libg_s.a(lib_a-assert.o) (fiprintf)
c:/freescale/kds_3.0.0/toolchain/bin/../lib/gcc/arm-none-eabi/4.8.4/../../../../arm-none-eabi/lib/armv7e-m/fpu\libg_s.a(lib_a-impure.o)
                              c:/freescale/kds_3.0.0/toolchain/bin/../lib/gcc/arm-none-eabi/4.8.4/../../../../arm-none-eabi/lib/armv7e-m/fpu\libg_s.a(lib_a-exit.o) (_global_impure_ptr)
c:/freescale/kds_3.0.0/toolchain/bin/../lib/gcc/arm-none-eabi/4.8.4/../../../../arm-none-eabi/lib/armv7e-m/fpu\libg_s.a(lib_a-init.o)
                              c:/freescale/kds_3.0.0/toolchain/bin/../lib/gcc/arm-none-eabi/4.8.4/../../../../arm-none-eabi/lib/armv7e-m/fpu/crt0.o (__libc_init_array)
c:/freescale/kds_3.0.0/toolchain/bin/../lib/gcc/arm-none-eabi/4.8.4/../../../../arm-none-eabi/lib/armv7e-m/fpu\libg_s.a(lib_a-malloc.o)
                              ./SDK/platform/osa/src/fsl_os_abstraction_bm.o (malloc)
c:/freescale/kds_3.0.0/toolchain/bin/../lib/gcc/arm-none-eabi/4.8.4/../../../../arm-none-eabi/lib/armv7e-m/fpu\libg_s.a(lib_a-memcpy-stub.o)
                              ./SDK/platform/composite/src/sdcard/fsl_sdcard_spi.o (memcpy)
c:/freescale/kds_3.0.0/toolchain/bin/../lib/gcc/arm-none-eabi/4.8.4/../../../../arm-none-eabi/lib/armv7e-m/fpu\libg_s.a(lib_a-memset.o)
                              c:/freescale/kds_3.0.0/toolchain/bin/../lib/gcc/arm-none-eabi/4.8.4/../../../../arm-none-eabi/lib/armv7e-m/fpu/crt0.o (memset)
c:/freescale/kds_3.0.0/toolchain/bin/../lib/gcc/arm-none-eabi/4.8.4/../../../../arm-none-eabi/lib/armv7e-m/fpu\libg_s.a(lib_a-nano-callocr.o)
                              c:/freescale/kds_3.0.0/toolchain/bin/../lib/gcc/arm-none-eabi/4.8.4/../../../../arm-none-eabi/lib/armv7e-m/fpu\libg_s.a(lib_a-calloc.o) (_calloc_r)
c:/freescale/kds_3.0.0/toolchain/bin/../lib/gcc/arm-none-eabi/4.8.4/../../../../arm-none-eabi/lib/armv7e-m/fpu\libg_s.a(lib_a-nano-freer.o)
                              c:/freescale/kds_3.0.0/toolchain/bin/../lib/gcc/arm-none-eabi/4.8.4/../../../../arm-none-eabi/lib/armv7e-m/fpu\libg_s.a(lib_a-malloc.o) (_free_r)
c:/freescale/kds_3.0.0/toolchain/bin/../lib/gcc/arm-none-eabi/4.8.4/../../../../arm-none-eabi/lib/armv7e-m/fpu\libg_s.a(lib_a-nano-mallocr.o)
                              c:/freescale/kds_3.0.0/toolchain/bin/../lib/gcc/arm-none-eabi/4.8.4/../../../../arm-none-eabi/lib/armv7e-m/fpu\libg_s.a(lib_a-malloc.o) (_malloc_r)
c:/freescale/kds_3.0.0/toolchain/bin/../lib/gcc/arm-none-eabi/4.8.4/../../../../arm-none-eabi/lib/armv7e-m/fpu\libg_s.a(lib_a-sbrkr.o)
                              c:/freescale/kds_3.0.0/toolchain/bin/../lib/gcc/arm-none-eabi/4.8.4/../../../../arm-none-eabi/lib/armv7e-m/fpu\libg_s.a(lib_a-nano-mallocr.o) (_sbrk_r)
[...]
Memory Configuration

Name             Origin             Length             Attributes
m_interrupts     0x00000000         0x00000400         xr
m_flash_config   0x00000400         0x00000010         xr
m_interrupts_ram 0x1fff0000         0x00000400         rw
m_text           0x00000410         0x0007fbf0         xr
m_data           0x1fff0400         0x0000fc00         rw
m_data_2         0x20000000         0x00010000         rw
*default*        0x00000000         0xffffffff

Linker script and memory map

LOAD c:/freescale/kds_3.0.0/toolchain/bin/../lib/gcc/arm-none-eabi/4.8.4/armv7e-m/fpu/crti.o
LOAD c:/freescale/kds_3.0.0/toolchain/bin/../lib/gcc/arm-none-eabi/4.8.4/armv7e-m/fpu/crtbegin.o
LOAD c:/freescale/kds_3.0.0/toolchain/bin/../lib/gcc/arm-none-eabi/4.8.4/../../../../arm-none-eabi/lib/armv7e-m/fpu/crt0.o
LOAD ./Static_Code/System/PE_low_level_init.o
LOAD ./Sources/Events.o
LOAD ./Sources/main.o
LOAD ./Sources/spi_dspi_layer.o
LOAD ./SDK/platform/system/src/interrupt/fsl_interrupt_manager.o
LOAD ./SDK/platform/system/src/clock/MK22F51212/fsl_clock_MK22F51212.o
LOAD ./SDK/platform/system/src/clock/fsl_clock_manager.o
LOAD ./SDK/platform/system/src/clock/fsl_clock_manager_common.o
LOAD ./SDK/platform/osa/src/fsl_os_abstraction_bm.o
LOAD ./SDK/platform/hal/src/uart/fsl_uart_hal.o
LOAD ./SDK/platform/hal/src/sim/MK22F51212/fsl_sim_hal_MK22F51212.o
LOAD ./SDK/platform/hal/src/rtc/fsl_rtc_hal.o
LOAD ./SDK/platform/hal/src/port/fsl_port_hal.o
LOAD ./SDK/platform/hal/src/osc/fsl_osc_hal.o
LOAD ./SDK/platform/hal/src/mcg/fsl_mcg_hal.o
LOAD ./SDK/platform/hal/src/mcg/fsl_mcg_hal_modes.o
LOAD ./SDK/platform/hal/src/gpio/fsl_gpio_hal.o
LOAD ./SDK/platform/hal/src/dspi/fsl_dspi_hal.o
LOAD ./SDK/platform/hal/src/adc16/fsl_adc16_hal.o
LOAD ./SDK/platform/drivers/src/uart/fsl_uart_common.o
LOAD ./SDK/platform/drivers/src/uart/fsl_uart_driver.o
LOAD ./SDK/platform/drivers/src/rtc/fsl_rtc_common.o
LOAD ./SDK/platform/drivers/src/gpio/fsl_gpio_common.o
LOAD ./SDK/platform/drivers/src/gpio/fsl_gpio_driver.o
LOAD ./SDK/platform/drivers/src/dspi/fsl_dspi_common.o
LOAD ./SDK/platform/drivers/src/dspi/fsl_dspi_master_driver.o
LOAD ./SDK/platform/drivers/src/dspi/fsl_dspi_shared_function.o
LOAD ./SDK/platform/drivers/src/dspi/fsl_dspi_slave_driver.o
LOAD ./SDK/platform/drivers/src/adc16/fsl_adc16_common.o
LOAD ./SDK/platform/drivers/src/adc16/fsl_adc16_driver.o
LOAD ./SDK/platform/devices/MK22F51212/startup/gcc/startup_MK22F51212.o
LOAD ./SDK/platform/devices/MK22F51212/startup/system_MK22F51212.o
LOAD ./SDK/platform/devices/startup.o
LOAD ./SDK/platform/composite/src/sdcard/fsl_sdcard_spi.o
LOAD ./Generated_Code/Cpu.o
LOAD ./Generated_Code/DUT_ADC.o
LOAD ./Generated_Code/PORTC.o
LOAD ./Generated_Code/PORTE.o
LOAD ./Generated_Code/SD_CARD.o
LOAD ./Generated_Code/SELF_ADC.o
LOAD ./Generated_Code/SPI1.o
LOAD ./Generated_Code/clockMan1.o
LOAD ./Generated_Code/fsl_dspi1.o
LOAD ./Generated_Code/hardware_init.o
LOAD ./Generated_Code/osa1.o
LOAD ./Generated_Code/pin_mux.o
LOAD ./Generated_Code/uartCom1.o
LOAD c:/freescale/kds_3.0.0/toolchain/bin/../lib/gcc/arm-none-eabi/4.8.4/../../../../arm-none-eabi/lib/armv7e-m/fpu\libstdc++_s.a
LOAD c:/freescale/kds_3.0.0/toolchain/bin/../lib/gcc/arm-none-eabi/4.8.4/../../../../arm-none-eabi/lib/armv7e-m/fpu\libm.a
START GROUP
LOAD c:/freescale/kds_3.0.0/toolchain/bin/../lib/gcc/arm-none-eabi/4.8.4/armv7e-m/fpu\libgcc.a
LOAD c:/freescale/kds_3.0.0/toolchain/bin/../lib/gcc/arm-none-eabi/4.8.4/../../../../arm-none-eabi/lib/armv7e-m/fpu\libg_s.a
LOAD c:/freescale/kds_3.0.0/toolchain/bin/../lib/gcc/arm-none-eabi/4.8.4/../../../../arm-none-eabi/lib/armv7e-m/fpu\libc_s.a
END GROUP
START GROUP
LOAD c:/freescale/kds_3.0.0/toolchain/bin/../lib/gcc/arm-none-eabi/4.8.4/armv7e-m/fpu\libgcc.a
LOAD c:/freescale/kds_3.0.0/toolchain/bin/../lib/gcc/arm-none-eabi/4.8.4/../../../../arm-none-eabi/lib/armv7e-m/fpu\libc_s.a
LOAD c:/freescale/kds_3.0.0/toolchain/bin/../lib/gcc/arm-none-eabi/4.8.4/../../../../arm-none-eabi/lib/armv7e-m/fpu\libnosys.a
END GROUP
START GROUP
LOAD c:/freescale/kds_3.0.0/toolchain/bin/../lib/gcc/arm-none-eabi/4.8.4/armv7e-m/fpu\libgcc.a
LOAD c:/freescale/kds_3.0.0/toolchain/bin/../lib/gcc/arm-none-eabi/4.8.4/../../../../arm-none-eabi/lib/armv7e-m/fpu\libc_s.a
LOAD c:/freescale/kds_3.0.0/toolchain/bin/../lib/gcc/arm-none-eabi/4.8.4/../../../../arm-none-eabi/lib/armv7e-m/fpu\libnosys.a
END GROUP
LOAD c:/freescale/kds_3.0.0/toolchain/bin/../lib/gcc/arm-none-eabi/4.8.4/armv7e-m/fpu/crtend.o
LOAD c:/freescale/kds_3.0.0/toolchain/bin/../lib/gcc/arm-none-eabi/4.8.4/armv7e-m/fpu/crtn.o
                0x00000000                HEAP_SIZE = DEFINED (__heap_size__)?__heap_size__:0x0
                0x00000400                STACK_SIZE = DEFINED (__stack_size__)?__stack_size__:0x400

.interrupts     0x00000000      0x400
                0x00000000                __VECTOR_TABLE = .
                0x00000000                . = ALIGN (0x4)
 *(.isr_vector)
 .isr_vector    0x00000000      0x400 ./SDK/platform/devices/MK22F51212/startup/gcc/startup_MK22F51212.o
                0x00000000                __isr_vector
                0x00000400                . = ALIGN (0x4)
                0x1fff0000                __VECTOR_RAM = ORIGIN (m_interrupts_ram)

.flash_config   0x00000400       0x10
                0x00000400                . = ALIGN (0x4)
 *(.FlashConfig)
 .FlashConfig   0x00000400       0x10 ./SDK/platform/devices/MK22F51212/startup/gcc/startup_MK22F51212.o
                0x00000410                . = ALIGN (0x4)

.text           0x00000410     0x72f0
                0x00000410                . = ALIGN (0x4)
 *(.text)
 .text          0x00000410       0x54 c:/freescale/kds_3.0.0/toolchain/bin/../lib/gcc/arm-none-eabi/4.8.4/armv7e-m/fpu/crtbegin.o
 .text          0x00000464       0x74 c:/freescale/kds_3.0.0/toolchain/bin/../lib/gcc/arm-none-eabi/4.8.4/../../../../arm-none-eabi/lib/armv7e-m/fpu/crt0.o
                0x00000464                _start
                0x00000464                _mainCRTStartup
 .text          0x000004d8       0x14 ./SDK/platform/devices/MK22F51212/startup/gcc/startup_MK22F51212.o
                0x000004d8                Reset_Handler
                0x000004e8                Reserved54_IRQHandler
                0x000004e8                DebugMon_Handler
                0x000004e8                I2C0_IRQHandler
                0x000004e8                HardFault_Handler
                0x000004e8                Reserved86_IRQHandler
                0x000004e8                Reserved85_IRQHandler
                0x000004e8                PendSV_Handler
                0x000004e8                NMI_Handler
                0x000004e8                UART0_RX_TX_IRQHandler
                0x000004e8                I2C1_IRQHandler
                0x000004e8                DMA2_IRQHandler
                0x000004e8                Reserved99_IRQHandler
                0x000004e8                PIT0_IRQHandler
                0x000004e8                LLWU_IRQHandler
                0x000004e8                Reserved84_IRQHandler
                0x000004e8                Reserved92_IRQHandler
                0x000004e8                UART2_RX_TX_IRQHandler
                0x000004e8                SWI_IRQHandler
                0x000004e8                UsageFault_Handler
                0x000004e8                I2S0_Tx_IRQHandler
                0x000004e8                DefaultISR
                0x000004e8                DMA9_IRQHandler
                0x000004e8                DMA14_IRQHandler
                0x000004e8                Reserved82_IRQHandler
                0x000004e8                CMP1_IRQHandler
                0x000004e8                Reserved71_IRQHandler
                0x000004e8                PORTD_IRQHandler
                0x000004e8                PORTB_IRQHandler
                0x000004e8                Reserved70_IRQHandler
                0x000004e8                PIT2_IRQHandler
                0x000004e8                I2S0_Rx_IRQHandler
                0x000004e8                Reserved53_IRQHandler
                0x000004e8                DMA5_IRQHandler
                0x000004e8                RTC_IRQHandler
                0x000004e8                PDB0_IRQHandler
                0x000004e8                Reserved96_IRQHandler
                0x000004e8                FTM1_IRQHandler
                0x000004e8                Reserved61_IRQHandler
                0x000004e8                Reserved95_IRQHandler
                0x000004e8                PIT3_IRQHandler
                0x000004e8                RTC_Seconds_IRQHandler
                0x000004e8                MCG_IRQHandler
                0x000004e8                UART2_ERR_IRQHandler
                0x000004e8                DMA11_IRQHandler
                0x000004e8                Read_Collision_IRQHandler
                0x000004e8                Reserved98_IRQHandler
                0x000004e8                DMA7_IRQHandler
                0x000004e8                Reserved101_IRQHandler
                0x000004e8                USB0_IRQHandler
                0x000004e8                WDOG_EWM_IRQHandler
                0x000004e8                MemManage_Handler
                0x000004e8                Reserved90_IRQHandler
                0x000004e8                Reserved83_IRQHandler
                0x000004e8                SVC_Handler
                0x000004e8                DMA13_IRQHandler
                0x000004e8                DMA3_IRQHandler
                0x000004e8                Reserved100_IRQHandler
                0x000004e8                RNG_IRQHandler
                0x000004e8                DMA0_IRQHandler
                0x000004e8                Reserved97_IRQHandler
                0x000004e8                Reserved91_IRQHandler
                0x000004e8                LPUART0_IRQHandler
                0x000004e8                DMA15_IRQHandler
                0x000004e8                DAC0_IRQHandler
                0x000004e8                Reserved81_IRQHandler
                0x000004e8                Reserved94_IRQHandler
                0x000004e8                DMA4_IRQHandler
                0x000004e8                PIT1_IRQHandler
                0x000004e8                UART0_ERR_IRQHandler
                0x000004e8                DMA_Error_IRQHandler
                0x000004e8                LVD_LVW_IRQHandler
                0x000004e8                FTM0_IRQHandler
                0x000004e8                PORTA_IRQHandler
                0x000004e8                DAC1_IRQHandler
                0x000004e8                MCM_IRQHandler
                0x000004e8                DMA12_IRQHandler
                0x000004e8                FTM3_IRQHandler
                0x000004e8                PORTE_IRQHandler
                0x000004e8                FTM2_IRQHandler
                0x000004e8                LPTMR0_IRQHandler
                0x000004e8                BusFault_Handler
                0x000004e8                DMA8_IRQHandler
                0x000004e8                Reserved93_IRQHandler
                0x000004e8                DMA10_IRQHandler
                0x000004e8                UART1_ERR_IRQHandler
                0x000004e8                CMP0_IRQHandler
                0x000004e8                PORTC_IRQHandler
                0x000004e8                DMA6_IRQHandler
                0x000004e8                FTF_IRQHandler
                0x000004e8                DMA1_IRQHandler
 .text          0x000004ec       0x2c c:/freescale/kds_3.0.0/toolchain/bin/../lib/gcc/arm-none-eabi/4.8.4/armv7e-m/fpu\libgcc.a(_aeabi_uldivmod.o)
                0x000004ec                __aeabi_uldivmod
 .text          0x00000518       0x60 c:/freescale/kds_3.0.0/toolchain/bin/../lib/gcc/arm-none-eabi/4.8.4/armv7e-m/fpu\libgcc.a(bpabi.o)
                0x00000518                __gnu_ldivmod_helper
                0x00000548                __gnu_uldivmod_helper
 .text          0x00000578        0x4 c:/freescale/kds_3.0.0/toolchain/bin/../lib/gcc/arm-none-eabi/4.8.4/armv7e-m/fpu\libgcc.a(_dvmd_tls.o)
                0x00000578                __aeabi_idiv0
                0x00000578                __aeabi_ldiv0
 .text          0x0000057c      0x298 c:/freescale/kds_3.0.0/toolchain/bin/../lib/gcc/arm-none-eabi/4.8.4/armv7e-m/fpu\libgcc.a(_divdi3.o)
                0x0000057c                __divdi3
 .text          0x00000814      0x284 c:/freescale/kds_3.0.0/toolchain/bin/../lib/gcc/arm-none-eabi/4.8.4/armv7e-m/fpu\libgcc.a(_udivdi3.o)
                0x00000814                __udivdi3
 *(.text*)
 .text.PEX_components_init
                0x00000a98        0xc ./Static_Code/System/PE_low_level_init.o
                0x00000a98                PEX_components_init
 .text.PE_low_level_init
                0x00000aa4       0x14 ./Static_Code/System/PE_low_level_init.o
                0x00000aa4                PE_low_level_init
 .text.SPI0_IRQHandler
                0x00000ab8        0xc ./Sources/Events.o
                0x00000ab8                SPI0_IRQHandler
 .text.ADC0_IRQHandler
                0x00000ac4        0xc ./Sources/Events.o
                0x00000ac4                ADC0_IRQHandler
 .text.ADC1_IRQHandler
                0x00000ad0        0xc ./Sources/Events.o
                0x00000ad0                ADC1_IRQHandler
 .text.SPI1_IRQHandler
                0x00000adc        0xc ./Sources/Events.o
                0x00000adc                SPI1_IRQHandler
 .text.uartCom1_RxCallback
                0x00000ae8       0x14 ./Sources/Events.o
                0x00000ae8                uartCom1_RxCallback
 .text.uartCom1_TxCallback
                0x00000afc       0x14 ./Sources/Events.o
                0x00000afc                uartCom1_TxCallback
 .text.main     0x00000b10       0x10 ./Sources/main.o
                0x00000b10                main
 .text.GetSpiMaxFrequency
                0x00000b20       0x18 ./Sources/spi_dspi_layer.o
                0x00000b20                GetSpiMaxFrequency
 .text.SetSpiFrequency
                0x00000b38       0x28 ./Sources/spi_dspi_layer.o
                0x00000b38                SetSpiFrequency
 .text.spiExchange
                0x00000b60       0x20 ./Sources/spi_dspi_layer.o
                0x00000b60                spiExchange
 .text.spiSendWord
                0x00000b80       0x20 ./Sources/spi_dspi_layer.o
                0x00000b80                spiSendWord
 .text.INT_SYS_EnableIRQGlobal
                0x00000ba0       0x30 ./SDK/platform/system/src/interrupt/fsl_interrupt_manager.o
                0x00000ba0                INT_SYS_EnableIRQGlobal
 .text.INT_SYS_DisableIRQGlobal
                0x00000bd0       0x1c ./SDK/platform/system/src/interrupt/fsl_interrupt_manager.o
                0x00000bd0                INT_SYS_DisableIRQGlobal
 .text.SIM_HAL_EnableClock
                0x00000bec       0x44 ./SDK/platform/system/src/clock/MK22F51212/fsl_clock_MK22F51212.o
 .text.CLOCK_HAL_GetExternalRefClock32kSrc
                0x00000c30       0x20 ./SDK/platform/system/src/clock/MK22F51212/fsl_clock_MK22F51212.o
 .text.CLOCK_HAL_GetRtcClkOutSel
                0x00000c50       0x28 ./SDK/platform/system/src/clock/MK22F51212/fsl_clock_MK22F51212.o
 .text.CLOCK_HAL_GetOutDiv1
                0x00000c78       0x24 ./SDK/platform/system/src/clock/MK22F51212/fsl_clock_MK22F51212.o
 .text.CLOCK_HAL_GetOutDiv2
                0x00000c9c       0x28 ./SDK/platform/system/src/clock/MK22F51212/fsl_clock_MK22F51212.o
 .text.CLOCK_HAL_GetOutDiv3
                0x00000cc4       0x28 ./SDK/platform/system/src/clock/MK22F51212/fsl_clock_MK22F51212.o
 .text.CLOCK_HAL_GetOutDiv4
                0x00000cec       0x28 ./SDK/platform/system/src/clock/MK22F51212/fsl_clock_MK22F51212.o
 .text.CLOCK_SYS_GetLpoClockFreq
                0x00000d14       0x14 ./SDK/platform/system/src/clock/MK22F51212/fsl_clock_MK22F51212.o
 .text.CLOCK_SYS_GetSystickFreq
                0x00000d28       0x10 ./SDK/platform/system/src/clock/MK22F51212/fsl_clock_MK22F51212.o
 .text.OSC_HAL_GetExternalRefClkCmd
                0x00000d38       0x2c ./SDK/platform/system/src/clock/MK22F51212/fsl_clock_MK22F51212.o
 .text.OSC_HAL_GetExternalRefClkDiv
                0x00000d64       0x20 ./SDK/platform/system/src/clock/MK22F51212/fsl_clock_MK22F51212.o
 .text.CLOCK_SYS_GetFixedFreqClockFreq
                0x00000d84       0x14 ./SDK/platform/system/src/clock/MK22F51212/fsl_clock_MK22F51212.o
 .text.CLOCK_SYS_GetRtcOutSrc
                0x00000d98       0x14 ./SDK/platform/system/src/clock/MK22F51212/fsl_clock_MK22F51212.o
 .text.CLOCK_SYS_GetFreq
                0x00000dac      0x168 ./SDK/platform/system/src/clock/MK22F51212/fsl_clock_MK22F51212.o
                0x00000dac                CLOCK_SYS_GetFreq
 .text.CLOCK_SYS_GetCoreClockFreq
                0x00000f14       0x28 ./SDK/platform/system/src/clock/MK22F51212/fsl_clock_MK22F51212.o
                0x00000f14                CLOCK_SYS_GetCoreClockFreq
 .text.CLOCK_SYS_GetSystemClockFreq
                0x00000f3c       0x28 ./SDK/platform/system/src/clock/MK22F51212/fsl_clock_MK22F51212.o
                0x00000f3c                CLOCK_SYS_GetSystemClockFreq
 .text.CLOCK_SYS_GetBusClockFreq
                0x00000f64       0x28 ./SDK/platform/system/src/clock/MK22F51212/fsl_clock_MK22F51212.o
                0x00000f64                CLOCK_SYS_GetBusClockFreq
 .text.CLOCK_SYS_GetFlexbusFreq
                0x00000f8c       0x28 ./SDK/platform/system/src/clock/MK22F51212/fsl_clock_MK22F51212.o
                0x00000f8c                CLOCK_SYS_GetFlexbusFreq
 .text.CLOCK_SYS_GetFlashClockFreq
                0x00000fb4       0x28 ./SDK/platform/system/src/clock/MK22F51212/fsl_clock_MK22F51212.o
                0x00000fb4                CLOCK_SYS_GetFlashClockFreq
 .text.CLOCK_SYS_GetRtcOutFreq
                0x00000fdc       0x24 ./SDK/platform/system/src/clock/MK22F51212/fsl_clock_MK22F51212.o
                0x00000fdc                CLOCK_SYS_GetRtcOutFreq
 .text.CLOCK_SYS_GetExternalRefClock32kFreq
                0x00001000       0x60 ./SDK/platform/system/src/clock/MK22F51212/fsl_clock_MK22F51212.o
                0x00001000                CLOCK_SYS_GetExternalRefClock32kFreq
 .text.CLOCK_SYS_GetOsc0ExternalRefClockUndivFreq
                0x00001060       0x28 ./SDK/platform/system/src/clock/MK22F51212/fsl_clock_MK22F51212.o
                0x00001060                CLOCK_SYS_GetOsc0ExternalRefClockUndivFreq
 .text.CLOCK_SYS_GetOsc0ExternalRefClockFreq
                0x00001088       0x24 ./SDK/platform/system/src/clock/MK22F51212/fsl_clock_MK22F51212.o
                0x00001088                CLOCK_SYS_GetOsc0ExternalRefClockFreq
 .text.CLOCK_SYS_GetUartFreq
                0x000010ac       0x34 ./SDK/platform/system/src/clock/MK22F51212/fsl_clock_MK22F51212.o
                0x000010ac                CLOCK_SYS_GetUartFreq
 .text.CLOCK_SYS_EnablePortClock
                0x000010e0       0x48 ./SDK/platform/system/src/clock/MK22F51212/fsl_clock_MK22F51212.o
                0x000010e0                CLOCK_SYS_EnablePortClock
 .text.CLOCK_SYS_EnableAdcClock
                0x00001128       0x48 ./SDK/platform/system/src/clock/MK22F51212/fsl_clock_MK22F51212.o
                0x00001128                CLOCK_SYS_EnableAdcClock
 .text.CLOCK_SYS_EnableSpiClock
                0x00001170       0x48 ./SDK/platform/system/src/clock/MK22F51212/fsl_clock_MK22F51212.o
                0x00001170                CLOCK_SYS_EnableSpiClock
 .text.CLOCK_SYS_EnableUartClock
                0x000011b8       0x48 ./SDK/platform/system/src/clock/MK22F51212/fsl_clock_MK22F51212.o
                0x000011b8                CLOCK_SYS_EnableUartClock
 .text.OSA_SemaCreate
                0x00001200       0x4c ./SDK/platform/osa/src/fsl_os_abstraction_bm.o
                0x00001200                OSA_SemaCreate
 .text.OSA_SemaPost
                0x0000124c       0x54 ./SDK/platform/osa/src/fsl_os_abstraction_bm.o
                0x0000124c                OSA_SemaPost
 .text.OSA_EventSet
                0x000012a0       0x48 ./SDK/platform/osa/src/fsl_os_abstraction_bm.o
                0x000012a0                OSA_EventSet
 .text.task_init
                0x000012e8       0x64 ./SDK/platform/osa/src/fsl_os_abstraction_bm.o
                0x000012e8                task_init
 .text.OSA_MemAllocZero
                0x0000134c       0x1c ./SDK/platform/osa/src/fsl_os_abstraction_bm.o
                0x0000134c                OSA_MemAllocZero
 .text.OSA_MemFree
                0x00001368       0x18 ./SDK/platform/osa/src/fsl_os_abstraction_bm.o
                0x00001368                OSA_MemFree
 .text.OSA_Init
                0x00001380       0x14 ./SDK/platform/osa/src/fsl_os_abstraction_bm.o
                0x00001380                OSA_Init
 .text.OSA_Start
                0x00001394       0x38 ./SDK/platform/osa/src/fsl_os_abstraction_bm.o
                0x00001394                OSA_Start
 .text.UART_HAL_Init
                0x000013cc       0x74 ./SDK/platform/hal/src/uart/fsl_uart_hal.o
                0x000013cc                UART_HAL_Init
 .text.UART_HAL_SetBaudRate
                0x00001440       0xa0 ./SDK/platform/hal/src/uart/fsl_uart_hal.o
                0x00001440                UART_HAL_SetBaudRate
 .text.UART_HAL_SetParityMode
                0x000014e0       0x40 ./SDK/platform/hal/src/uart/fsl_uart_hal.o
                0x000014e0                UART_HAL_SetParityMode
 .text.UART_HAL_Putchar
                0x00001520       0x28 ./SDK/platform/hal/src/uart/fsl_uart_hal.o
                0x00001520                UART_HAL_Putchar
 .text.UART_HAL_Getchar
                0x00001548       0x2c ./SDK/platform/hal/src/uart/fsl_uart_hal.o
                0x00001548                UART_HAL_Getchar
 .text.UART_HAL_SetIntMode
                0x00001574      0x114 ./SDK/platform/hal/src/uart/fsl_uart_hal.o
                0x00001574                UART_HAL_SetIntMode
 .text.UART_HAL_GetStatusFlag
                0x00001688       0xb8 ./SDK/platform/hal/src/uart/fsl_uart_hal.o
                0x00001688                UART_HAL_GetStatusFlag
 .text.UART_HAL_ClearStatusFlag
                0x00001740       0xb0 ./SDK/platform/hal/src/uart/fsl_uart_hal.o
                0x00001740                UART_HAL_ClearStatusFlag
 .text.UART_HAL_SetTxFifoCmd
                0x000017f0       0x5c ./SDK/platform/hal/src/uart/fsl_uart_hal.o
                0x000017f0                UART_HAL_SetTxFifoCmd
 .text.UART_HAL_SetRxFifoCmd
                0x0000184c       0x5c ./SDK/platform/hal/src/uart/fsl_uart_hal.o
                0x0000184c                UART_HAL_SetRxFifoCmd
 .text.UART_HAL_FlushTxFifo
                0x000018a8       0x40 ./SDK/platform/hal/src/uart/fsl_uart_hal.o
                0x000018a8                UART_HAL_FlushTxFifo
 .text.UART_HAL_FlushRxFifo
                0x000018e8       0x40 ./SDK/platform/hal/src/uart/fsl_uart_hal.o
                0x000018e8                UART_HAL_FlushRxFifo
 .text.UART_HAL_SetTxFifoWatermark
                0x00001928       0x38 ./SDK/platform/hal/src/uart/fsl_uart_hal.o
                0x00001928                UART_HAL_SetTxFifoWatermark
 .text.UART_HAL_SetRxFifoWatermark
                0x00001960       0x38 ./SDK/platform/hal/src/uart/fsl_uart_hal.o
                0x00001960                UART_HAL_SetRxFifoWatermark
 .text.CLOCK_HAL_GetClkOutStat
                0x00001998       0x24 ./SDK/platform/hal/src/mcg/fsl_mcg_hal.o
 .text.CLOCK_HAL_IsPllSelected
                0x000019bc       0x30 ./SDK/platform/hal/src/mcg/fsl_mcg_hal.o
 .text.CLOCK_HAL_TestOscFreq
                0x000019ec       0x50 ./SDK/platform/hal/src/mcg/fsl_mcg_hal.o
                0x000019ec                CLOCK_HAL_TestOscFreq
 .text.CLOCK_HAL_GetMcgExternalClkFreq
                0x00001a3c       0x28 ./SDK/platform/hal/src/mcg/fsl_mcg_hal.o
 .text.CLOCK_HAL_TestFllExternalRefFreq
                0x00001a64       0x90 ./SDK/platform/hal/src/mcg/fsl_mcg_hal.o
                0x00001a64                CLOCK_HAL_TestFllExternalRefFreq
 .text.CLOCK_HAL_GetFllRefClk
                0x00001af4       0x74 ./SDK/platform/hal/src/mcg/fsl_mcg_hal.o
                0x00001af4                CLOCK_HAL_GetFllRefClk
 .text.CLOCK_HAL_TestFllFreq
                0x00001b68       0x5c ./SDK/platform/hal/src/mcg/fsl_mcg_hal.o
                0x00001b68                CLOCK_HAL_TestFllFreq
 .text.CLOCK_HAL_GetFllClk
                0x00001bc4       0x60 ./SDK/platform/hal/src/mcg/fsl_mcg_hal.o
                0x00001bc4                CLOCK_HAL_GetFllClk
 .text.CLOCK_HAL_GetPll0RefFreq
                0x00001c24       0x18 ./SDK/platform/hal/src/mcg/fsl_mcg_hal.o
                0x00001c24                CLOCK_HAL_GetPll0RefFreq
 .text.CLOCK_HAL_GetPll0Clk
                0x00001c3c       0x7c ./SDK/platform/hal/src/mcg/fsl_mcg_hal.o
                0x00001c3c                CLOCK_HAL_GetPll0Clk
 .text.CLOCK_HAL_GetInternalRefClk
                0x00001cb8       0x64 ./SDK/platform/hal/src/mcg/fsl_mcg_hal.o
                0x00001cb8                CLOCK_HAL_GetInternalRefClk
 .text.CLOCK_HAL_GetFixedFreqClk
                0x00001d1c       0x34 ./SDK/platform/hal/src/mcg/fsl_mcg_hal.o
                0x00001d1c                CLOCK_HAL_GetFixedFreqClk
 .text.CLOCK_HAL_GetOutClk
                0x00001d50       0x68 ./SDK/platform/hal/src/mcg/fsl_mcg_hal.o
                0x00001d50                CLOCK_HAL_GetOutClk
 .text.GPIO_HAL_SetPinDir
                0x00001db8       0x60 ./SDK/platform/hal/src/gpio/fsl_gpio_hal.o
                0x00001db8                GPIO_HAL_SetPinDir
 .text.GPIO_HAL_WritePinOutput
                0x00001e18       0x4c ./SDK/platform/hal/src/gpio/fsl_gpio_hal.o
                0x00001e18                GPIO_HAL_WritePinOutput
 .text.DSPI_HAL_Enable
                0x00001e64       0x20 ./SDK/platform/hal/src/dspi/fsl_dspi_hal.o
 .text.DSPI_HAL_Disable
                0x00001e84       0x20 ./SDK/platform/hal/src/dspi/fsl_dspi_hal.o
 .text.DSPI_HAL_IsMaster
                0x00001ea4       0x1c ./SDK/platform/hal/src/dspi/fsl_dspi_hal.o
 .text.DSPI_HAL_Init
                0x00001ec0       0x7c ./SDK/platform/hal/src/dspi/fsl_dspi_hal.o
                0x00001ec0                DSPI_HAL_Init
 .text.DSPI_HAL_SetBaudRate
                0x00001f3c      0x14c ./SDK/platform/hal/src/dspi/fsl_dspi_hal.o
                0x00001f3c                DSPI_HAL_SetBaudRate
 .text.DSPI_HAL_SetPcsPolarityMode
                0x00002088       0x58 ./SDK/platform/hal/src/dspi/fsl_dspi_hal.o
                0x00002088                DSPI_HAL_SetPcsPolarityMode
 .text.DSPI_HAL_SetFifoCmd
                0x000020e0       0x64 ./SDK/platform/hal/src/dspi/fsl_dspi_hal.o
                0x000020e0                DSPI_HAL_SetFifoCmd
 .text.DSPI_HAL_SetDataFormat
                0x00002144      0x128 ./SDK/platform/hal/src/dspi/fsl_dspi_hal.o
                0x00002144                DSPI_HAL_SetDataFormat
 .text.DSPI_HAL_SetDelay
                0x0000226c      0x114 ./SDK/platform/hal/src/dspi/fsl_dspi_hal.o
                0x0000226c                DSPI_HAL_SetDelay
 .text.DSPI_HAL_SetTxFifoFillDmaIntMode
                0x00002380       0x3c ./SDK/platform/hal/src/dspi/fsl_dspi_hal.o
                0x00002380                DSPI_HAL_SetTxFifoFillDmaIntMode
 .text.DSPI_HAL_SetRxFifoDrainDmaIntMode
                0x000023bc       0x3c ./SDK/platform/hal/src/dspi/fsl_dspi_hal.o
                0x000023bc                DSPI_HAL_SetRxFifoDrainDmaIntMode
 .text.DSPI_HAL_SetIntMode
                0x000023f8       0x3c ./SDK/platform/hal/src/dspi/fsl_dspi_hal.o
                0x000023f8                DSPI_HAL_SetIntMode
 .text.DSPI_HAL_GetFormattedCommand
                0x00002434       0x40 ./SDK/platform/hal/src/dspi/fsl_dspi_hal.o
                0x00002434                DSPI_HAL_GetFormattedCommand
 .text.ADC16_HAL_Init
                0x00002474       0x38 ./SDK/platform/hal/src/adc16/fsl_adc16_hal.o
                0x00002474                ADC16_HAL_Init
 .text.ADC16_HAL_ConfigChn
                0x000024ac       0x70 ./SDK/platform/hal/src/adc16/fsl_adc16_hal.o
                0x000024ac                ADC16_HAL_ConfigChn
 .text.ADC16_HAL_ConfigConverter
                0x0000251c      0x12c ./SDK/platform/hal/src/adc16/fsl_adc16_hal.o
                0x0000251c                ADC16_HAL_ConfigConverter
 .text.NVIC_EnableIRQ
                0x00002648       0x30 ./SDK/platform/drivers/src/uart/fsl_uart_driver.o
 .text.UART_HAL_EnableTransmitter
                0x00002678       0x24 ./SDK/platform/drivers/src/uart/fsl_uart_driver.o
 .text.UART_HAL_EnableReceiver
                0x0000269c       0x24 ./SDK/platform/drivers/src/uart/fsl_uart_driver.o
 .text.UART_HAL_SetBitCountPerChar
                0x000026c0       0x28 ./SDK/platform/drivers/src/uart/fsl_uart_driver.o
 .text.UART_HAL_GetTxFifoSize
                0x000026e8       0x24 ./SDK/platform/drivers/src/uart/fsl_uart_driver.o
 .text.UART_HAL_GetTxDatawordCountInFifo
                0x0000270c       0x1c ./SDK/platform/drivers/src/uart/fsl_uart_driver.o
 .text.UART_HAL_GetRxDatawordCountInFifo
                0x00002728       0x1c ./SDK/platform/drivers/src/uart/fsl_uart_driver.o
 .text.INT_SYS_EnableIRQ
                0x00002744       0x54 ./SDK/platform/drivers/src/uart/fsl_uart_driver.o
 .text.UART_DRV_Init
                0x00002798      0x180 ./SDK/platform/drivers/src/uart/fsl_uart_driver.o
                0x00002798                UART_DRV_Init
 .text.UART_DRV_InstallRxCallback
                0x00002918       0x84 ./SDK/platform/drivers/src/uart/fsl_uart_driver.o
                0x00002918                UART_DRV_InstallRxCallback
 .text.UART_DRV_InstallTxCallback
                0x0000299c       0x60 ./SDK/platform/drivers/src/uart/fsl_uart_driver.o
                0x0000299c                UART_DRV_InstallTxCallback
 .text.UART_DRV_IRQHandler
                0x000029fc      0x170 ./SDK/platform/drivers/src/uart/fsl_uart_driver.o
                0x000029fc                UART_DRV_IRQHandler
 .text.UART_DRV_CompleteSendData
                0x00002b6c       0x74 ./SDK/platform/drivers/src/uart/fsl_uart_driver.o
 .text.UART_DRV_CompleteReceiveData
                0x00002be0       0x80 ./SDK/platform/drivers/src/uart/fsl_uart_driver.o
 .text.NVIC_EnableIRQ
                0x00002c60       0x30 ./SDK/platform/drivers/src/gpio/fsl_gpio_driver.o
 .text.PORT_HAL_SetPullMode
                0x00002c90       0x44 ./SDK/platform/drivers/src/gpio/fsl_gpio_driver.o
 .text.PORT_HAL_SetPullCmd
                0x00002cd4       0x48 ./SDK/platform/drivers/src/gpio/fsl_gpio_driver.o
 .text.PORT_HAL_SetSlewRateMode
                0x00002d1c       0x48 ./SDK/platform/drivers/src/gpio/fsl_gpio_driver.o
 .text.PORT_HAL_SetPassiveFilterCmd
                0x00002d64       0x48 ./SDK/platform/drivers/src/gpio/fsl_gpio_driver.o
 .text.PORT_HAL_SetOpenDrainCmd
                0x00002dac       0x48 ./SDK/platform/drivers/src/gpio/fsl_gpio_driver.o
 .text.PORT_HAL_SetDriveStrengthMode
                0x00002df4       0x48 ./SDK/platform/drivers/src/gpio/fsl_gpio_driver.o
 .text.PORT_HAL_SetMuxMode
                0x00002e3c       0x58 ./SDK/platform/drivers/src/gpio/fsl_gpio_driver.o
 .text.PORT_HAL_SetDigitalFilterCmd
                0x00002e94       0x4c ./SDK/platform/drivers/src/gpio/fsl_gpio_driver.o
 .text.PORT_HAL_SetPinIntMode
                0x00002ee0       0x58 ./SDK/platform/drivers/src/gpio/fsl_gpio_driver.o
 .text.INT_SYS_EnableIRQ
                0x00002f38       0x54 ./SDK/platform/drivers/src/gpio/fsl_gpio_driver.o
 .text.GPIO_DRV_Init
                0x00002f8c       0x50 ./SDK/platform/drivers/src/gpio/fsl_gpio_driver.o
                0x00002f8c                GPIO_DRV_Init
 .text.GPIO_DRV_InputPinInit
                0x00002fdc       0xc4 ./SDK/platform/drivers/src/gpio/fsl_gpio_driver.o
                0x00002fdc                GPIO_DRV_InputPinInit
 .text.GPIO_DRV_OutputPinInit
                0x000030a0       0x90 ./SDK/platform/drivers/src/gpio/fsl_gpio_driver.o
                0x000030a0                GPIO_DRV_OutputPinInit
 .text.NVIC_EnableIRQ
                0x00003130       0x30 ./SDK/platform/drivers/src/dspi/fsl_dspi_master_driver.o
 .text.DSPI_HAL_Enable
                0x00003160       0x20 ./SDK/platform/drivers/src/dspi/fsl_dspi_master_driver.o
 .text.DSPI_HAL_SetMasterSlaveMode
                0x00003180       0x24 ./SDK/platform/drivers/src/dspi/fsl_dspi_master_driver.o
 .text.DSPI_HAL_SetContinuousSckCmd
                0x000031a4       0x24 ./SDK/platform/drivers/src/dspi/fsl_dspi_master_driver.o
 .text.DSPI_HAL_StartTransfer
                0x000031c8       0x20 ./SDK/platform/drivers/src/dspi/fsl_dspi_master_driver.o
 .text.DSPI_HAL_GetStatusFlag
                0x000031e8       0x30 ./SDK/platform/drivers/src/dspi/fsl_dspi_master_driver.o
 .text.DSPI_HAL_ClearStatusFlag
                0x00003218       0x20 ./SDK/platform/drivers/src/dspi/fsl_dspi_master_driver.o
 .text.DSPI_HAL_ReadData
                0x00003238       0x18 ./SDK/platform/drivers/src/dspi/fsl_dspi_master_driver.o
 .text.DSPI_HAL_WriteCmdDataMastermode
                0x00003250       0x1c ./SDK/platform/drivers/src/dspi/fsl_dspi_master_driver.o
 .text.CLOCK_SYS_GetSpiFreq
                0x0000326c       0x18 ./SDK/platform/drivers/src/dspi/fsl_dspi_master_driver.o
 .text.INT_SYS_EnableIRQ
                0x00003284       0x54 ./SDK/platform/drivers/src/dspi/fsl_dspi_master_driver.o
 .text.DSPI_DRV_MasterInit
                0x000032d8       0xe4 ./SDK/platform/drivers/src/dspi/fsl_dspi_master_driver.o
                0x000032d8                DSPI_DRV_MasterInit
 .text.DSPI_DRV_MasterConfigureBus
                0x000033bc       0x8c ./SDK/platform/drivers/src/dspi/fsl_dspi_master_driver.o
                0x000033bc                DSPI_DRV_MasterConfigureBus
 .text.DSPI_DRV_MasterFillupTxFifo
                0x00003448      0x1e4 ./SDK/platform/drivers/src/dspi/fsl_dspi_master_driver.o
 .text.DSPI_DRV_MasterCompleteTransfer
                0x0000362c       0x5c ./SDK/platform/drivers/src/dspi/fsl_dspi_master_driver.o
 .text.DSPI_DRV_MasterIRQHandler
                0x00003688      0x13c ./SDK/platform/drivers/src/dspi/fsl_dspi_master_driver.o
                0x00003688                DSPI_DRV_MasterIRQHandler
 .text.DSPI_HAL_IsMaster
                0x000037c4       0x1c ./SDK/platform/drivers/src/dspi/fsl_dspi_shared_function.o
 .text.DSPI_DRV_IRQHandler
                0x000037e0       0x54 ./SDK/platform/drivers/src/dspi/fsl_dspi_shared_function.o
                0x000037e0                DSPI_DRV_IRQHandler
 .text.DSPI_HAL_GetIntMode
                0x00003834       0x30 ./SDK/platform/drivers/src/dspi/fsl_dspi_slave_driver.o
 .text.DSPI_HAL_GetStatusFlag
                0x00003864       0x30 ./SDK/platform/drivers/src/dspi/fsl_dspi_slave_driver.o
 .text.DSPI_HAL_ClearStatusFlag
                0x00003894       0x20 ./SDK/platform/drivers/src/dspi/fsl_dspi_slave_driver.o
 .text.DSPI_HAL_ReadData
                0x000038b4       0x18 ./SDK/platform/drivers/src/dspi/fsl_dspi_slave_driver.o
 .text.DSPI_HAL_WriteDataSlavemode
                0x000038cc       0x1c ./SDK/platform/drivers/src/dspi/fsl_dspi_slave_driver.o
 .text.DSPI_DRV_SlaveIRQHandler
                0x000038e8      0x1fc ./SDK/platform/drivers/src/dspi/fsl_dspi_slave_driver.o
                0x000038e8                DSPI_DRV_SlaveIRQHandler
 .text.DSPI_DRV_SlaveCompleteTransfer
                0x00003ae4       0x84 ./SDK/platform/drivers/src/dspi/fsl_dspi_slave_driver.o
 .text.NVIC_EnableIRQ
                0x00003b68       0x30 ./SDK/platform/drivers/src/adc16/fsl_adc16_driver.o
 .text.INT_SYS_EnableIRQ
                0x00003b98       0x54 ./SDK/platform/drivers/src/adc16/fsl_adc16_driver.o
 .text.ADC16_DRV_Init
                0x00003bec       0x74 ./SDK/platform/drivers/src/adc16/fsl_adc16_driver.o
                0x00003bec                ADC16_DRV_Init
 .text.ADC16_DRV_ConfigConvChn
                0x00003c60       0x58 ./SDK/platform/drivers/src/adc16/fsl_adc16_driver.o
                0x00003c60                ADC16_DRV_ConfigConvChn
 .text.SystemInit
                0x00003cb8      0x1c4 ./SDK/platform/devices/MK22F51212/startup/system_MK22F51212.o
                0x00003cb8                SystemInit
 .text.init_data_bss
                0x00003e7c       0xcc ./SDK/platform/devices/startup.o
                0x00003e7c                init_data_bss
 .text.SDSPI_DRV_GenerateCRC7
                0x00003f48       0x80 ./SDK/platform/composite/src/sdcard/fsl_sdcard_spi.o
 .text.SDSPI_DRV_WaitReady
                0x00003fc8       0x4c ./SDK/platform/composite/src/sdcard/fsl_sdcard_spi.o
 .text.SDSPI_DRV_SendCommand
                0x00004014      0x1f4 ./SDK/platform/composite/src/sdcard/fsl_sdcard_spi.o
 .text.SDSPI_DRV_GoIdle
                0x00004208       0xc0 ./SDK/platform/composite/src/sdcard/fsl_sdcard_spi.o
 .text.SDSPI_DRV_SendApplicationCmd
                0x000042c8       0x70 ./SDK/platform/composite/src/sdcard/fsl_sdcard_spi.o
 .text.SDSPI_DRV_AppSendOpCond
                0x00004338       0xc8 ./SDK/platform/composite/src/sdcard/fsl_sdcard_spi.o
 .text.SDSPI_DRV_SendIfCond
                0x00004400       0xac ./SDK/platform/composite/src/sdcard/fsl_sdcard_spi.o
 .text.SDSPI_DRV_ReadOcr
                0x000044ac       0xc8 ./SDK/platform/composite/src/sdcard/fsl_sdcard_spi.o
 .text.SDSPI_DRV_Read
                0x00004574      0x110 ./SDK/platform/composite/src/sdcard/fsl_sdcard_spi.o
 .text.SDSPI_DRV_SendCsd
                0x00004684       0x8c ./SDK/platform/composite/src/sdcard/fsl_sdcard_spi.o
 .text.SDSPI_DRV_SetBlockSize
                0x00004710       0x68 ./SDK/platform/composite/src/sdcard/fsl_sdcard_spi.o
 .text.SDSPI_DRV_CheckCapacity
                0x00004778       0xdc ./SDK/platform/composite/src/sdcard/fsl_sdcard_spi.o
 .text.SDSPI_DRV_SendCid
                0x00004854       0x78 ./SDK/platform/composite/src/sdcard/fsl_sdcard_spi.o
 .text.SDSPI_DRV_InitSd
                0x000048cc      0x120 ./SDK/platform/composite/src/sdcard/fsl_sdcard_spi.o
 .text.SDSPI_DRV_Init
                0x000049ec      0x210 ./SDK/platform/composite/src/sdcard/fsl_sdcard_spi.o
                0x000049ec                SDSPI_DRV_Init
 .text.SDSPI_DRV_CheckReadOnly
                0x00004bfc       0x7c ./SDK/platform/composite/src/sdcard/fsl_sdcard_spi.o
                0x00004bfc                SDSPI_DRV_CheckReadOnly
 .text.Components_Init
                0x00004c78       0xf4 ./Generated_Code/Cpu.o
                0x00004c78                Components_Init
 .text.SIM_HAL_EnableClock
                0x00004d6c       0x44 ./Generated_Code/hardware_init.o
 .text.hardware_init
                0x00004db0       0x8c ./Generated_Code/hardware_init.o
                0x00004db0                hardware_init
 .text.NVIC_SetPriority
                0x00004e3c       0x54 ./Generated_Code/osa1.o
 .text.SysTick_Handler
                0x00004e90       0x20 ./Generated_Code/osa1.o
                0x00004e90                SysTick_Handler
 .text.OSA_TimeInit
                0x00004eb0       0xd8 ./Generated_Code/osa1.o
                0x00004eb0                OSA_TimeInit
 .text.OSA_TimeGetMsec
                0x00004f88       0x18 ./Generated_Code/osa1.o
                0x00004f88                OSA_TimeGetMsec
 .text.PORT_HAL_SetPullMode
                0x00004fa0       0x44 ./Generated_Code/pin_mux.o
 .text.PORT_HAL_SetPullCmd
                0x00004fe4       0x48 ./Generated_Code/pin_mux.o
 .text.PORT_HAL_SetSlewRateMode
                0x0000502c       0x48 ./Generated_Code/pin_mux.o
 .text.PORT_HAL_SetOpenDrainCmd
                0x00005074       0x48 ./Generated_Code/pin_mux.o
 .text.PORT_HAL_SetDriveStrengthMode
                0x000050bc       0x48 ./Generated_Code/pin_mux.o
 .text.PORT_HAL_SetMuxMode
                0x00005104       0x58 ./Generated_Code/pin_mux.o
 .text.init_adc_pins
                0x0000515c       0x8c ./Generated_Code/pin_mux.o
                0x0000515c                init_adc_pins
 .text.init_cmp_pins
                0x000051e8       0x28 ./Generated_Code/pin_mux.o
                0x000051e8                init_cmp_pins
 .text.init_gpio_pins
                0x00005210      0x12c ./Generated_Code/pin_mux.o
                0x00005210                init_gpio_pins
 .text.init_jtag_pins
                0x0000533c       0x44 ./Generated_Code/pin_mux.o
                0x0000533c                init_jtag_pins
 .text.init_llwu_pins
                0x00005380       0xa4 ./Generated_Code/pin_mux.o
                0x00005380                init_llwu_pins
 .text.init_spi_pins
                0x00005424       0x74 ./Generated_Code/pin_mux.o
                0x00005424                init_spi_pins
 .text.init_tpiu_pins
                0x00005498       0x1c ./Generated_Code/pin_mux.o
                0x00005498                init_tpiu_pins
 .text.init_uart_pins
                0x000054b4       0x30 ./Generated_Code/pin_mux.o
                0x000054b4                init_uart_pins
 .text.UART1_RX_TX_IRQHandler
                0x000054e4        0xc ./Generated_Code/uartCom1.o
                0x000054e4                UART1_RX_TX_IRQHandler
 .text.__assert_func
                0x000054f0       0x38 c:/freescale/kds_3.0.0/toolchain/bin/../lib/gcc/arm-none-eabi/4.8.4/../../../../arm-none-eabi/lib/armv7e-m/fpu\libg_s.a(lib_a-assert.o)
                0x000054f0                __assert_func
 .text.calloc   0x00005528       0x14 c:/freescale/kds_3.0.0/toolchain/bin/../lib/gcc/arm-none-eabi/4.8.4/../../../../arm-none-eabi/lib/armv7e-m/fpu\libg_s.a(lib_a-calloc.o)
                0x00005528                calloc
 .text.exit     0x0000553c       0x28 c:/freescale/kds_3.0.0/toolchain/bin/../lib/gcc/arm-none-eabi/4.8.4/../../../../arm-none-eabi/lib/armv7e-m/fpu\libg_s.a(lib_a-exit.o)
                0x0000553c                exit
 .text.fprintf  0x00005564       0x24 c:/freescale/kds_3.0.0/toolchain/bin/../lib/gcc/arm-none-eabi/4.8.4/../../../../arm-none-eabi/lib/armv7e-m/fpu\libg_s.a(lib_a-fprintf.o)
                0x00005564                fiprintf
                0x00005564                fprintf
 .text.__libc_init_array
                0x00005588       0x4c c:/freescale/kds_3.0.0/toolchain/bin/../lib/gcc/arm-none-eabi/4.8.4/../../../../arm-none-eabi/lib/armv7e-m/fpu\libg_s.a(lib_a-init.o)
                0x00005588                __libc_init_array
 .text.free     0x000055d4       0x10 c:/freescale/kds_3.0.0/toolchain/bin/../lib/gcc/arm-none-eabi/4.8.4/../../../../arm-none-eabi/lib/armv7e-m/fpu\libg_s.a(lib_a-malloc.o)
                0x000055d4                free
 .text.memcpy   0x000055e4       0x12 c:/freescale/kds_3.0.0/toolchain/bin/../lib/gcc/arm-none-eabi/4.8.4/../../../../arm-none-eabi/lib/armv7e-m/fpu\libg_s.a(lib_a-memcpy-stub.o)
                0x000055e4                memcpy
 .text.memset   0x000055f6       0x10 c:/freescale/kds_3.0.0/toolchain/bin/../lib/gcc/arm-none-eabi/4.8.4/../../../../arm-none-eabi/lib/armv7e-m/fpu\libg_s.a(lib_a-memset.o)
                0x000055f6                memset
 .text._calloc_r
                0x00005606       0x1c c:/freescale/kds_3.0.0/toolchain/bin/../lib/gcc/arm-none-eabi/4.8.4/../../../../arm-none-eabi/lib/armv7e-m/fpu\libg_s.a(lib_a-nano-callocr.o)
                0x00005606                _calloc_r
 *fill*         0x00005622        0x2 
 .text._free_r  0x00005624       0x88 c:/freescale/kds_3.0.0/toolchain/bin/../lib/gcc/arm-none-eabi/4.8.4/../../../../arm-none-eabi/lib/armv7e-m/fpu\libg_s.a(lib_a-nano-freer.o)
                0x00005624                _free_r
 .text._malloc_r
                0x000056ac       0xa8 c:/freescale/kds_3.0.0/toolchain/bin/../lib/gcc/arm-none-eabi/4.8.4/../../../../arm-none-eabi/lib/armv7e-m/fpu\libg_s.a(lib_a-nano-mallocr.o)
                0x000056ac                _malloc_r
 .text._sbrk_r  0x00005754       0x20 c:/freescale/kds_3.0.0/toolchain/bin/../lib/gcc/arm-none-eabi/4.8.4/../../../../arm-none-eabi/lib/armv7e-m/fpu\libg_s.a(lib_a-sbrkr.o)
                0x00005754                _sbrk_r
 .text.__sfputc_r
                0x00005774       0x2c c:/freescale/kds_3.0.0/toolchain/bin/../lib/gcc/arm-none-eabi/4.8.4/../../../../arm-none-eabi/lib/armv7e-m/fpu\libg_s.a(lib_a-vfprintf.o)
 .text.__sfputs_r
                0x000057a0       0x24 c:/freescale/kds_3.0.0/toolchain/bin/../lib/gcc/arm-none-eabi/4.8.4/../../../../arm-none-eabi/lib/armv7e-m/fpu\libg_s.a(lib_a-vfprintf.o)
                0x000057a0                __sfputs_r
 .text._vfprintf_r
                0x000057c4      0x208 c:/freescale/kds_3.0.0/toolchain/bin/../lib/gcc/arm-none-eabi/4.8.4/../../../../arm-none-eabi/lib/armv7e-m/fpu\libg_s.a(lib_a-vfprintf.o)
                0x000057c4                _vfprintf_r
                0x000057c4                _vfiprintf_r
 .text._printf_common
                0x000059cc       0xe4 c:/freescale/kds_3.0.0/toolchain/bin/../lib/gcc/arm-none-eabi/4.8.4/../../../../arm-none-eabi/lib/armv7e-m/fpu\libg_s.a(lib_a-vfprintf_i.o)
                0x000059cc                _printf_common
 .text._printf_i
                0x00005ab0      0x228 c:/freescale/kds_3.0.0/toolchain/bin/../lib/gcc/arm-none-eabi/4.8.4/../../../../arm-none-eabi/lib/armv7e-m/fpu\libg_s.a(lib_a-vfprintf_i.o)
                0x00005ab0                _printf_i
 .text.__swbuf_r
                0x00005cd8       0xa8 c:/freescale/kds_3.0.0/toolchain/bin/../lib/gcc/arm-none-eabi/4.8.4/../../../../arm-none-eabi/lib/armv7e-m/fpu\libg_s.a(lib_a-wbuf.o)
                0x00005cd8                __swbuf_r
 .text.__swsetup_r
                0x00005d80       0xdc c:/freescale/kds_3.0.0/toolchain/bin/../lib/gcc/arm-none-eabi/4.8.4/../../../../arm-none-eabi/lib/armv7e-m/fpu\libg_s.a(lib_a-wsetup.o)
                0x00005d80                __swsetup_r
 .text.abort    0x00005e5c        0xe c:/freescale/kds_3.0.0/toolchain/bin/../lib/gcc/arm-none-eabi/4.8.4/../../../../arm-none-eabi/lib/armv7e-m/fpu\libg_s.a(lib_a-abort.o)
                0x00005e5c                abort
 .text.__sflush_r
                0x00005e6a      0x106 c:/freescale/kds_3.0.0/toolchain/bin/../lib/gcc/arm-none-eabi/4.8.4/../../../../arm-none-eabi/lib/armv7e-m/fpu\libg_s.a(lib_a-fflush.o)
                0x00005e6a                __sflush_r
 .text._fflush_r
                0x00005f70       0x54 c:/freescale/kds_3.0.0/toolchain/bin/../lib/gcc/arm-none-eabi/4.8.4/../../../../arm-none-eabi/lib/armv7e-m/fpu\libg_s.a(lib_a-fflush.o)
                0x00005f70                _fflush_r
 .text._cleanup_r
                0x00005fc4       0x32 c:/freescale/kds_3.0.0/toolchain/bin/../lib/gcc/arm-none-eabi/4.8.4/../../../../arm-none-eabi/lib/armv7e-m/fpu\libg_s.a(lib_a-findfp.o)
                0x00005fc4                _cleanup_r
 *fill*         0x00005ff6        0x2 
 .text.std.isra.0
                0x00005ff8       0x48 c:/freescale/kds_3.0.0/toolchain/bin/../lib/gcc/arm-none-eabi/4.8.4/../../../../arm-none-eabi/lib/armv7e-m/fpu\libg_s.a(lib_a-findfp.o)
 .text.__sfmoreglue
                0x00006040       0x2c c:/freescale/kds_3.0.0/toolchain/bin/../lib/gcc/arm-none-eabi/4.8.4/../../../../arm-none-eabi/lib/armv7e-m/fpu\libg_s.a(lib_a-findfp.o)
                0x00006040                __sfmoreglue
 .text.__sinit  0x0000606c       0x60 c:/freescale/kds_3.0.0/toolchain/bin/../lib/gcc/arm-none-eabi/4.8.4/../../../../arm-none-eabi/lib/armv7e-m/fpu\libg_s.a(lib_a-findfp.o)
                0x0000606c                __sinit
 .text.__sfp    0x000060cc       0x74 c:/freescale/kds_3.0.0/toolchain/bin/../lib/gcc/arm-none-eabi/4.8.4/../../../../arm-none-eabi/lib/armv7e-m/fpu\libg_s.a(lib_a-findfp.o)
                0x000060cc                __sfp
 .text.__smakebuf_r
                0x00006140       0x9c c:/freescale/kds_3.0.0/toolchain/bin/../lib/gcc/arm-none-eabi/4.8.4/../../../../arm-none-eabi/lib/armv7e-m/fpu\libg_s.a(lib_a-makebuf.o)
                0x00006140                __smakebuf_r
 .text.memchr   0x000061dc       0x1e c:/freescale/kds_3.0.0/toolchain/bin/../lib/gcc/arm-none-eabi/4.8.4/../../../../arm-none-eabi/lib/armv7e-m/fpu\libg_s.a(lib_a-memchr-stub.o)
                0x000061dc                memchr
 .text._raise_r
                0x000061fa       0x50 c:/freescale/kds_3.0.0/toolchain/bin/../lib/gcc/arm-none-eabi/4.8.4/../../../../arm-none-eabi/lib/armv7e-m/fpu\libg_s.a(lib_a-signal.o)
                0x000061fa                _raise_r
 *fill*         0x0000624a        0x2 
 .text.raise    0x0000624c       0x10 c:/freescale/kds_3.0.0/toolchain/bin/../lib/gcc/arm-none-eabi/4.8.4/../../../../arm-none-eabi/lib/armv7e-m/fpu\libg_s.a(lib_a-signal.o)
                0x0000624c                raise
 .text._kill_r  0x0000625c       0x24 c:/freescale/kds_3.0.0/toolchain/bin/../lib/gcc/arm-none-eabi/4.8.4/../../../../arm-none-eabi/lib/armv7e-m/fpu\libg_s.a(lib_a-signalr.o)
                0x0000625c                _kill_r
 .text._getpid_r
                0x00006280        0x4 c:/freescale/kds_3.0.0/toolchain/bin/../lib/gcc/arm-none-eabi/4.8.4/../../../../arm-none-eabi/lib/armv7e-m/fpu\libg_s.a(lib_a-signalr.o)
                0x00006280                _getpid_r
 .text.__sread  0x00006284       0x22 c:/freescale/kds_3.0.0/toolchain/bin/../lib/gcc/arm-none-eabi/4.8.4/../../../../arm-none-eabi/lib/armv7e-m/fpu\libg_s.a(lib_a-stdio.o)
                0x00006284                __sread
 .text.__swrite
                0x000062a6       0x38 c:/freescale/kds_3.0.0/toolchain/bin/../lib/gcc/arm-none-eabi/4.8.4/../../../../arm-none-eabi/lib/armv7e-m/fpu\libg_s.a(lib_a-stdio.o)
                0x000062a6                __swrite
 .text.__sseek  0x000062de       0x24 c:/freescale/kds_3.0.0/toolchain/bin/../lib/gcc/arm-none-eabi/4.8.4/../../../../arm-none-eabi/lib/armv7e-m/fpu\libg_s.a(lib_a-stdio.o)
                0x000062de                __sseek
 .text.__sclose
                0x00006302        0x8 c:/freescale/kds_3.0.0/toolchain/bin/../lib/gcc/arm-none-eabi/4.8.4/../../../../arm-none-eabi/lib/armv7e-m/fpu\libg_s.a(lib_a-stdio.o)
                0x00006302                __sclose
 .text.strlen   0x0000630a       0x10 c:/freescale/kds_3.0.0/toolchain/bin/../lib/gcc/arm-none-eabi/4.8.4/../../../../arm-none-eabi/lib/armv7e-m/fpu\libg_s.a(lib_a-strlen.o)
                0x0000630a                strlen
 *fill*         0x0000631a        0x2 
 .text._write_r
                0x0000631c       0x24 c:/freescale/kds_3.0.0/toolchain/bin/../lib/gcc/arm-none-eabi/4.8.4/../../../../arm-none-eabi/lib/armv7e-m/fpu\libg_s.a(lib_a-writer.o)
                0x0000631c                _write_r
 .text._close_r
                0x00006340       0x20 c:/freescale/kds_3.0.0/toolchain/bin/../lib/gcc/arm-none-eabi/4.8.4/../../../../arm-none-eabi/lib/armv7e-m/fpu\libg_s.a(lib_a-closer.o)
                0x00006340                _close_r
 .text._fstat_r
                0x00006360       0x24 c:/freescale/kds_3.0.0/toolchain/bin/../lib/gcc/arm-none-eabi/4.8.4/../../../../arm-none-eabi/lib/armv7e-m/fpu\libg_s.a(lib_a-fstatr.o)
                0x00006360                _fstat_r
 .text._isatty_r
                0x00006384       0x20 c:/freescale/kds_3.0.0/toolchain/bin/../lib/gcc/arm-none-eabi/4.8.4/../../../../arm-none-eabi/lib/armv7e-m/fpu\libg_s.a(lib_a-isattyr.o)
                0x00006384                _isatty_r
 .text._lseek_r
                0x000063a4       0x24 c:/freescale/kds_3.0.0/toolchain/bin/../lib/gcc/arm-none-eabi/4.8.4/../../../../arm-none-eabi/lib/armv7e-m/fpu\libg_s.a(lib_a-lseekr.o)
                0x000063a4                _lseek_r
 .text._read_r  0x000063c8       0x24 c:/freescale/kds_3.0.0/toolchain/bin/../lib/gcc/arm-none-eabi/4.8.4/../../../../arm-none-eabi/lib/armv7e-m/fpu\libg_s.a(lib_a-readr.o)
                0x000063c8                _read_r
 .text._close   0x000063ec       0x10 c:/freescale/kds_3.0.0/toolchain/bin/../lib/gcc/arm-none-eabi/4.8.4/../../../../arm-none-eabi/lib/armv7e-m/fpu\libnosys.a(close.o)
                0x000063ec                _close
 .text._fstat   0x000063fc       0x10 c:/freescale/kds_3.0.0/toolchain/bin/../lib/gcc/arm-none-eabi/4.8.4/../../../../arm-none-eabi/lib/armv7e-m/fpu\libnosys.a(fstat.o)
                0x000063fc                _fstat
 .text._getpid  0x0000640c       0x10 c:/freescale/kds_3.0.0/toolchain/bin/../lib/gcc/arm-none-eabi/4.8.4/../../../../arm-none-eabi/lib/armv7e-m/fpu\libnosys.a(getpid.o)
                0x0000640c                _getpid
 .text._isatty  0x0000641c       0x10 c:/freescale/kds_3.0.0/toolchain/bin/../lib/gcc/arm-none-eabi/4.8.4/../../../../arm-none-eabi/lib/armv7e-m/fpu\libnosys.a(isatty.o)
                0x0000641c                _isatty
 .text._kill    0x0000642c       0x10 c:/freescale/kds_3.0.0/toolchain/bin/../lib/gcc/arm-none-eabi/4.8.4/../../../../arm-none-eabi/lib/armv7e-m/fpu\libnosys.a(kill.o)
                0x0000642c                _kill
 .text._lseek   0x0000643c       0x10 c:/freescale/kds_3.0.0/toolchain/bin/../lib/gcc/arm-none-eabi/4.8.4/../../../../arm-none-eabi/lib/armv7e-m/fpu\libnosys.a(lseek.o)
                0x0000643c                _lseek
 .text._read    0x0000644c       0x10 c:/freescale/kds_3.0.0/toolchain/bin/../lib/gcc/arm-none-eabi/4.8.4/../../../../arm-none-eabi/lib/armv7e-m/fpu\libnosys.a(read.o)
                0x0000644c                _read
 .text._sbrk    0x0000645c       0x34 c:/freescale/kds_3.0.0/toolchain/bin/../lib/gcc/arm-none-eabi/4.8.4/../../../../arm-none-eabi/lib/armv7e-m/fpu\libnosys.a(sbrk.o)
                0x0000645c                _sbrk
 .text._write   0x00006490       0x10 c:/freescale/kds_3.0.0/toolchain/bin/../lib/gcc/arm-none-eabi/4.8.4/../../../../arm-none-eabi/lib/armv7e-m/fpu\libnosys.a(write.o)
                0x00006490                _write
 .text._exit    0x000064a0        0x4 c:/freescale/kds_3.0.0/toolchain/bin/../lib/gcc/arm-none-eabi/4.8.4/../../../../arm-none-eabi/lib/armv7e-m/fpu\libnosys.a(_exit.o)
                0x000064a0                _exit
 *(.rodata)
 .rodata        0x000064a4      0x1e4 ./SDK/platform/system/src/clock/MK22F51212/fsl_clock_MK22F51212.o
 .rodata        0x00006688       0x64 ./SDK/platform/osa/src/fsl_os_abstraction_bm.o
 .rodata        0x000066ec       0x38 ./SDK/platform/hal/src/gpio/fsl_gpio_hal.o
 .rodata        0x00006724       0x68 ./SDK/platform/hal/src/adc16/fsl_adc16_hal.o
 .rodata        0x0000678c      0x158 ./SDK/platform/drivers/src/uart/fsl_uart_driver.o
 .rodata        0x000068e4      0x1bc ./SDK/platform/drivers/src/gpio/fsl_gpio_driver.o
 .rodata        0x00006aa0      0x100 ./SDK/platform/drivers/src/dspi/fsl_dspi_master_driver.o
 .rodata        0x00006ba0       0x5c ./SDK/platform/drivers/src/dspi/fsl_dspi_shared_function.o
 .rodata        0x00006bfc      0x1c4 ./SDK/platform/drivers/src/adc16/fsl_adc16_driver.o
 .rodata        0x00006dc0       0xd8 ./SDK/platform/composite/src/sdcard/fsl_sdcard_spi.o
 .rodata        0x00006e98       0x70 ./Generated_Code/osa1.o
 .rodata        0x00006f08       0x80 ./Generated_Code/pin_mux.o
 *(.rodata*)
 .rodata.portGateTable
                0x00006f88        0x8 ./SDK/platform/system/src/clock/MK22F51212/fsl_clock_MK22F51212.o
 .rodata.adcGateTable
                0x00006f90        0x4 ./SDK/platform/system/src/clock/MK22F51212/fsl_clock_MK22F51212.o
 .rodata.spiGateTable
                0x00006f94        0x4 ./SDK/platform/system/src/clock/MK22F51212/fsl_clock_MK22F51212.o
 .rodata.uartGateTable
                0x00006f98        0x4 ./SDK/platform/system/src/clock/MK22F51212/fsl_clock_MK22F51212.o
 .rodata.__func__.7510
                0x00006f9c       0x1c ./SDK/platform/system/src/clock/MK22F51212/fsl_clock_MK22F51212.o
 .rodata.__func__.7523
                0x00006fb8       0x1c ./SDK/platform/system/src/clock/MK22F51212/fsl_clock_MK22F51212.o
 .rodata.__func__.7562
                0x00006fd4       0x1c ./SDK/platform/system/src/clock/MK22F51212/fsl_clock_MK22F51212.o
 .rodata.__func__.7588
                0x00006ff0       0x1c ./SDK/platform/system/src/clock/MK22F51212/fsl_clock_MK22F51212.o
 .rodata.g_oscBase
                0x0000700c        0x4 ./SDK/platform/system/src/clock/fsl_clock_manager_common.o
                0x0000700c                g_oscBase
 .rodata.__func__.7551
                0x00007010       0x10 ./SDK/platform/osa/src/fsl_os_abstraction_bm.o
 .rodata.__func__.7561
                0x00007020       0x10 ./SDK/platform/osa/src/fsl_os_abstraction_bm.o
 .rodata.__func__.7607
                0x00007030       0x10 ./SDK/platform/osa/src/fsl_os_abstraction_bm.o
 .rodata.fllFactorTable.6182
                0x00007040       0x10 ./SDK/platform/hal/src/mcg/fsl_mcg_hal.o
 .rodata.__func__.5961
                0x00007050       0x14 ./SDK/platform/hal/src/gpio/fsl_gpio_hal.o
 .rodata.__func__.5967
                0x00007064       0x18 ./SDK/platform/hal/src/gpio/fsl_gpio_hal.o
 .rodata.s_baudratePrescaler
                0x0000707c       0x10 ./SDK/platform/hal/src/dspi/fsl_dspi_hal.o
 .rodata.s_baudrateScaler
                0x0000708c       0x40 ./SDK/platform/hal/src/dspi/fsl_dspi_hal.o
 .rodata.__func__.6090
                0x000070cc       0x14 ./SDK/platform/hal/src/adc16/fsl_adc16_hal.o
 .rodata.g_uartBase
                0x000070e0        0xc ./SDK/platform/drivers/src/uart/fsl_uart_common.o
                0x000070e0                g_uartBase
 .rodata.__func__.8203
                0x000070ec       0x10 ./SDK/platform/drivers/src/uart/fsl_uart_driver.o
 .rodata.__func__.8176
                0x000070fc       0x14 ./SDK/platform/drivers/src/uart/fsl_uart_driver.o
 .rodata.__func__.8226
                0x00007110       0x1c ./SDK/platform/drivers/src/uart/fsl_uart_driver.o
 .rodata.__func__.8236
                0x0000712c       0x1c ./SDK/platform/drivers/src/uart/fsl_uart_driver.o
 .rodata.__func__.8326
                0x00007148       0x1c ./SDK/platform/drivers/src/uart/fsl_uart_driver.o
 .rodata.__func__.8340
                0x00007164       0x20 ./SDK/platform/drivers/src/uart/fsl_uart_driver.o
 .rodata.g_gpioBase
                0x00007184       0x14 ./SDK/platform/drivers/src/gpio/fsl_gpio_common.o
                0x00007184                g_gpioBase
 .rodata.g_portBase
                0x00007198       0x14 ./SDK/platform/drivers/src/gpio/fsl_gpio_common.o
                0x00007198                g_portBase
 .rodata.g_portIrqId
                0x000071ac        0x8 ./SDK/platform/drivers/src/gpio/fsl_gpio_common.o
                0x000071ac                g_portIrqId
 .rodata.__func__.5963
                0x000071b4       0x14 ./SDK/platform/drivers/src/gpio/fsl_gpio_driver.o
 .rodata.__func__.5933
                0x000071c8       0x14 ./SDK/platform/drivers/src/gpio/fsl_gpio_driver.o
 .rodata.__func__.5927
                0x000071dc       0x18 ./SDK/platform/drivers/src/gpio/fsl_gpio_driver.o
 .rodata.__func__.5945
                0x000071f4       0x20 ./SDK/platform/drivers/src/gpio/fsl_gpio_driver.o
 .rodata.__func__.5975
                0x00007214       0x20 ./SDK/platform/drivers/src/gpio/fsl_gpio_driver.o
 .rodata.__func__.5997
                0x00007234       0x18 ./SDK/platform/drivers/src/gpio/fsl_gpio_driver.o
 .rodata.__func__.7646
                0x0000724c       0x14 ./SDK/platform/drivers/src/gpio/fsl_gpio_driver.o
 .rodata.__func__.5939
                0x00007260       0x1c ./SDK/platform/drivers/src/gpio/fsl_gpio_driver.o
 .rodata.__func__.5957
                0x0000727c       0x20 ./SDK/platform/drivers/src/gpio/fsl_gpio_driver.o
 .rodata.__func__.5951
                0x0000729c       0x1c ./SDK/platform/drivers/src/gpio/fsl_gpio_driver.o
 .rodata.g_dspiBase
                0x000072b8        0x8 ./SDK/platform/drivers/src/dspi/fsl_dspi_common.o
                0x000072b8                g_dspiBase
 .rodata.g_dspiFifoSize
                0x000072c0        0x8 ./SDK/platform/drivers/src/dspi/fsl_dspi_common.o
                0x000072c0                g_dspiFifoSize
 .rodata.g_dspiIrqId
                0x000072c8        0x4 ./SDK/platform/drivers/src/dspi/fsl_dspi_common.o
                0x000072c8                g_dspiIrqId
 .rodata.__func__.7894
                0x000072cc       0x14 ./SDK/platform/drivers/src/dspi/fsl_dspi_master_driver.o
 .rodata.__func__.7939
                0x000072e0       0x1c ./SDK/platform/drivers/src/dspi/fsl_dspi_master_driver.o
 .rodata.__func__.6132
                0x000072fc       0x14 ./SDK/platform/drivers/src/dspi/fsl_dspi_shared_function.o
 .rodata.g_adcBase
                0x00007310        0x8 ./SDK/platform/drivers/src/adc16/fsl_adc16_common.o
                0x00007310                g_adcBase
 .rodata.g_adcIrqId
                0x00007318        0x4 ./SDK/platform/drivers/src/adc16/fsl_adc16_common.o
                0x00007318                g_adcIrqId
 .rodata.__func__.7666
                0x0000731c       0x10 ./SDK/platform/drivers/src/adc16/fsl_adc16_driver.o
 .rodata.__func__.7634
                0x0000732c       0x14 ./SDK/platform/drivers/src/adc16/fsl_adc16_driver.o
 .rodata.__func__.7696
                0x00007340       0x18 ./SDK/platform/drivers/src/adc16/fsl_adc16_driver.o
 .rodata.g_transpeedru
                0x00007358       0x10 ./SDK/platform/composite/src/sdcard/fsl_sdcard_spi.o
 .rodata.g_transpeedtv
                0x00007368       0x40 ./SDK/platform/composite/src/sdcard/fsl_sdcard_spi.o
 .rodata.crcTable.5383
                0x000073a8       0x10 ./SDK/platform/composite/src/sdcard/fsl_sdcard_spi.o
 .rodata.__func__.5404
                0x000073b8       0x18 ./SDK/platform/composite/src/sdcard/fsl_sdcard_spi.o
 .rodata.__func__.5431
                0x000073d0       0x14 ./SDK/platform/composite/src/sdcard/fsl_sdcard_spi.o
 .rodata.__func__.5451
                0x000073e4       0x18 ./SDK/platform/composite/src/sdcard/fsl_sdcard_spi.o
 .rodata.__func__.5461
                0x000073fc       0x18 ./SDK/platform/composite/src/sdcard/fsl_sdcard_spi.o
 .rodata.__func__.5468
                0x00007414       0x14 ./SDK/platform/composite/src/sdcard/fsl_sdcard_spi.o
 .rodata.__func__.5488
                0x00007428       0x10 ./SDK/platform/composite/src/sdcard/fsl_sdcard_spi.o
 .rodata.__func__.5496
                0x00007438       0x14 ./SDK/platform/composite/src/sdcard/fsl_sdcard_spi.o
 .rodata.__func__.5518
                0x0000744c       0x14 ./SDK/platform/composite/src/sdcard/fsl_sdcard_spi.o
 .rodata.__func__.5530
                0x00007460       0x10 ./SDK/platform/composite/src/sdcard/fsl_sdcard_spi.o
 .rodata.__func__.5574
                0x00007470       0x18 ./SDK/platform/composite/src/sdcard/fsl_sdcard_spi.o
 .rodata.DUT_ADC_InitConfig0
                0x00007488        0xc ./Generated_Code/DUT_ADC.o
                0x00007488                DUT_ADC_InitConfig0
 .rodata.DUT_ISENSE0
                0x00007494        0x4 ./Generated_Code/DUT_ADC.o
                0x00007494                DUT_ISENSE0
 .rodata.PORTC_InpConfig0
                0x00007498       0x18 ./Generated_Code/PORTC.o
                0x00007498                PORTC_InpConfig0
 .rodata.PORTC_OutConfig0
                0x000074b0       0x54 ./Generated_Code/PORTC.o
                0x000074b0                PORTC_OutConfig0
 .rodata.PORTE_InpConfig0
                0x00007504        0xc ./Generated_Code/PORTE.o
                0x00007504                PORTE_InpConfig0
 .rodata.PORTE_OutConfig0
                0x00007510       0x18 ./Generated_Code/PORTE.o
                0x00007510                PORTE_OutConfig0
 .rodata.SELF_ADC_InitConfig16
                0x00007528        0xc ./Generated_Code/SELF_ADC.o
                0x00007528                SELF_ADC_InitConfig16
 .rodata.SELF_3V_VSENSE
                0x00007534        0x4 ./Generated_Code/SELF_ADC.o
                0x00007534                SELF_3V_VSENSE
 .rodata.SPI1_BusConfig0
                0x00007538        0xc ./Generated_Code/SPI1.o
                0x00007538                SPI1_BusConfig0
 .rodata.SPI1_MasterConfig0
                0x00007544        0x8 ./Generated_Code/SPI1.o
                0x00007544                SPI1_MasterConfig0
 .rodata.fsl_dspi1_BusConfig0
                0x0000754c        0xc ./Generated_Code/fsl_dspi1.o
                0x0000754c                fsl_dspi1_BusConfig0
 .rodata.fsl_dspi1_MasterConfig0
                0x00007558        0x8 ./Generated_Code/fsl_dspi1.o
                0x00007558                fsl_dspi1_MasterConfig0
 .rodata.__func__.9393
                0x00007560       0x10 ./Generated_Code/osa1.o
 .rodata.__func__.5963
                0x00007570       0x14 ./Generated_Code/pin_mux.o
 .rodata.__func__.5957
                0x00007584       0x20 ./Generated_Code/pin_mux.o
 .rodata.__func__.5927
                0x000075a4       0x18 ./Generated_Code/pin_mux.o
 .rodata.__func__.5933
                0x000075bc       0x14 ./Generated_Code/pin_mux.o
 .rodata.__func__.5951
                0x000075d0       0x1c ./Generated_Code/pin_mux.o
 .rodata.__func__.5939
                0x000075ec       0x1c ./Generated_Code/pin_mux.o
 .rodata.uartCom1_InitConfig0
                0x00007608        0x8 ./Generated_Code/uartCom1.o
                0x00007608                uartCom1_InitConfig0
 .rodata.str1.1
                0x00007610       0x3c c:/freescale/kds_3.0.0/toolchain/bin/../lib/gcc/arm-none-eabi/4.8.4/../../../../arm-none-eabi/lib/armv7e-m/fpu\libg_s.a(lib_a-assert.o)
                                 0x3d (size before relaxing)
 .rodata.str1.1
                0x0000764c        0x2 c:/freescale/kds_3.0.0/toolchain/bin/../lib/gcc/arm-none-eabi/4.8.4/../../../../arm-none-eabi/lib/armv7e-m/fpu\libg_s.a(lib_a-impure.o)
 *fill*         0x0000764e        0x2 
 .rodata._global_impure_ptr
                0x00007650        0x4 c:/freescale/kds_3.0.0/toolchain/bin/../lib/gcc/arm-none-eabi/4.8.4/../../../../arm-none-eabi/lib/armv7e-m/fpu\libg_s.a(lib_a-impure.o)
                0x00007650                _global_impure_ptr
 .rodata.str1.1
                0x00007654       0x11 c:/freescale/kds_3.0.0/toolchain/bin/../lib/gcc/arm-none-eabi/4.8.4/../../../../arm-none-eabi/lib/armv7e-m/fpu\libg_s.a(lib_a-vfprintf.o)
 .rodata.str1.1
                0x00007665       0x22 c:/freescale/kds_3.0.0/toolchain/bin/../lib/gcc/arm-none-eabi/4.8.4/../../../../arm-none-eabi/lib/armv7e-m/fpu\libg_s.a(lib_a-vfprintf_i.o)
 *fill*         0x00007687        0x1 
 .rodata.__sf_fake_stdin
                0x00007688       0x20 c:/freescale/kds_3.0.0/toolchain/bin/../lib/gcc/arm-none-eabi/4.8.4/../../../../arm-none-eabi/lib/armv7e-m/fpu\libg_s.a(lib_a-findfp.o)
                0x00007688                __sf_fake_stdin
 .rodata.__sf_fake_stdout
                0x000076a8       0x20 c:/freescale/kds_3.0.0/toolchain/bin/../lib/gcc/arm-none-eabi/4.8.4/../../../../arm-none-eabi/lib/armv7e-m/fpu\libg_s.a(lib_a-findfp.o)
                0x000076a8                __sf_fake_stdout
 .rodata.__sf_fake_stderr
                0x000076c8       0x20 c:/freescale/kds_3.0.0/toolchain/bin/../lib/gcc/arm-none-eabi/4.8.4/../../../../arm-none-eabi/lib/armv7e-m/fpu\libg_s.a(lib_a-findfp.o)
                0x000076c8                __sf_fake_stderr
 *(.glue_7)
 .glue_7        0x00000000        0x0 linker stubs
 *(.glue_7t)
 .glue_7t       0x00000000        0x0 linker stubs
 *(.eh_frame)
 .eh_frame      0x000076e8        0x0 c:/freescale/kds_3.0.0/toolchain/bin/../lib/gcc/arm-none-eabi/4.8.4/armv7e-m/fpu/crtbegin.o
 *(.init)
 .init          0x000076e8        0x4 c:/freescale/kds_3.0.0/toolchain/bin/../lib/gcc/arm-none-eabi/4.8.4/armv7e-m/fpu/crti.o
                0x000076e8                _init
 .init          0x000076ec        0x8 c:/freescale/kds_3.0.0/toolchain/bin/../lib/gcc/arm-none-eabi/4.8.4/armv7e-m/fpu/crtn.o
 *(.fini)
 .fini          0x000076f4        0x4 c:/freescale/kds_3.0.0/toolchain/bin/../lib/gcc/arm-none-eabi/4.8.4/armv7e-m/fpu/crti.o
                0x000076f4                _fini
 .fini          0x000076f8        0x8 c:/freescale/kds_3.0.0/toolchain/bin/../lib/gcc/arm-none-eabi/4.8.4/armv7e-m/fpu/crtn.o
                0x00007700                . = ALIGN (0x4)

.vfp11_veneer   0x00007700        0x0
 .vfp11_veneer  0x00000000        0x0 linker stubs

.v4_bx          0x00007700        0x0
 .v4_bx         0x00000000        0x0 linker stubs

.iplt           0x00007700        0x0
 .iplt          0x00000000        0x0 c:/freescale/kds_3.0.0/toolchain/bin/../lib/gcc/arm-none-eabi/4.8.4/armv7e-m/fpu/crtbegin.o

.ARM.extab
 *(.ARM.extab* .gnu.linkonce.armextab.*)

.ARM            0x00007700        0x8
                0x00007700                __exidx_start = .
 *(.ARM.exidx*)
 .ARM.exidx     0x00007700        0x8 c:/freescale/kds_3.0.0/toolchain/bin/../lib/gcc/arm-none-eabi/4.8.4/../../../../arm-none-eabi/lib/armv7e-m/fpu/crt0.o
 .ARM.exidx     0x00007708        0x0 c:/freescale/kds_3.0.0/toolchain/bin/../lib/gcc/arm-none-eabi/4.8.4/armv7e-m/fpu\libgcc.a(_divdi3.o)
                                  0x8 (size before relaxing)
 .ARM.exidx     0x00007708        0x0 c:/freescale/kds_3.0.0/toolchain/bin/../lib/gcc/arm-none-eabi/4.8.4/armv7e-m/fpu\libgcc.a(_udivdi3.o)
                                  0x8 (size before relaxing)
                0x00007708                __exidx_end = .

.rel.dyn        0x00007708        0x0
 .rel.iplt      0x00000000        0x0 c:/freescale/kds_3.0.0/toolchain/bin/../lib/gcc/arm-none-eabi/4.8.4/armv7e-m/fpu/crtbegin.o

.ctors          0x00007708        0x0
                0x00007708                __CTOR_LIST__ = .
 *crtbegin.o(.ctors)
 *crtbegin?.o(.ctors)
 *(EXCLUDE_FILE(*crtend.o *crtend?.o) .ctors)
 *(SORT(.ctors.*))
 *(.ctors)
                0x00007708                __CTOR_END__ = .

.dtors          0x00007708        0x0
                0x00007708                __DTOR_LIST__ = .
 *crtbegin.o(.dtors)
 *crtbegin?.o(.dtors)
 *(EXCLUDE_FILE(*crtend.o *crtend?.o) .dtors)
 *(SORT(.dtors.*))
 *(.dtors)
                0x00007708                __DTOR_END__ = .

.preinit_array  0x00007708        0x0
                0x00007708                PROVIDE (__preinit_array_start, .)
 *(.preinit_array*)
                0x00007708                PROVIDE (__preinit_array_end, .)

.init_array     0x00007708        0x4
                0x00007708                PROVIDE (__init_array_start, .)
 *(SORT(.init_array.*))
 *(.init_array*)
 .init_array    0x00007708        0x4 c:/freescale/kds_3.0.0/toolchain/bin/../lib/gcc/arm-none-eabi/4.8.4/armv7e-m/fpu/crtbegin.o
                0x0000770c                PROVIDE (__init_array_end, .)

.fini_array     0x0000770c        0x4
                0x0000770c                PROVIDE (__fini_array_start, .)
 *(SORT(.fini_array.*))
 *(.fini_array*)
 .fini_array    0x0000770c        0x4 c:/freescale/kds_3.0.0/toolchain/bin/../lib/gcc/arm-none-eabi/4.8.4/armv7e-m/fpu/crtbegin.o
                0x00007710                PROVIDE (__fini_array_end, .)
                0x00007710                __etext = .
                0x00007710                __DATA_ROM = .

.data           0x1fff0400       0x98 load address 0x00007710
                0x1fff0400                . = ALIGN (0x4)
                0x1fff0400                __DATA_RAM = .
                0x1fff0400                __data_start__ = .
 *(.data)
 *(.data*)
 .data.ops_layer
                0x1fff0400       0x10 ./Sources/spi_dspi_layer.o
                0x1fff0400                ops_layer
 .data.g_fastInternalRefClkFreq
                0x1fff0410        0x4 ./SDK/platform/hal/src/mcg/fsl_mcg_hal.o
                0x1fff0410                g_fastInternalRefClkFreq
 .data.g_slowInternalRefClkFreq
                0x1fff0414        0x4 ./SDK/platform/hal/src/mcg/fsl_mcg_hal.o
                0x1fff0414                g_slowInternalRefClkFreq
 .data.g_uartRxTxIrqId
                0x1fff0418        0x4 ./SDK/platform/drivers/src/uart/fsl_uart_common.o
                0x1fff0418                g_uartRxTxIrqId
 .data.SD_CARD_spi_state
                0x1fff041c       0x14 ./Generated_Code/SD_CARD.o
                0x1fff041c                SD_CARD_spi_state
 .data.impure_data
                0x1fff0430       0x60 c:/freescale/kds_3.0.0/toolchain/bin/../lib/gcc/arm-none-eabi/4.8.4/../../../../arm-none-eabi/lib/armv7e-m/fpu\libg_s.a(lib_a-impure.o)
 .data._impure_ptr
                0x1fff0490        0x4 c:/freescale/kds_3.0.0/toolchain/bin/../lib/gcc/arm-none-eabi/4.8.4/../../../../arm-none-eabi/lib/armv7e-m/fpu\libg_s.a(lib_a-impure.o)
                0x1fff0490                _impure_ptr
 *(.jcr*)
 .jcr           0x1fff0494        0x0 c:/freescale/kds_3.0.0/toolchain/bin/../lib/gcc/arm-none-eabi/4.8.4/armv7e-m/fpu/crtbegin.o
 .jcr           0x1fff0494        0x4 c:/freescale/kds_3.0.0/toolchain/bin/../lib/gcc/arm-none-eabi/4.8.4/armv7e-m/fpu/crtend.o
                0x1fff0498                . = ALIGN (0x4)
                0x1fff0498                __data_end__ = .
                0x000077a8                __DATA_END = (__DATA_ROM + (__data_end__ - __data_start__))
                0x000077a8                __m_interrupts_ram_ROMStart = (__DATA_ROM + SIZEOF (.data))

.igot.plt       0x1fff0498        0x0 load address 0x000077a8
 .igot.plt      0x00000000        0x0 c:/freescale/kds_3.0.0/toolchain/bin/../lib/gcc/arm-none-eabi/4.8.4/armv7e-m/fpu/crtbegin.o

.m_interrupts_ram
                0x1fff0000      0x400 load address 0x000077a8
                0x1fff0000                . = ALIGN (0x4)
                0x1fff0000                __m_interrupts_ram_RAMStart = .
 *(.m_interrupts_ram)
                0x1fff0400                . = (. + 0x400)
 *fill*         0x1fff0000      0x400 
                0x1fff0400                __m_interrupts_ram_RAMEnd = .
                0x1fff0400                . = ALIGN (0x4)
                0x00000400                __m_interrupts_ram_ROMSize = (__m_interrupts_ram_RAMEnd - __m_interrupts_ram_RAMStart)
                0x00000400                __RAM_VECTOR_TABLE_SIZE_BYTES = (__m_interrupts_ram_RAMEnd - __m_interrupts_ram_RAMStart)
                0x00007ba8                __m_data_2_ROMStart = (__m_interrupts_ram_ROMStart + SIZEOF (.m_interrupts_ram))

.m_data_2       0x20000000        0x0 load address 0x00007ba8
                0x20000000                . = ALIGN (0x4)
                0x20000000                __m_data_2_RAMStart = .
 *(.m_data_2)
                0x20000000                __m_data_2_RAMEnd = .
                0x20000000                . = ALIGN (0x4)
                0x00000000                __m_data_2_ROMSize = (__m_data_2_RAMEnd - __m_data_2_RAMStart)

.bss            0x1fff0498      0x1b4 load address 0x000077a8
                0x1fff0498                . = ALIGN (0x4)
                0x1fff0498                __START_BSS = .
                0x1fff0498                __bss_start__ = .
 *(.bss)
 .bss           0x1fff0498       0x1c c:/freescale/kds_3.0.0/toolchain/bin/../lib/gcc/arm-none-eabi/4.8.4/armv7e-m/fpu/crtbegin.o
 *(.bss*)
 .bss.g_interruptDisableCount
                0x1fff04b4        0x4 ./SDK/platform/system/src/interrupt/fsl_interrupt_manager.o
                0x1fff04b4                g_interruptDisableCount
 .bss.g_curTask
                0x1fff04b8        0x4 ./SDK/platform/osa/src/fsl_os_abstraction_bm.o
 .bss.g_taskControlBlockPool
                0x1fff04bc       0x50 ./SDK/platform/osa/src/fsl_os_abstraction_bm.o
 .bss.g_freeTaskControlBlock
                0x1fff050c        0x4 ./SDK/platform/osa/src/fsl_os_abstraction_bm.o
 .bss.g_taskListHead
                0x1fff0510       0x10 ./SDK/platform/osa/src/fsl_os_abstraction_bm.o
 .bss.g_uartStatePtr
                0x1fff0520        0xc ./SDK/platform/drivers/src/uart/fsl_uart_common.o
                0x1fff0520                g_uartStatePtr
 .bss.g_dspiStatePtr
                0x1fff052c        0x8 ./SDK/platform/drivers/src/dspi/fsl_dspi_common.o
                0x1fff052c                g_dspiStatePtr
 .bss.SPI1_calculatedBaudRate
                0x1fff0534        0x4 ./Generated_Code/SPI1.o
                0x1fff0534                SPI1_calculatedBaudRate
 .bss.fsl_dspi1_calculatedBaudRate
                0x1fff0538        0x4 ./Generated_Code/fsl_dspi1.o
                0x1fff0538                fsl_dspi1_calculatedBaudRate
 .bss.SwTimerIsrCounter
                0x1fff053c        0x2 ./Generated_Code/osa1.o
 *fill*         0x1fff053e        0x2 
 .bss.__malloc_sbrk_start
                0x1fff0540        0x4 c:/freescale/kds_3.0.0/toolchain/bin/../lib/gcc/arm-none-eabi/4.8.4/../../../../arm-none-eabi/lib/armv7e-m/fpu\libg_s.a(lib_a-nano-mallocr.o)
                0x1fff0540                __malloc_sbrk_start
 .bss.__malloc_free_list
                0x1fff0544        0x4 c:/freescale/kds_3.0.0/toolchain/bin/../lib/gcc/arm-none-eabi/4.8.4/../../../../arm-none-eabi/lib/armv7e-m/fpu\libg_s.a(lib_a-nano-mallocr.o)
                0x1fff0544                __malloc_free_list
 .bss.heap_end.4246
                0x1fff0548        0x4 c:/freescale/kds_3.0.0/toolchain/bin/../lib/gcc/arm-none-eabi/4.8.4/../../../../arm-none-eabi/lib/armv7e-m/fpu\libnosys.a(sbrk.o)
 *(COMMON)
 COMMON         0x1fff054c        0x8 ./SDK/platform/hal/src/mcg/fsl_mcg_hal.o
                0x1fff054c                g_xtal0ClkFreq
                0x1fff0550                g_xtalRtcClkFreq
 COMMON         0x1fff0554       0x44 ./Generated_Code/SD_CARD.o
                0x1fff0554                SD_CARD_state
 COMMON         0x1fff0598       0x38 ./Generated_Code/SPI1.o
                0x1fff0598                SPI1_MasterState
 COMMON         0x1fff05d0       0x38 ./Generated_Code/fsl_dspi1.o
                0x1fff05d0                fsl_dspi1_MasterState
 COMMON         0x1fff0608       0x40 ./Generated_Code/uartCom1.o
                0x1fff0608                uartCom1_State
 COMMON         0x1fff0648        0x4 c:/freescale/kds_3.0.0/toolchain/bin/../lib/gcc/arm-none-eabi/4.8.4/../../../../arm-none-eabi/lib/armv7e-m/fpu\libg_s.a(lib_a-reent.o)
                0x1fff0648                errno
                0x1fff064c                . = ALIGN (0x4)
                0x1fff064c                __bss_end__ = .
                0x1fff064c                __END_BSS = .

.heap           0x20000000        0x0
                0x20000000                . = ALIGN (0x8)
                0x20000000                __end__ = .
                0x20000000                PROVIDE (end, .)
                0x20000000                __HeapBase = .
                0x20000000                . = (. + HEAP_SIZE)
                0x20000000                __HeapLimit = .

.stack          0x20000000      0x400
                0x20000000                . = ALIGN (0x8)
                0x20000400                . = (. + STACK_SIZE)
 *fill*         0x20000000      0x400 
                0x20010000                __StackTop = (ORIGIN (m_data_2) + 0x10000)
                0x2000fc00                __StackLimit = (__StackTop - STACK_SIZE)
                0x20010000                PROVIDE (__stack, __StackTop)

.ARM.attributes
                0x00000000       0x30
 *(.ARM.attributes)
 .ARM.attributes
                0x00000000       0x22 c:/freescale/kds_3.0.0/toolchain/bin/../lib/gcc/arm-none-eabi/4.8.4/armv7e-m/fpu/crti.o
 .ARM.attributes
                0x00000022       0x34 c:/freescale/kds_3.0.0/toolchain/bin/../lib/gcc/arm-none-eabi/4.8.4/armv7e-m/fpu/crtbegin.o
 .ARM.attributes
                0x00000056       0x20 c:/freescale/kds_3.0.0/toolchain/bin/../lib/gcc/arm-none-eabi/4.8.4/../../../../arm-none-eabi/lib/armv7e-m/fpu/crt0.o
 .ARM.attributes
                0x00000076       0x39 ./Static_Code/System/PE_low_level_init.o
 .ARM.attributes
                0x000000af       0x39 ./Sources/Events.o
 .ARM.attributes
                0x000000e8       0x39 ./Sources/main.o
 .ARM.attributes
                0x00000121       0x39 ./Sources/spi_dspi_layer.o
 .ARM.attributes
                0x0000015a       0x39 ./SDK/platform/system/src/interrupt/fsl_interrupt_manager.o
 .ARM.attributes
                0x00000193       0x39 ./SDK/platform/system/src/clock/MK22F51212/fsl_clock_MK22F51212.o
 .ARM.attributes
                0x000001cc       0x39 ./SDK/platform/system/src/clock/fsl_clock_manager_common.o
 .ARM.attributes
                0x00000205       0x39 ./SDK/platform/osa/src/fsl_os_abstraction_bm.o
 .ARM.attributes
                0x0000023e       0x39 ./SDK/platform/hal/src/uart/fsl_uart_hal.o
 .ARM.attributes
                0x00000277       0x39 ./SDK/platform/hal/src/mcg/fsl_mcg_hal.o
 .ARM.attributes
                0x000002b0       0x39 ./SDK/platform/hal/src/gpio/fsl_gpio_hal.o
 .ARM.attributes
                0x000002e9       0x39 ./SDK/platform/hal/src/dspi/fsl_dspi_hal.o
 .ARM.attributes
                0x00000322       0x39 ./SDK/platform/hal/src/adc16/fsl_adc16_hal.o
 .ARM.attributes
                0x0000035b       0x39 ./SDK/platform/drivers/src/uart/fsl_uart_common.o
 .ARM.attributes
                0x00000394       0x39 ./SDK/platform/drivers/src/uart/fsl_uart_driver.o
 .ARM.attributes
                0x000003cd       0x39 ./SDK/platform/drivers/src/gpio/fsl_gpio_common.o
 .ARM.attributes
                0x00000406       0x39 ./SDK/platform/drivers/src/gpio/fsl_gpio_driver.o
 .ARM.attributes
                0x0000043f       0x39 ./SDK/platform/drivers/src/dspi/fsl_dspi_common.o
 .ARM.attributes
                0x00000478       0x39 ./SDK/platform/drivers/src/dspi/fsl_dspi_master_driver.o
 .ARM.attributes
                0x000004b1       0x39 ./SDK/platform/drivers/src/dspi/fsl_dspi_shared_function.o
 .ARM.attributes
                0x000004ea       0x39 ./SDK/platform/drivers/src/dspi/fsl_dspi_slave_driver.o
 .ARM.attributes
                0x00000523       0x39 ./SDK/platform/drivers/src/adc16/fsl_adc16_common.o
 .ARM.attributes
                0x0000055c       0x39 ./SDK/platform/drivers/src/adc16/fsl_adc16_driver.o
 .ARM.attributes
                0x00000595       0x1f ./SDK/platform/devices/MK22F51212/startup/gcc/startup_MK22F51212.o
 .ARM.attributes
                0x000005b4       0x39 ./SDK/platform/devices/MK22F51212/startup/system_MK22F51212.o
 .ARM.attributes
                0x000005ed       0x39 ./SDK/platform/devices/startup.o
 .ARM.attributes
                0x00000626       0x39 ./SDK/platform/composite/src/sdcard/fsl_sdcard_spi.o
 .ARM.attributes
                0x0000065f       0x39 ./Generated_Code/Cpu.o
 .ARM.attributes
                0x00000698       0x39 ./Generated_Code/DUT_ADC.o
 .ARM.attributes
                0x000006d1       0x39 ./Generated_Code/PORTC.o
 .ARM.attributes
                0x0000070a       0x39 ./Generated_Code/PORTE.o
 .ARM.attributes
                0x00000743       0x39 ./Generated_Code/SD_CARD.o
 .ARM.attributes
                0x0000077c       0x39 ./Generated_Code/SELF_ADC.o
 .ARM.attributes
                0x000007b5       0x39 ./Generated_Code/SPI1.o
 .ARM.attributes
                0x000007ee       0x39 ./Generated_Code/fsl_dspi1.o
 .ARM.attributes
                0x00000827       0x39 ./Generated_Code/hardware_init.o
 .ARM.attributes
                0x00000860       0x39 ./Generated_Code/osa1.o
 .ARM.attributes
                0x00000899       0x39 ./Generated_Code/pin_mux.o
 .ARM.attributes
                0x000008d2       0x39 ./Generated_Code/uartCom1.o
 .ARM.attributes
                0x0000090b       0x22 c:/freescale/kds_3.0.0/toolchain/bin/../lib/gcc/arm-none-eabi/4.8.4/armv7e-m/fpu\libgcc.a(_aeabi_uldivmod.o)
 .ARM.attributes
                0x0000092d       0x34 c:/freescale/kds_3.0.0/toolchain/bin/../lib/gcc/arm-none-eabi/4.8.4/armv7e-m/fpu\libgcc.a(bpabi.o)
 .ARM.attributes
                0x00000961       0x22 c:/freescale/kds_3.0.0/toolchain/bin/../lib/gcc/arm-none-eabi/4.8.4/armv7e-m/fpu\libgcc.a(_dvmd_tls.o)
 .ARM.attributes
                0x00000983       0x34 c:/freescale/kds_3.0.0/toolchain/bin/../lib/gcc/arm-none-eabi/4.8.4/armv7e-m/fpu\libgcc.a(_divdi3.o)
 .ARM.attributes
                0x000009b7       0x34 c:/freescale/kds_3.0.0/toolchain/bin/../lib/gcc/arm-none-eabi/4.8.4/armv7e-m/fpu\libgcc.a(_udivdi3.o)
 .ARM.attributes
                0x000009eb       0x34 c:/freescale/kds_3.0.0/toolchain/bin/../lib/gcc/arm-none-eabi/4.8.4/../../../../arm-none-eabi/lib/armv7e-m/fpu\libg_s.a(lib_a-assert.o)
 .ARM.attributes
                0x00000a1f       0x34 c:/freescale/kds_3.0.0/toolchain/bin/../lib/gcc/arm-none-eabi/4.8.4/../../../../arm-none-eabi/lib/armv7e-m/fpu\libg_s.a(lib_a-calloc.o)
 .ARM.attributes
                0x00000a53       0x34 c:/freescale/kds_3.0.0/toolchain/bin/../lib/gcc/arm-none-eabi/4.8.4/../../../../arm-none-eabi/lib/armv7e-m/fpu\libg_s.a(lib_a-exit.o)
 .ARM.attributes
                0x00000a87       0x34 c:/freescale/kds_3.0.0/toolchain/bin/../lib/gcc/arm-none-eabi/4.8.4/../../../../arm-none-eabi/lib/armv7e-m/fpu\libg_s.a(lib_a-fprintf.o)
 .ARM.attributes
                0x00000abb       0x34 c:/freescale/kds_3.0.0/toolchain/bin/../lib/gcc/arm-none-eabi/4.8.4/../../../../arm-none-eabi/lib/armv7e-m/fpu\libg_s.a(lib_a-impure.o)
 .ARM.attributes
                0x00000aef       0x34 c:/freescale/kds_3.0.0/toolchain/bin/../lib/gcc/arm-none-eabi/4.8.4/../../../../arm-none-eabi/lib/armv7e-m/fpu\libg_s.a(lib_a-init.o)
 .ARM.attributes
                0x00000b23       0x34 c:/freescale/kds_3.0.0/toolchain/bin/../lib/gcc/arm-none-eabi/4.8.4/../../../../arm-none-eabi/lib/armv7e-m/fpu\libg_s.a(lib_a-malloc.o)
 .ARM.attributes
                0x00000b57       0x34 c:/freescale/kds_3.0.0/toolchain/bin/../lib/gcc/arm-none-eabi/4.8.4/../../../../arm-none-eabi/lib/armv7e-m/fpu\libg_s.a(lib_a-memcpy-stub.o)
 .ARM.attributes
                0x00000b8b       0x34 c:/freescale/kds_3.0.0/toolchain/bin/../lib/gcc/arm-none-eabi/4.8.4/../../../../arm-none-eabi/lib/armv7e-m/fpu\libg_s.a(lib_a-memset.o)
 .ARM.attributes
                0x00000bbf       0x34 c:/freescale/kds_3.0.0/toolchain/bin/../lib/gcc/arm-none-eabi/4.8.4/../../../../arm-none-eabi/lib/armv7e-m/fpu\libg_s.a(lib_a-nano-callocr.o)
 .ARM.attributes
                0x00000bf3       0x34 c:/freescale/kds_3.0.0/toolchain/bin/../lib/gcc/arm-none-eabi/4.8.4/../../../../arm-none-eabi/lib/armv7e-m/fpu\libg_s.a(lib_a-nano-freer.o)
 .ARM.attributes
                0x00000c27       0x34 c:/freescale/kds_3.0.0/toolchain/bin/../lib/gcc/arm-none-eabi/4.8.4/../../../../arm-none-eabi/lib/armv7e-m/fpu\libg_s.a(lib_a-nano-mallocr.o)
 .ARM.attributes
                0x00000c5b       0x34 c:/freescale/kds_3.0.0/toolchain/bin/../lib/gcc/arm-none-eabi/4.8.4/../../../../arm-none-eabi/lib/armv7e-m/fpu\libg_s.a(lib_a-sbrkr.o)
 .ARM.attributes
                0x00000c8f       0x34 c:/freescale/kds_3.0.0/toolchain/bin/../lib/gcc/arm-none-eabi/4.8.4/../../../../arm-none-eabi/lib/armv7e-m/fpu\libg_s.a(lib_a-vfprintf.o)
 .ARM.attributes
                0x00000cc3       0x34 c:/freescale/kds_3.0.0/toolchain/bin/../lib/gcc/arm-none-eabi/4.8.4/../../../../arm-none-eabi/lib/armv7e-m/fpu\libg_s.a(lib_a-vfprintf_i.o)
 .ARM.attributes
                0x00000cf7       0x34 c:/freescale/kds_3.0.0/toolchain/bin/../lib/gcc/arm-none-eabi/4.8.4/../../../../arm-none-eabi/lib/armv7e-m/fpu\libg_s.a(lib_a-wbuf.o)
 .ARM.attributes
                0x00000d2b       0x34 c:/freescale/kds_3.0.0/toolchain/bin/../lib/gcc/arm-none-eabi/4.8.4/../../../../arm-none-eabi/lib/armv7e-m/fpu\libg_s.a(lib_a-wsetup.o)
 .ARM.attributes
                0x00000d5f       0x34 c:/freescale/kds_3.0.0/toolchain/bin/../lib/gcc/arm-none-eabi/4.8.4/../../../../arm-none-eabi/lib/armv7e-m/fpu\libg_s.a(lib_a-abort.o)
 .ARM.attributes
                0x00000d93       0x34 c:/freescale/kds_3.0.0/toolchain/bin/../lib/gcc/arm-none-eabi/4.8.4/../../../../arm-none-eabi/lib/armv7e-m/fpu\libg_s.a(lib_a-fflush.o)
 .ARM.attributes
                0x00000dc7       0x34 c:/freescale/kds_3.0.0/toolchain/bin/../lib/gcc/arm-none-eabi/4.8.4/../../../../arm-none-eabi/lib/armv7e-m/fpu\libg_s.a(lib_a-findfp.o)
 .ARM.attributes
                0x00000dfb       0x34 c:/freescale/kds_3.0.0/toolchain/bin/../lib/gcc/arm-none-eabi/4.8.4/../../../../arm-none-eabi/lib/armv7e-m/fpu\libg_s.a(lib_a-makebuf.o)
 .ARM.attributes
                0x00000e2f       0x34 c:/freescale/kds_3.0.0/toolchain/bin/../lib/gcc/arm-none-eabi/4.8.4/../../../../arm-none-eabi/lib/armv7e-m/fpu\libg_s.a(lib_a-memchr-stub.o)
 .ARM.attributes
                0x00000e63       0x34 c:/freescale/kds_3.0.0/toolchain/bin/../lib/gcc/arm-none-eabi/4.8.4/../../../../arm-none-eabi/lib/armv7e-m/fpu\libg_s.a(lib_a-reent.o)
 .ARM.attributes
                0x00000e97       0x34 c:/freescale/kds_3.0.0/toolchain/bin/../lib/gcc/arm-none-eabi/4.8.4/../../../../arm-none-eabi/lib/armv7e-m/fpu\libg_s.a(lib_a-signal.o)
 .ARM.attributes
                0x00000ecb       0x34 c:/freescale/kds_3.0.0/toolchain/bin/../lib/gcc/arm-none-eabi/4.8.4/../../../../arm-none-eabi/lib/armv7e-m/fpu\libg_s.a(lib_a-signalr.o)
 .ARM.attributes
                0x00000eff       0x34 c:/freescale/kds_3.0.0/toolchain/bin/../lib/gcc/arm-none-eabi/4.8.4/../../../../arm-none-eabi/lib/armv7e-m/fpu\libg_s.a(lib_a-stdio.o)
 .ARM.attributes
                0x00000f33       0x34 c:/freescale/kds_3.0.0/toolchain/bin/../lib/gcc/arm-none-eabi/4.8.4/../../../../arm-none-eabi/lib/armv7e-m/fpu\libg_s.a(lib_a-strlen.o)
 .ARM.attributes
                0x00000f67       0x34 c:/freescale/kds_3.0.0/toolchain/bin/../lib/gcc/arm-none-eabi/4.8.4/../../../../arm-none-eabi/lib/armv7e-m/fpu\libg_s.a(lib_a-writer.o)
 .ARM.attributes
                0x00000f9b       0x34 c:/freescale/kds_3.0.0/toolchain/bin/../lib/gcc/arm-none-eabi/4.8.4/../../../../arm-none-eabi/lib/armv7e-m/fpu\libg_s.a(lib_a-closer.o)
 .ARM.attributes
                0x00000fcf       0x34 c:/freescale/kds_3.0.0/toolchain/bin/../lib/gcc/arm-none-eabi/4.8.4/../../../../arm-none-eabi/lib/armv7e-m/fpu\libg_s.a(lib_a-fstatr.o)
 .ARM.attributes
                0x00001003       0x34 c:/freescale/kds_3.0.0/toolchain/bin/../lib/gcc/arm-none-eabi/4.8.4/../../../../arm-none-eabi/lib/armv7e-m/fpu\libg_s.a(lib_a-isattyr.o)
 .ARM.attributes
                0x00001037       0x34 c:/freescale/kds_3.0.0/toolchain/bin/../lib/gcc/arm-none-eabi/4.8.4/../../../../arm-none-eabi/lib/armv7e-m/fpu\libg_s.a(lib_a-lseekr.o)
 .ARM.attributes
                0x0000106b       0x34 c:/freescale/kds_3.0.0/toolchain/bin/../lib/gcc/arm-none-eabi/4.8.4/../../../../arm-none-eabi/lib/armv7e-m/fpu\libg_s.a(lib_a-readr.o)
 .ARM.attributes
                0x0000109f       0x34 c:/freescale/kds_3.0.0/toolchain/bin/../lib/gcc/arm-none-eabi/4.8.4/../../../../arm-none-eabi/lib/armv7e-m/fpu\libnosys.a(close.o)
 .ARM.attributes
                0x000010d3       0x34 c:/freescale/kds_3.0.0/toolchain/bin/../lib/gcc/arm-none-eabi/4.8.4/../../../../arm-none-eabi/lib/armv7e-m/fpu\libnosys.a(fstat.o)
 .ARM.attributes
                0x00001107       0x34 c:/freescale/kds_3.0.0/toolchain/bin/../lib/gcc/arm-none-eabi/4.8.4/../../../../arm-none-eabi/lib/armv7e-m/fpu\libnosys.a(getpid.o)
 .ARM.attributes
                0x0000113b       0x34 c:/freescale/kds_3.0.0/toolchain/bin/../lib/gcc/arm-none-eabi/4.8.4/../../../../arm-none-eabi/lib/armv7e-m/fpu\libnosys.a(isatty.o)
 .ARM.attributes
                0x0000116f       0x34 c:/freescale/kds_3.0.0/toolchain/bin/../lib/gcc/arm-none-eabi/4.8.4/../../../../arm-none-eabi/lib/armv7e-m/fpu\libnosys.a(kill.o)
 .ARM.attributes
                0x000011a3       0x34 c:/freescale/kds_3.0.0/toolchain/bin/../lib/gcc/arm-none-eabi/4.8.4/../../../../arm-none-eabi/lib/armv7e-m/fpu\libnosys.a(lseek.o)
 .ARM.attributes
                0x000011d7       0x34 c:/freescale/kds_3.0.0/toolchain/bin/../lib/gcc/arm-none-eabi/4.8.4/../../../../arm-none-eabi/lib/armv7e-m/fpu\libnosys.a(read.o)
 .ARM.attributes
                0x0000120b       0x34 c:/freescale/kds_3.0.0/toolchain/bin/../lib/gcc/arm-none-eabi/4.8.4/../../../../arm-none-eabi/lib/armv7e-m/fpu\libnosys.a(sbrk.o)
 .ARM.attributes
                0x0000123f       0x34 c:/freescale/kds_3.0.0/toolchain/bin/../lib/gcc/arm-none-eabi/4.8.4/../../../../arm-none-eabi/lib/armv7e-m/fpu\libnosys.a(write.o)
 .ARM.attributes
                0x00001273       0x34 c:/freescale/kds_3.0.0/toolchain/bin/../lib/gcc/arm-none-eabi/4.8.4/../../../../arm-none-eabi/lib/armv7e-m/fpu\libnosys.a(_exit.o)
 .ARM.attributes
                0x000012a7       0x34 c:/freescale/kds_3.0.0/toolchain/bin/../lib/gcc/arm-none-eabi/4.8.4/armv7e-m/fpu/crtend.o
 .ARM.attributes
                0x000012db       0x22 c:/freescale/kds_3.0.0/toolchain/bin/../lib/gcc/arm-none-eabi/4.8.4/armv7e-m/fpu/crtn.o
OUTPUT(ee4951_mcu.elf elf32-littlearm)

.debug_info     0x00000000    0x15018
 .debug_info    0x00000000      0x19d ./Static_Code/System/PE_low_level_init.o
 .debug_info    0x0000019d      0x225 ./Sources/Events.o
 .debug_info    0x000003c2      0x190 ./Sources/main.o
 .debug_info    0x00000552      0x3d9 ./Sources/spi_dspi_layer.o
 .debug_info    0x0000092b      0x42a ./SDK/platform/system/src/interrupt/fsl_interrupt_manager.o
 .debug_info    0x00000d55     0x185e ./SDK/platform/system/src/clock/MK22F51212/fsl_clock_MK22F51212.o
 .debug_info    0x000025b3      0x454 ./SDK/platform/system/src/clock/fsl_clock_manager_common.o
 .debug_info    0x00002a07     0x10a7 ./SDK/platform/osa/src/fsl_os_abstraction_bm.o
 .debug_info    0x00003aae      0xfbf ./SDK/platform/hal/src/uart/fsl_uart_hal.o
 .debug_info    0x00004a6d      0xbe3 ./SDK/platform/hal/src/mcg/fsl_mcg_hal.o
 .debug_info    0x00005650      0x21b ./SDK/platform/hal/src/gpio/fsl_gpio_hal.o
 .debug_info    0x0000586b      0xc6d ./SDK/platform/hal/src/dspi/fsl_dspi_hal.o
 .debug_info    0x000064d8      0x88d ./SDK/platform/hal/src/adc16/fsl_adc16_hal.o
 .debug_info    0x00006d65      0x619 ./SDK/platform/drivers/src/uart/fsl_uart_common.o
 .debug_info    0x0000737e     0x1608 ./SDK/platform/drivers/src/uart/fsl_uart_driver.o
 .debug_info    0x00008986      0x4e5 ./SDK/platform/drivers/src/gpio/fsl_gpio_common.o
 .debug_info    0x00008e6b     0x124e ./SDK/platform/drivers/src/gpio/fsl_gpio_driver.o
 .debug_info    0x0000a0b9      0x55d ./SDK/platform/drivers/src/dspi/fsl_dspi_common.o
 .debug_info    0x0000a616     0x1413 ./SDK/platform/drivers/src/dspi/fsl_dspi_master_driver.o
 .debug_info    0x0000ba29      0x38f ./SDK/platform/drivers/src/dspi/fsl_dspi_shared_function.o
 .debug_info    0x0000bdb8     0x1203 ./SDK/platform/drivers/src/dspi/fsl_dspi_slave_driver.o
 .debug_info    0x0000cfbb      0x523 ./SDK/platform/drivers/src/adc16/fsl_adc16_common.o
 .debug_info    0x0000d4de     0x14a4 ./SDK/platform/drivers/src/adc16/fsl_adc16_driver.o