16:10:57 **** Incremental Build of configuration Debug for project ee4951_prodmcu ****
make all 
'Building file: ../Sources/DutISense.cpp'
'Invoking: Cross ARM C++ Compiler'
arm-none-eabi-g++ -mcpu=cortex-m4 -mthumb -mfloat-abi=hard -mfpu=fpv4-sp-d16 -O0 -fmessage-length=0 -fsigned-char -ffunction-sections -fdata-sections -Wall  -g3 -D"CPU_MK22FN512VLL12" -D"FSL_OSA_BM_TIMER_CONFIG=0" -I"C:/Users/RossHarvey/Documents/School/EE4951_REPO/Firmware/Production/ee4951_prodmcu/SDK/platform/hal/inc" -I"C:/Users/RossHarvey/Documents/School/EE4951_REPO/Firmware/Production/ee4951_prodmcu/SDK/platform/hal/src/sim/MK22F51212" -I"C:/Users/RossHarvey/Documents/School/EE4951_REPO/Firmware/Production/ee4951_prodmcu/SDK/platform/system/src/clock/MK22F51212" -I"C:/Users/RossHarvey/Documents/School/EE4951_REPO/Firmware/Production/ee4951_prodmcu/SDK/platform/system/inc" -I"C:/Users/RossHarvey/Documents/School/EE4951_REPO/Firmware/Production/ee4951_prodmcu/SDK/platform/osa/inc" -I"C:/Users/RossHarvey/Documents/School/EE4951_REPO/Firmware/Production/ee4951_prodmcu/SDK/platform/CMSIS/Include" -I"C:/Users/RossHarvey/Documents/School/EE4951_REPO/Firmware/Production/ee4951_prodmcu/SDK/platform/devices" -I"C:/Users/RossHarvey/Documents/School/EE4951_REPO/Firmware/Production/ee4951_prodmcu/SDK/platform/devices/MK22F51212/include" -I"C:/Users/RossHarvey/Documents/School/EE4951_REPO/Firmware/Production/ee4951_prodmcu/SDK/platform/utilities/src" -I"C:/Users/RossHarvey/Documents/School/EE4951_REPO/Firmware/Production/ee4951_prodmcu/SDK/platform/utilities/inc" -I"C:/Users/RossHarvey/Documents/School/EE4951_REPO/Firmware/Production/ee4951_prodmcu/SDK/platform/devices/MK22F51212/startup" -I"C:/Users/RossHarvey/Documents/School/EE4951_REPO/Firmware/Production/ee4951_prodmcu/Generated_Code/SDK/platform/devices/MK22F51212/startup" -I"C:/Users/RossHarvey/Documents/School/EE4951_REPO/Firmware/Production/ee4951_prodmcu/Sources" -I"C:/Users/RossHarvey/Documents/School/EE4951_REPO/Firmware/Production/ee4951_prodmcu/Generated_Code" -I"C:/Users/RossHarvey/Documents/School/EE4951_REPO/Firmware/Production/ee4951_prodmcu/SDK/platform/drivers/inc" -I"C:/Users/RossHarvey/Documents/School/EE4951_REPO/Firmware/Production/ee4951_prodmcu/Static_Code/IO_Map" -I"C:/Users/RossHarvey/Documents/School/EE4951_REPO/Firmware/Production/ee4951_prodmcu/Static_Code/Peripherals" -std=gnu++11 -fabi-version=0 -MMD -MP -MF"Sources/DutISense.d" -MT"Sources/DutISense.o" -c -o "Sources/DutISense.o" "../Sources/DutISense.cpp"
'Finished building: ../Sources/DutISense.cpp'
' '
'Building target: ee4951_prodmcu.elf'
'Invoking: Cross ARM C++ Linker'
arm-none-eabi-g++ -mcpu=cortex-m4 -mthumb -mfloat-abi=hard -mfpu=fpv4-sp-d16 -O0 -fmessage-length=0 -fsigned-char -ffunction-sections -fdata-sections -Wall  -g3 -T "C:/Users/RossHarvey/Documents/School/EE4951_REPO/Firmware/Production/ee4951_prodmcu/Project_Settings/Linker_Files/ProcessorExpert.ld" -Xlinker --gc-sections -L"C:/Users/RossHarvey/Documents/School/EE4951_REPO/Firmware/Production/ee4951_prodmcu/Project_Settings/Linker_Files" -Wl,-Map,"ee4951_prodmcu.map" -specs=nosys.specs -specs=nano.specs -Xlinker -z -Xlinker muldefs -o "ee4951_prodmcu.elf"  ./Static_Code/System/PE_low_level_init.o ./Static_Code/System/Peripherals_Init.o  ./Static_Code/Peripherals/PTA_Init.o  ./Sources/DutISense.o ./Sources/DutVSense.o ./Sources/Events.o ./Sources/SelfPower.o ./Sources/main.o  ./SDK/platform/utilities/src/fsl_debug_console.o ./SDK/platform/utilities/src/fsl_misc_utilities.o ./SDK/platform/utilities/src/print_scan.o  ./SDK/platform/system/src/interrupt/fsl_interrupt_manager.o  ./SDK/platform/system/src/hwtimer/fsl_hwtimer.o ./SDK/platform/system/src/hwtimer/fsl_hwtimer_pit.o  ./SDK/platform/system/src/clock/MK22F51212/fsl_clock_MK22F51212.o  ./SDK/platform/system/src/clock/fsl_clock_manager.o ./SDK/platform/system/src/clock/fsl_clock_manager_common.o  ./SDK/platform/osa/src/fsl_os_abstraction_bm.o  ./SDK/platform/hal/src/uart/fsl_uart_hal.o  ./SDK/platform/hal/src/sim/MK22F51212/fsl_sim_hal_MK22F51212.o  ./SDK/platform/hal/src/rtc/fsl_rtc_hal.o  ./SDK/platform/hal/src/port/fsl_port_hal.o  ./SDK/platform/hal/src/pit/fsl_pit_hal.o  ./SDK/platform/hal/src/osc/fsl_osc_hal.o  ./SDK/platform/hal/src/mcg/fsl_mcg_hal.o ./SDK/platform/hal/src/mcg/fsl_mcg_hal_modes.o  ./SDK/platform/hal/src/lpuart/fsl_lpuart_hal.o  ./SDK/platform/hal/src/gpio/fsl_gpio_hal.o  ./SDK/platform/hal/src/adc16/fsl_adc16_hal.o  ./SDK/platform/drivers/src/rtc/fsl_rtc_common.o  ./SDK/platform/drivers/src/pit/fsl_pit_common.o  ./SDK/platform/drivers/src/gpio/fsl_gpio_common.o ./SDK/platform/drivers/src/gpio/fsl_gpio_driver.o  ./SDK/platform/drivers/src/adc16/fsl_adc16_common.o ./SDK/platform/drivers/src/adc16/fsl_adc16_driver.o  ./SDK/platform/devices/MK22F51212/startup/gcc/startup_MK22F51212.o  ./SDK/platform/devices/MK22F51212/startup/system_MK22F51212.o  ./SDK/platform/devices/startup.o  ./Generated_Code/Cpu.o ./Generated_Code/DbgCs1.o ./Generated_Code/WAIT1.o ./Generated_Code/adc_trigger.o ./Generated_Code/clockMan1.o ./Generated_Code/dut_adc.o ./Generated_Code/dut_gpio.o ./Generated_Code/hardware_init.o ./Generated_Code/op_sys.o ./Generated_Code/opt_bits.o ./Generated_Code/pin_mux.o ./Generated_Code/self_adc.o ./Generated_Code/testgpio.o   
'Finished building target: ee4951_prodmcu.elf'
' '
'Invoking: Cross ARM GNU Print Size'
arm-none-eabi-size --format=berkeley "ee4951_prodmcu.elf"
   text	   data	    bss	    dec	    hex	filename
  32072	    128	   2468	  34668	   876c	ee4951_prodmcu.elf
'Finished building: ee4951_prodmcu.siz'
' '

16:10:58 Build Finished (took 1s.735ms)

