13:35:59 **** Clean-only build of configuration Debug for project ee4951_prodmcu ****
make clean 
rm -rf  ee4951_prodmcu.siz  ./Static_Code/System/PE_low_level_init.o  ./Sources/DutISense.o ./Sources/Events.o ./Sources/main.o  ./SDK/platform/utilities/src/fsl_debug_console.o ./SDK/platform/utilities/src/fsl_misc_utilities.o ./SDK/platform/utilities/src/print_scan.o  ./SDK/platform/system/src/interrupt/fsl_interrupt_manager.o  ./SDK/platform/system/src/clock/MK22F51212/fsl_clock_MK22F51212.o  ./SDK/platform/system/src/clock/fsl_clock_manager.o ./SDK/platform/system/src/clock/fsl_clock_manager_common.o  ./SDK/platform/osa/src/fsl_os_abstraction_bm.o  ./SDK/platform/hal/src/uart/fsl_uart_hal.o  ./SDK/platform/hal/src/sim/MK22F51212/fsl_sim_hal_MK22F51212.o  ./SDK/platform/hal/src/rtc/fsl_rtc_hal.o  ./SDK/platform/hal/src/port/fsl_port_hal.o  ./SDK/platform/hal/src/osc/fsl_osc_hal.o  ./SDK/platform/hal/src/mcg/fsl_mcg_hal.o ./SDK/platform/hal/src/mcg/fsl_mcg_hal_modes.o  ./SDK/platform/hal/src/lpuart/fsl_lpuart_hal.o  ./SDK/platform/hal/src/gpio/fsl_gpio_hal.o  ./SDK/platform/drivers/src/rtc/fsl_rtc_common.o  ./SDK/platform/drivers/src/gpio/fsl_gpio_common.o ./SDK/platform/drivers/src/gpio/fsl_gpio_driver.o  ./SDK/platform/devices/MK22F51212/startup/gcc/startup_MK22F51212.o  ./SDK/platform/devices/MK22F51212/startup/system_MK22F51212.o  ./SDK/platform/devices/startup.o  ./Generated_Code/Cpu.o ./Generated_Code/DbgCs1.o ./Generated_Code/WAIT1.o ./Generated_Code/clockMan1.o ./Generated_Code/dut_gpio.o ./Generated_Code/hardware_init.o ./Generated_Code/op_sys.o ./Generated_Code/pin_mux.o  ./Static_Code/System/PE_low_level_init.d  ./Sources/Events.d ./Sources/main.d  ./SDK/platform/utilities/src/fsl_debug_console.d ./SDK/platform/utilities/src/fsl_misc_utilities.d ./SDK/platform/utilities/src/print_scan.d  ./SDK/platform/system/src/interrupt/fsl_interrupt_manager.d  ./SDK/platform/system/src/clock/MK22F51212/fsl_clock_MK22F51212.d  ./SDK/platform/system/src/clock/fsl_clock_manager.d ./SDK/platform/system/src/clock/fsl_clock_manager_common.d  ./SDK/platform/osa/src/fsl_os_abstraction_bm.d  ./SDK/platform/hal/src/uart/fsl_uart_hal.d  ./SDK/platform/hal/src/sim/MK22F51212/fsl_sim_hal_MK22F51212.d  ./SDK/platform/hal/src/rtc/fsl_rtc_hal.d  ./SDK/platform/hal/src/port/fsl_port_hal.d  ./SDK/platform/hal/src/osc/fsl_osc_hal.d  ./SDK/platform/hal/src/mcg/fsl_mcg_hal.d ./SDK/platform/hal/src/mcg/fsl_mcg_hal_modes.d  ./SDK/platform/hal/src/lpuart/fsl_lpuart_hal.d  ./SDK/platform/hal/src/gpio/fsl_gpio_hal.d  ./SDK/platform/drivers/src/rtc/fsl_rtc_common.d  ./SDK/platform/drivers/src/gpio/fsl_gpio_common.d ./SDK/platform/drivers/src/gpio/fsl_gpio_driver.d  ./SDK/platform/devices/MK22F51212/startup/system_MK22F51212.d  ./SDK/platform/devices/startup.d  ./Generated_Code/Cpu.d ./Generated_Code/DbgCs1.d ./Generated_Code/WAIT1.d ./Generated_Code/clockMan1.d ./Generated_Code/dut_gpio.d ./Generated_Code/hardware_init.d ./Generated_Code/op_sys.d ./Generated_Code/pin_mux.d  ./Sources/DutISense.d  ./SDK/platform/devices/MK22F51212/startup/gcc/startup_MK22F51212.d  ee4951_prodmcu.elf
rm: Permission denied
make: [clean] Error 1 (ignored)
' '
13:35:59 **** Incremental Build of configuration Debug for project ee4951_prodmcu ****
make all 
'Building file: ../Static_Code/System/PE_low_level_init.c'
'Invoking: Cross ARM C Compiler'
arm-none-eabi-gcc -mcpu=cortex-m4 -mthumb -mfloat-abi=hard -mfpu=fpv4-sp-d16 -O0 -fmessage-length=0 -fsigned-char -ffunction-sections -fdata-sections -Wall  -g3 -D"CPU_MK22FN512VLL12" -D"FSL_OSA_BM_TIMER_CONFIG=0" -I"C:/Users/RossHarvey/Documents/School/EE4951_REPO/Firmware/Production/ee4951_prodmcu/SDK/platform/hal/inc" -I"C:/Users/RossHarvey/Documents/School/EE4951_REPO/Firmware/Production/ee4951_prodmcu/SDK/platform/hal/src/sim/MK22F51212" -I"C:/Users/RossHarvey/Documents/School/EE4951_REPO/Firmware/Production/ee4951_prodmcu/SDK/platform/system/src/clock/MK22F51212" -I"C:/Users/RossHarvey/Documents/School/EE4951_REPO/Firmware/Production/ee4951_prodmcu/SDK/platform/system/inc" -I"C:/Users/RossHarvey/Documents/School/EE4951_REPO/Firmware/Production/ee4951_prodmcu/SDK/platform/osa/inc" -I"C:/Users/RossHarvey/Documents/School/EE4951_REPO/Firmware/Production/ee4951_prodmcu/SDK/platform/CMSIS/Include" -I"C:/Users/RossHarvey/Documents/School/EE4951_REPO/Firmware/Production/ee4951_prodmcu/SDK/platform/devices" -I"C:/Users/RossHarvey/Documents/School/EE4951_REPO/Firmware/Production/ee4951_prodmcu/SDK/platform/devices/MK22F51212/include" -I"C:/Users/RossHarvey/Documents/School/EE4951_REPO/Firmware/Production/ee4951_prodmcu/SDK/platform/utilities/src" -I"C:/Users/RossHarvey/Documents/School/EE4951_REPO/Firmware/Production/ee4951_prodmcu/SDK/platform/utilities/inc" -I"C:/Users/RossHarvey/Documents/School/EE4951_REPO/Firmware/Production/ee4951_prodmcu/SDK/platform/devices/MK22F51212/startup" -I"C:/Users/RossHarvey/Documents/School/EE4951_REPO/Firmware/Production/ee4951_prodmcu/Generated_Code/SDK/platform/devices/MK22F51212/startup" -I"C:/Users/RossHarvey/Documents/School/EE4951_REPO/Firmware/Production/ee4951_prodmcu/Sources" -I"C:/Users/RossHarvey/Documents/School/EE4951_REPO/Firmware/Production/ee4951_prodmcu/Generated_Code" -I"C:/Users/RossHarvey/Documents/School/EE4951_REPO/Firmware/Production/ee4951_prodmcu/SDK/platform/drivers/inc" -std=c99 -MMD -MP -MF"Static_Code/System/PE_low_level_init.d" -MT"Static_Code/System/PE_low_level_init.o" -c -o "Static_Code/System/PE_low_level_init.o" "../Static_Code/System/PE_low_level_init.c"
'Finished building: ../Static_Code/System/PE_low_level_init.c'
' '
'Building file: ../Sources/DutISense.cpp'
'Invoking: Cross ARM C++ Compiler'
arm-none-eabi-g++ -mcpu=cortex-m4 -mthumb -mfloat-abi=hard -mfpu=fpv4-sp-d16 -O0 -fmessage-length=0 -fsigned-char -ffunction-sections -fdata-sections -Wall  -g3 -D"CPU_MK22FN512VLL12" -D"FSL_OSA_BM_TIMER_CONFIG=0" -I"C:/Users/RossHarvey/Documents/School/EE4951_REPO/Firmware/Production/ee4951_prodmcu/SDK/platform/hal/inc" -I"C:/Users/RossHarvey/Documents/School/EE4951_REPO/Firmware/Production/ee4951_prodmcu/SDK/platform/hal/src/sim/MK22F51212" -I"C:/Users/RossHarvey/Documents/School/EE4951_REPO/Firmware/Production/ee4951_prodmcu/SDK/platform/system/src/clock/MK22F51212" -I"C:/Users/RossHarvey/Documents/School/EE4951_REPO/Firmware/Production/ee4951_prodmcu/SDK/platform/system/inc" -I"C:/Users/RossHarvey/Documents/School/EE4951_REPO/Firmware/Production/ee4951_prodmcu/SDK/platform/osa/inc" -I"C:/Users/RossHarvey/Documents/School/EE4951_REPO/Firmware/Production/ee4951_prodmcu/SDK/platform/CMSIS/Include" -I"C:/Users/RossHarvey/Documents/School/EE4951_REPO/Firmware/Production/ee4951_prodmcu/SDK/platform/devices" -I"C:/Users/RossHarvey/Documents/School/EE4951_REPO/Firmware/Production/ee4951_prodmcu/SDK/platform/devices/MK22F51212/include" -I"C:/Users/RossHarvey/Documents/School/EE4951_REPO/Firmware/Production/ee4951_prodmcu/SDK/platform/utilities/src" -I"C:/Users/RossHarvey/Documents/School/EE4951_REPO/Firmware/Production/ee4951_prodmcu/SDK/platform/utilities/inc" -I"C:/Users/RossHarvey/Documents/School/EE4951_REPO/Firmware/Production/ee4951_prodmcu/SDK/platform/devices/MK22F51212/startup" -I"C:/Users/RossHarvey/Documents/School/EE4951_REPO/Firmware/Production/ee4951_prodmcu/Generated_Code/SDK/platform/devices/MK22F51212/startup" -I"C:/Users/RossHarvey/Documents/School/EE4951_REPO/Firmware/Production/ee4951_prodmcu/Sources" -I"C:/Users/RossHarvey/Documents/School/EE4951_REPO/Firmware/Production/ee4951_prodmcu/Generated_Code" -I"C:/Users/RossHarvey/Documents/School/EE4951_REPO/Firmware/Production/ee4951_prodmcu/SDK/platform/drivers/inc" -std=gnu++11 -fabi-version=0 -MMD -MP -MF"Sources/DutISense.d" -MT"Sources/DutISense.o" -c -o "Sources/DutISense.o" "../Sources/DutISense.cpp"
'Finished building: ../Sources/DutISense.cpp'
' '
'Building file: ../Sources/Events.c'
'Invoking: Cross ARM C Compiler'
arm-none-eabi-gcc -mcpu=cortex-m4 -mthumb -mfloat-abi=hard -mfpu=fpv4-sp-d16 -O0 -fmessage-length=0 -fsigned-char -ffunction-sections -fdata-sections -Wall  -g3 -D"CPU_MK22FN512VLL12" -D"FSL_OSA_BM_TIMER_CONFIG=0" -I"C:/Users/RossHarvey/Documents/School/EE4951_REPO/Firmware/Production/ee4951_prodmcu/SDK/platform/hal/inc" -I"C:/Users/RossHarvey/Documents/School/EE4951_REPO/Firmware/Production/ee4951_prodmcu/SDK/platform/hal/src/sim/MK22F51212" -I"C:/Users/RossHarvey/Documents/School/EE4951_REPO/Firmware/Production/ee4951_prodmcu/SDK/platform/system/src/clock/MK22F51212" -I"C:/Users/RossHarvey/Documents/School/EE4951_REPO/Firmware/Production/ee4951_prodmcu/SDK/platform/system/inc" -I"C:/Users/RossHarvey/Documents/School/EE4951_REPO/Firmware/Production/ee4951_prodmcu/SDK/platform/osa/inc" -I"C:/Users/RossHarvey/Documents/School/EE4951_REPO/Firmware/Production/ee4951_prodmcu/SDK/platform/CMSIS/Include" -I"C:/Users/RossHarvey/Documents/School/EE4951_REPO/Firmware/Production/ee4951_prodmcu/SDK/platform/devices" -I"C:/Users/RossHarvey/Documents/School/EE4951_REPO/Firmware/Production/ee4951_prodmcu/SDK/platform/devices/MK22F51212/include" -I"C:/Users/RossHarvey/Documents/School/EE4951_REPO/Firmware/Production/ee4951_prodmcu/SDK/platform/utilities/src" -I"C:/Users/RossHarvey/Documents/School/EE4951_REPO/Firmware/Production/ee4951_prodmcu/SDK/platform/utilities/inc" -I"C:/Users/RossHarvey/Documents/School/EE4951_REPO/Firmware/Production/ee4951_prodmcu/SDK/platform/devices/MK22F51212/startup" -I"C:/Users/RossHarvey/Documents/School/EE4951_REPO/Firmware/Production/ee4951_prodmcu/Generated_Code/SDK/platform/devices/MK22F51212/startup" -I"C:/Users/RossHarvey/Documents/School/EE4951_REPO/Firmware/Production/ee4951_prodmcu/Sources" -I"C:/Users/RossHarvey/Documents/School/EE4951_REPO/Firmware/Production/ee4951_prodmcu/Generated_Code" -I"C:/Users/RossHarvey/Documents/School/EE4951_REPO/Firmware/Production/ee4951_prodmcu/SDK/platform/drivers/inc" -std=c99 -MMD -MP -MF"Sources/Events.d" -MT"Sources/Events.o" -c -o "Sources/Events.o" "../Sources/Events.c"
'Finished building: ../Sources/Events.c'
' '
'Building file: ../Sources/main.cpp'
'Invoking: Cross ARM C++ Compiler'
arm-none-eabi-g++ -mcpu=cortex-m4 -mthumb -mfloat-abi=hard -mfpu=fpv4-sp-d16 -O0 -fmessage-length=0 -fsigned-char -ffunction-sections -fdata-sections -Wall  -g3 -D"CPU_MK22FN512VLL12" -D"FSL_OSA_BM_TIMER_CONFIG=0" -I"C:/Users/RossHarvey/Documents/School/EE4951_REPO/Firmware/Production/ee4951_prodmcu/SDK/platform/hal/inc" -I"C:/Users/RossHarvey/Documents/School/EE4951_REPO/Firmware/Production/ee4951_prodmcu/SDK/platform/hal/src/sim/MK22F51212" -I"C:/Users/RossHarvey/Documents/School/EE4951_REPO/Firmware/Production/ee4951_prodmcu/SDK/platform/system/src/clock/MK22F51212" -I"C:/Users/RossHarvey/Documents/School/EE4951_REPO/Firmware/Production/ee4951_prodmcu/SDK/platform/system/inc" -I"C:/Users/RossHarvey/Documents/School/EE4951_REPO/Firmware/Production/ee4951_prodmcu/SDK/platform/osa/inc" -I"C:/Users/RossHarvey/Documents/School/EE4951_REPO/Firmware/Production/ee4951_prodmcu/SDK/platform/CMSIS/Include" -I"C:/Users/RossHarvey/Documents/School/EE4951_REPO/Firmware/Production/ee4951_prodmcu/SDK/platform/devices" -I"C:/Users/RossHarvey/Documents/School/EE4951_REPO/Firmware/Production/ee4951_prodmcu/SDK/platform/devices/MK22F51212/include" -I"C:/Users/RossHarvey/Documents/School/EE4951_REPO/Firmware/Production/ee4951_prodmcu/SDK/platform/utilities/src" -I"C:/Users/RossHarvey/Documents/School/EE4951_REPO/Firmware/Production/ee4951_prodmcu/SDK/platform/utilities/inc" -I"C:/Users/RossHarvey/Documents/School/EE4951_REPO/Firmware/Production/ee4951_prodmcu/SDK/platform/devices/MK22F51212/startup" -I"C:/Users/RossHarvey/Documents/School/EE4951_REPO/Firmware/Production/ee4951_prodmcu/Generated_Code/SDK/platform/devices/MK22F51212/startup" -I"C:/Users/RossHarvey/Documents/School/EE4951_REPO/Firmware/Production/ee4951_prodmcu/Sources" -I"C:/Users/RossHarvey/Documents/School/EE4951_REPO/Firmware/Production/ee4951_prodmcu/Generated_Code" -I"C:/Users/RossHarvey/Documents/School/EE4951_REPO/Firmware/Production/ee4951_prodmcu/SDK/platform/drivers/inc" -std=gnu++11 -fabi-version=0 -MMD -MP -MF"Sources/main.d" -MT"Sources/main.o" -c -o "Sources/main.o" "../Sources/main.cpp"
../Sources/main.cpp: In function 'int main()':
../Sources/main.cpp:63:11: warning: variable 'activeRange' set but not used [-Wunused-but-set-variable]
   uint8_t activeRange;
           ^
'Finished building: ../Sources/main.cpp'
' '
'Building file: ../SDK/platform/utilities/src/fsl_debug_console.c'
'Invoking: Cross ARM C Compiler'
arm-none-eabi-gcc -mcpu=cortex-m4 -mthumb -mfloat-abi=hard -mfpu=fpv4-sp-d16 -O0 -fmessage-length=0 -fsigned-char -ffunction-sections -fdata-sections -Wall  -g3 -D"CPU_MK22FN512VLL12" -D"FSL_OSA_BM_TIMER_CONFIG=0" -I"C:/Users/RossHarvey/Documents/School/EE4951_REPO/Firmware/Production/ee4951_prodmcu/SDK/platform/hal/inc" -I"C:/Users/RossHarvey/Documents/School/EE4951_REPO/Firmware/Production/ee4951_prodmcu/SDK/platform/hal/src/sim/MK22F51212" -I"C:/Users/RossHarvey/Documents/School/EE4951_REPO/Firmware/Production/ee4951_prodmcu/SDK/platform/system/src/clock/MK22F51212" -I"C:/Users/RossHarvey/Documents/School/EE4951_REPO/Firmware/Production/ee4951_prodmcu/SDK/platform/system/inc" -I"C:/Users/RossHarvey/Documents/School/EE4951_REPO/Firmware/Production/ee4951_prodmcu/SDK/platform/osa/inc" -I"C:/Users/RossHarvey/Documents/School/EE4951_REPO/Firmware/Production/ee4951_prodmcu/SDK/platform/CMSIS/Include" -I"C:/Users/RossHarvey/Documents/School/EE4951_REPO/Firmware/Production/ee4951_prodmcu/SDK/platform/devices" -I"C:/Users/RossHarvey/Documents/School/EE4951_REPO/Firmware/Production/ee4951_prodmcu/SDK/platform/devices/MK22F51212/include" -I"C:/Users/RossHarvey/Documents/School/EE4951_REPO/Firmware/Production/ee4951_prodmcu/SDK/platform/utilities/src" -I"C:/Users/RossHarvey/Documents/School/EE4951_REPO/Firmware/Production/ee4951_prodmcu/SDK/platform/utilities/inc" -I"C:/Users/RossHarvey/Documents/School/EE4951_REPO/Firmware/Production/ee4951_prodmcu/SDK/platform/devices/MK22F51212/startup" -I"C:/Users/RossHarvey/Documents/School/EE4951_REPO/Firmware/Production/ee4951_prodmcu/Generated_Code/SDK/platform/devices/MK22F51212/startup" -I"C:/Users/RossHarvey/Documents/School/EE4951_REPO/Firmware/Production/ee4951_prodmcu/Sources" -I"C:/Users/RossHarvey/Documents/School/EE4951_REPO/Firmware/Production/ee4951_prodmcu/Generated_Code" -I"C:/Users/RossHarvey/Documents/School/EE4951_REPO/Firmware/Production/ee4951_prodmcu/SDK/platform/drivers/inc" -std=c99 -MMD -MP -MF"SDK/platform/utilities/src/fsl_debug_console.d" -MT"SDK/platform/utilities/src/fsl_debug_console.o" -c -o "SDK/platform/utilities/src/fsl_debug_console.o" "../SDK/platform/utilities/src/fsl_debug_console.c"
'Finished building: ../SDK/platform/utilities/src/fsl_debug_console.c'
' '
'Building file: ../SDK/platform/utilities/src/fsl_misc_utilities.c'
'Invoking: Cross ARM C Compiler'
arm-none-eabi-gcc -mcpu=cortex-m4 -mthumb -mfloat-abi=hard -mfpu=fpv4-sp-d16 -O0 -fmessage-length=0 -fsigned-char -ffunction-sections -fdata-sections -Wall  -g3 -D"CPU_MK22FN512VLL12" -D"FSL_OSA_BM_TIMER_CONFIG=0" -I"C:/Users/RossHarvey/Documents/School/EE4951_REPO/Firmware/Production/ee4951_prodmcu/SDK/platform/hal/inc" -I"C:/Users/RossHarvey/Documents/School/EE4951_REPO/Firmware/Production/ee4951_prodmcu/SDK/platform/hal/src/sim/MK22F51212" -I"C:/Users/RossHarvey/Documents/School/EE4951_REPO/Firmware/Production/ee4951_prodmcu/SDK/platform/system/src/clock/MK22F51212" -I"C:/Users/RossHarvey/Documents/School/EE4951_REPO/Firmware/Production/ee4951_prodmcu/SDK/platform/system/inc" -I"C:/Users/RossHarvey/Documents/School/EE4951_REPO/Firmware/Production/ee4951_prodmcu/SDK/platform/osa/inc" -I"C:/Users/RossHarvey/Documents/School/EE4951_REPO/Firmware/Production/ee4951_prodmcu/SDK/platform/CMSIS/Include" -I"C:/Users/RossHarvey/Documents/School/EE4951_REPO/Firmware/Production/ee4951_prodmcu/SDK/platform/devices" -I"C:/Users/RossHarvey/Documents/School/EE4951_REPO/Firmware/Production/ee4951_prodmcu/SDK/platform/devices/MK22F51212/include" -I"C:/Users/RossHarvey/Documents/School/EE4951_REPO/Firmware/Production/ee4951_prodmcu/SDK/platform/utilities/src" -I"C:/Users/RossHarvey/Documents/School/EE4951_REPO/Firmware/Production/ee4951_prodmcu/SDK/platform/utilities/inc" -I"C:/Users/RossHarvey/Documents/School/EE4951_REPO/Firmware/Production/ee4951_prodmcu/SDK/platform/devices/MK22F51212/startup" -I"C:/Users/RossHarvey/Documents/School/EE4951_REPO/Firmware/Production/ee4951_prodmcu/Generated_Code/SDK/platform/devices/MK22F51212/startup" -I"C:/Users/RossHarvey/Documents/School/EE4951_REPO/Firmware/Production/ee4951_prodmcu/Sources" -I"C:/Users/RossHarvey/Documents/School/EE4951_REPO/Firmware/Production/ee4951_prodmcu/Generated_Code" -I"C:/Users/RossHarvey/Documents/School/EE4951_REPO/Firmware/Production/ee4951_prodmcu/SDK/platform/drivers/inc" -std=c99 -MMD -MP -MF"SDK/platform/utilities/src/fsl_misc_utilities.d" -MT"SDK/platform/utilities/src/fsl_misc_utilities.o" -c -o "SDK/platform/utilities/src/fsl_misc_utilities.o" "../SDK/platform/utilities/src/fsl_misc_utilities.c"
'Finished building: ../SDK/platform/utilities/src/fsl_misc_utilities.c'
' '
'Building file: ../SDK/platform/utilities/src/print_scan.c'
'Invoking: Cross ARM C Compiler'
arm-none-eabi-gcc -mcpu=cortex-m4 -mthumb -mfloat-abi=hard -mfpu=fpv4-sp-d16 -O0 -fmessage-length=0 -fsigned-char -ffunction-sections -fdata-sections -Wall  -g3 -D"CPU_MK22FN512VLL12" -D"FSL_OSA_BM_TIMER_CONFIG=0" -I"C:/Users/RossHarvey/Documents/School/EE4951_REPO/Firmware/Production/ee4951_prodmcu/SDK/platform/hal/inc" -I"C:/Users/RossHarvey/Documents/School/EE4951_REPO/Firmware/Production/ee4951_prodmcu/SDK/platform/hal/src/sim/MK22F51212" -I"C:/Users/RossHarvey/Documents/School/EE4951_REPO/Firmware/Production/ee4951_prodmcu/SDK/platform/system/src/clock/MK22F51212" -I"C:/Users/RossHarvey/Documents/School/EE4951_REPO/Firmware/Production/ee4951_prodmcu/SDK/platform/system/inc" -I"C:/Users/RossHarvey/Documents/School/EE4951_REPO/Firmware/Production/ee4951_prodmcu/SDK/platform/osa/inc" -I"C:/Users/RossHarvey/Documents/School/EE4951_REPO/Firmware/Production/ee4951_prodmcu/SDK/platform/CMSIS/Include" -I"C:/Users/RossHarvey/Documents/School/EE4951_REPO/Firmware/Production/ee4951_prodmcu/SDK/platform/devices" -I"C:/Users/RossHarvey/Documents/School/EE4951_REPO/Firmware/Production/ee4951_prodmcu/SDK/platform/devices/MK22F51212/include" -I"C:/Users/RossHarvey/Documents/School/EE4951_REPO/Firmware/Production/ee4951_prodmcu/SDK/platform/utilities/src" -I"C:/Users/RossHarvey/Documents/School/EE4951_REPO/Firmware/Production/ee4951_prodmcu/SDK/platform/utilities/inc" -I"C:/Users/RossHarvey/Documents/School/EE4951_REPO/Firmware/Production/ee4951_prodmcu/SDK/platform/devices/MK22F51212/startup" -I"C:/Users/RossHarvey/Documents/School/EE4951_REPO/Firmware/Production/ee4951_prodmcu/Generated_Code/SDK/platform/devices/MK22F51212/startup" -I"C:/Users/RossHarvey/Documents/School/EE4951_REPO/Firmware/Production/ee4951_prodmcu/Sources" -I"C:/Users/RossHarvey/Documents/School/EE4951_REPO/Firmware/Production/ee4951_prodmcu/Generated_Code" -I"C:/Users/RossHarvey/Documents/School/EE4951_REPO/Firmware/Production/ee4951_prodmcu/SDK/platform/drivers/inc" -std=c99 -MMD -MP -MF"SDK/platform/utilities/src/print_scan.d" -MT"SDK/platform/utilities/src/print_scan.o" -c -o "SDK/platform/utilities/src/print_scan.o" "../SDK/platform/utilities/src/print_scan.c"
'Finished building: ../SDK/platform/utilities/src/print_scan.c'
' '
'Building file: ../SDK/platform/system/src/interrupt/fsl_interrupt_manager.c'
'Invoking: Cross ARM C Compiler'
arm-none-eabi-gcc -mcpu=cortex-m4 -mthumb -mfloat-abi=hard -mfpu=fpv4-sp-d16 -O0 -fmessage-length=0 -fsigned-char -ffunction-sections -fdata-sections -Wall  -g3 -D"CPU_MK22FN512VLL12" -D"FSL_OSA_BM_TIMER_CONFIG=0" -I"C:/Users/RossHarvey/Documents/School/EE4951_REPO/Firmware/Production/ee4951_prodmcu/SDK/platform/hal/inc" -I"C:/Users/RossHarvey/Documents/School/EE4951_REPO/Firmware/Production/ee4951_prodmcu/SDK/platform/hal/src/sim/MK22F51212" -I"C:/Users/RossHarvey/Documents/School/EE4951_REPO/Firmware/Production/ee4951_prodmcu/SDK/platform/system/src/clock/MK22F51212" -I"C:/Users/RossHarvey/Documents/School/EE4951_REPO/Firmware/Production/ee4951_prodmcu/SDK/platform/system/inc" -I"C:/Users/RossHarvey/Documents/School/EE4951_REPO/Firmware/Production/ee4951_prodmcu/SDK/platform/osa/inc" -I"C:/Users/RossHarvey/Documents/School/EE4951_REPO/Firmware/Production/ee4951_prodmcu/SDK/platform/CMSIS/Include" -I"C:/Users/RossHarvey/Documents/School/EE4951_REPO/Firmware/Production/ee4951_prodmcu/SDK/platform/devices" -I"C:/Users/RossHarvey/Documents/School/EE4951_REPO/Firmware/Production/ee4951_prodmcu/SDK/platform/devices/MK22F51212/include" -I"C:/Users/RossHarvey/Documents/School/EE4951_REPO/Firmware/Production/ee4951_prodmcu/SDK/platform/utilities/src" -I"C:/Users/RossHarvey/Documents/School/EE4951_REPO/Firmware/Production/ee4951_prodmcu/SDK/platform/utilities/inc" -I"C:/Users/RossHarvey/Documents/School/EE4951_REPO/Firmware/Production/ee4951_prodmcu/SDK/platform/devices/MK22F51212/startup" -I"C:/Users/RossHarvey/Documents/School/EE4951_REPO/Firmware/Production/ee4951_prodmcu/Generated_Code/SDK/platform/devices/MK22F51212/startup" -I"C:/Users/RossHarvey/Documents/School/EE4951_REPO/Firmware/Production/ee4951_prodmcu/Sources" -I"C:/Users/RossHarvey/Documents/School/EE4951_REPO/Firmware/Production/ee4951_prodmcu/Generated_Code" -I"C:/Users/RossHarvey/Documents/School/EE4951_REPO/Firmware/Production/ee4951_prodmcu/SDK/platform/drivers/inc" -std=c99 -MMD -MP -MF"SDK/platform/system/src/interrupt/fsl_interrupt_manager.d" -MT"SDK/platform/system/src/interrupt/fsl_interrupt_manager.o" -c -o "SDK/platform/system/src/interrupt/fsl_interrupt_manager.o" "../SDK/platform/system/src/interrupt/fsl_interrupt_manager.c"
'Finished building: ../SDK/platform/system/src/interrupt/fsl_interrupt_manager.c'
' '
'Building file: ../SDK/platform/system/src/clock/MK22F51212/fsl_clock_MK22F51212.c'
'Invoking: Cross ARM C Compiler'
arm-none-eabi-gcc -mcpu=cortex-m4 -mthumb -mfloat-abi=hard -mfpu=fpv4-sp-d16 -O0 -fmessage-length=0 -fsigned-char -ffunction-sections -fdata-sections -Wall  -g3 -D"CPU_MK22FN512VLL12" -D"FSL_OSA_BM_TIMER_CONFIG=0" -I"C:/Users/RossHarvey/Documents/School/EE4951_REPO/Firmware/Production/ee4951_prodmcu/SDK/platform/hal/inc" -I"C:/Users/RossHarvey/Documents/School/EE4951_REPO/Firmware/Production/ee4951_prodmcu/SDK/platform/hal/src/sim/MK22F51212" -I"C:/Users/RossHarvey/Documents/School/EE4951_REPO/Firmware/Production/ee4951_prodmcu/SDK/platform/system/src/clock/MK22F51212" -I"C:/Users/RossHarvey/Documents/School/EE4951_REPO/Firmware/Production/ee4951_prodmcu/SDK/platform/system/inc" -I"C:/Users/RossHarvey/Documents/School/EE4951_REPO/Firmware/Production/ee4951_prodmcu/SDK/platform/osa/inc" -I"C:/Users/RossHarvey/Documents/School/EE4951_REPO/Firmware/Production/ee4951_prodmcu/SDK/platform/CMSIS/Include" -I"C:/Users/RossHarvey/Documents/School/EE4951_REPO/Firmware/Production/ee4951_prodmcu/SDK/platform/devices" -I"C:/Users/RossHarvey/Documents/School/EE4951_REPO/Firmware/Production/ee4951_prodmcu/SDK/platform/devices/MK22F51212/include" -I"C:/Users/RossHarvey/Documents/School/EE4951_REPO/Firmware/Production/ee4951_prodmcu/SDK/platform/utilities/src" -I"C:/Users/RossHarvey/Documents/School/EE4951_REPO/Firmware/Production/ee4951_prodmcu/SDK/platform/utilities/inc" -I"C:/Users/RossHarvey/Documents/School/EE4951_REPO/Firmware/Production/ee4951_prodmcu/SDK/platform/devices/MK22F51212/startup" -I"C:/Users/RossHarvey/Documents/School/EE4951_REPO/Firmware/Production/ee4951_prodmcu/Generated_Code/SDK/platform/devices/MK22F51212/startup" -I"C:/Users/RossHarvey/Documents/School/EE4951_REPO/Firmware/Production/ee4951_prodmcu/Sources" -I"C:/Users/RossHarvey/Documents/School/EE4951_REPO/Firmware/Production/ee4951_prodmcu/Generated_Code" -I"C:/Users/RossHarvey/Documents/School/EE4951_REPO/Firmware/Production/ee4951_prodmcu/SDK/platform/drivers/inc" -std=c99 -MMD -MP -MF"SDK/platform/system/src/clock/MK22F51212/fsl_clock_MK22F51212.d" -MT"SDK/platform/system/src/clock/MK22F51212/fsl_clock_MK22F51212.o" -c -o "SDK/platform/system/src/clock/MK22F51212/fsl_clock_MK22F51212.o" "../SDK/platform/system/src/clock/MK22F51212/fsl_clock_MK22F51212.c"
'Finished building: ../SDK/platform/system/src/clock/MK22F51212/fsl_clock_MK22F51212.c'
' '
'Building file: ../SDK/platform/system/src/clock/fsl_clock_manager.c'
'Invoking: Cross ARM C Compiler'
arm-none-eabi-gcc -mcpu=cortex-m4 -mthumb -mfloat-abi=hard -mfpu=fpv4-sp-d16 -O0 -fmessage-length=0 -fsigned-char -ffunction-sections -fdata-sections -Wall  -g3 -D"CPU_MK22FN512VLL12" -D"FSL_OSA_BM_TIMER_CONFIG=0" -I"C:/Users/RossHarvey/Documents/School/EE4951_REPO/Firmware/Production/ee4951_prodmcu/SDK/platform/hal/inc" -I"C:/Users/RossHarvey/Documents/School/EE4951_REPO/Firmware/Production/ee4951_prodmcu/SDK/platform/hal/src/sim/MK22F51212" -I"C:/Users/RossHarvey/Documents/School/EE4951_REPO/Firmware/Production/ee4951_prodmcu/SDK/platform/system/src/clock/MK22F51212" -I"C:/Users/RossHarvey/Documents/School/EE4951_REPO/Firmware/Production/ee4951_prodmcu/SDK/platform/system/inc" -I"C:/Users/RossHarvey/Documents/School/EE4951_REPO/Firmware/Production/ee4951_prodmcu/SDK/platform/osa/inc" -I"C:/Users/RossHarvey/Documents/School/EE4951_REPO/Firmware/Production/ee4951_prodmcu/SDK/platform/CMSIS/Include" -I"C:/Users/RossHarvey/Documents/School/EE4951_REPO/Firmware/Production/ee4951_prodmcu/SDK/platform/devices" -I"C:/Users/RossHarvey/Documents/School/EE4951_REPO/Firmware/Production/ee4951_prodmcu/SDK/platform/devices/MK22F51212/include" -I"C:/Users/RossHarvey/Documents/School/EE4951_REPO/Firmware/Production/ee4951_prodmcu/SDK/platform/utilities/src" -I"C:/Users/RossHarvey/Documents/School/EE4951_REPO/Firmware/Production/ee4951_prodmcu/SDK/platform/utilities/inc" -I"C:/Users/RossHarvey/Documents/School/EE4951_REPO/Firmware/Production/ee4951_prodmcu/SDK/platform/devices/MK22F51212/startup" -I"C:/Users/RossHarvey/Documents/School/EE4951_REPO/Firmware/Production/ee4951_prodmcu/Generated_Code/SDK/platform/devices/MK22F51212/startup" -I"C:/Users/RossHarvey/Documents/School/EE4951_REPO/Firmware/Production/ee4951_prodmcu/Sources" -I"C:/Users/RossHarvey/Documents/School/EE4951_REPO/Firmware/Production/ee4951_prodmcu/Generated_Code" -I"C:/Users/RossHarvey/Documents/School/EE4951_REPO/Firmware/Production/ee4951_prodmcu/SDK/platform/drivers/inc" -std=c99 -MMD -MP -MF"SDK/platform/system/src/clock/fsl_clock_manager.d" -MT"SDK/platform/system/src/clock/fsl_clock_manager.o" -c -o "SDK/platform/system/src/clock/fsl_clock_manager.o" "../SDK/platform/system/src/clock/fsl_clock_manager.c"
'Finished building: ../SDK/platform/system/src/clock/fsl_clock_manager.c'
' '
'Building file: ../SDK/platform/system/src/clock/fsl_clock_manager_common.c'
'Invoking: Cross ARM C Compiler'
arm-none-eabi-gcc -mcpu=cortex-m4 -mthumb -mfloat-abi=hard -mfpu=fpv4-sp-d16 -O0 -fmessage-length=0 -fsigned-char -ffunction-sections -fdata-sections -Wall  -g3 -D"CPU_MK22FN512VLL12" -D"FSL_OSA_BM_TIMER_CONFIG=0" -I"C:/Users/RossHarvey/Documents/School/EE4951_REPO/Firmware/Production/ee4951_prodmcu/SDK/platform/hal/inc" -I"C:/Users/RossHarvey/Documents/School/EE4951_REPO/Firmware/Production/ee4951_prodmcu/SDK/platform/hal/src/sim/MK22F51212" -I"C:/Users/RossHarvey/Documents/School/EE4951_REPO/Firmware/Production/ee4951_prodmcu/SDK/platform/system/src/clock/MK22F51212" -I"C:/Users/RossHarvey/Documents/School/EE4951_REPO/Firmware/Production/ee4951_prodmcu/SDK/platform/system/inc" -I"C:/Users/RossHarvey/Documents/School/EE4951_REPO/Firmware/Production/ee4951_prodmcu/SDK/platform/osa/inc" -I"C:/Users/RossHarvey/Documents/School/EE4951_REPO/Firmware/Production/ee4951_prodmcu/SDK/platform/CMSIS/Include" -I"C:/Users/RossHarvey/Documents/School/EE4951_REPO/Firmware/Production/ee4951_prodmcu/SDK/platform/devices" -I"C:/Users/RossHarvey/Documents/School/EE4951_REPO/Firmware/Production/ee4951_prodmcu/SDK/platform/devices/MK22F51212/include" -I"C:/Users/RossHarvey/Documents/School/EE4951_REPO/Firmware/Production/ee4951_prodmcu/SDK/platform/utilities/src" -I"C:/Users/RossHarvey/Documents/School/EE4951_REPO/Firmware/Production/ee4951_prodmcu/SDK/platform/utilities/inc" -I"C:/Users/RossHarvey/Documents/School/EE4951_REPO/Firmware/Production/ee4951_prodmcu/SDK/platform/devices/MK22F51212/startup" -I"C:/Users/RossHarvey/Documents/School/EE4951_REPO/Firmware/Production/ee4951_prodmcu/Generated_Code/SDK/platform/devices/MK22F51212/startup" -I"C:/Users/RossHarvey/Documents/School/EE4951_REPO/Firmware/Production/ee4951_prodmcu/Sources" -I"C:/Users/RossHarvey/Documents/School/EE4951_REPO/Firmware/Production/ee4951_prodmcu/Generated_Code" -I"C:/Users/RossHarvey/Documents/School/EE4951_REPO/Firmware/Production/ee4951_prodmcu/SDK/platform/drivers/inc" -std=c99 -MMD -MP -MF"SDK/platform/system/src/clock/fsl_clock_manager_common.d" -MT"SDK/platform/system/src/clock/fsl_clock_manager_common.o" -c -o "SDK/platform/system/src/clock/fsl_clock_manager_common.o" "../SDK/platform/system/src/clock/fsl_clock_manager_common.c"
'Finished building: ../SDK/platform/system/src/clock/fsl_clock_manager_common.c'
' '
'Building file: ../SDK/platform/osa/src/fsl_os_abstraction_bm.c'
'Invoking: Cross ARM C Compiler'
arm-none-eabi-gcc -mcpu=cortex-m4 -mthumb -mfloat-abi=hard -mfpu=fpv4-sp-d16 -O0 -fmessage-length=0 -fsigned-char -ffunction-sections -fdata-sections -Wall  -g3 -D"CPU_MK22FN512VLL12" -D"FSL_OSA_BM_TIMER_CONFIG=0" -I"C:/Users/RossHarvey/Documents/School/EE4951_REPO/Firmware/Production/ee4951_prodmcu/SDK/platform/hal/inc" -I"C:/Users/RossHarvey/Documents/School/EE4951_REPO/Firmware/Production/ee4951_prodmcu/SDK/platform/hal/src/sim/MK22F51212" -I"C:/Users/RossHarvey/Documents/School/EE4951_REPO/Firmware/Production/ee4951_prodmcu/SDK/platform/system/src/clock/MK22F51212" -I"C:/Users/RossHarvey/Documents/School/EE4951_REPO/Firmware/Production/ee4951_prodmcu/SDK/platform/system/inc" -I"C:/Users/RossHarvey/Documents/School/EE4951_REPO/Firmware/Production/ee4951_prodmcu/SDK/platform/osa/inc" -I"C:/Users/RossHarvey/Documents/School/EE4951_REPO/Firmware/Production/ee4951_prodmcu/SDK/platform/CMSIS/Include" -I"C:/Users/RossHarvey/Documents/School/EE4951_REPO/Firmware/Production/ee4951_prodmcu/SDK/platform/devices" -I"C:/Users/RossHarvey/Documents/School/EE4951_REPO/Firmware/Production/ee4951_prodmcu/SDK/platform/devices/MK22F51212/include" -I"C:/Users/RossHarvey/Documents/School/EE4951_REPO/Firmware/Production/ee4951_prodmcu/SDK/platform/utilities/src" -I"C:/Users/RossHarvey/Documents/School/EE4951_REPO/Firmware/Production/ee4951_prodmcu/SDK/platform/utilities/inc" -I"C:/Users/RossHarvey/Documents/School/EE4951_REPO/Firmware/Production/ee4951_prodmcu/SDK/platform/devices/MK22F51212/startup" -I"C:/Users/RossHarvey/Documents/School/EE4951_REPO/Firmware/Production/ee4951_prodmcu/Generated_Code/SDK/platform/devices/MK22F51212/startup" -I"C:/Users/RossHarvey/Documents/School/EE4951_REPO/Firmware/Production/ee4951_prodmcu/Sources" -I"C:/Users/RossHarvey/Documents/School/EE4951_REPO/Firmware/Production/ee4951_prodmcu/Generated_Code" -I"C:/Users/RossHarvey/Documents/School/EE4951_REPO/Firmware/Production/ee4951_prodmcu/SDK/platform/drivers/inc" -std=c99 -MMD -MP -MF"SDK/platform/osa/src/fsl_os_abstraction_bm.d" -MT"SDK/platform/osa/src/fsl_os_abstraction_bm.o" -c -o "SDK/platform/osa/src/fsl_os_abstraction_bm.o" "../SDK/platform/osa/src/fsl_os_abstraction_bm.c"
'Finished building: ../SDK/platform/osa/src/fsl_os_abstraction_bm.c'
' '
'Building file: ../SDK/platform/hal/src/uart/fsl_uart_hal.c'
'Invoking: Cross ARM C Compiler'
arm-none-eabi-gcc -mcpu=cortex-m4 -mthumb -mfloat-abi=hard -mfpu=fpv4-sp-d16 -O0 -fmessage-length=0 -fsigned-char -ffunction-sections -fdata-sections -Wall  -g3 -D"CPU_MK22FN512VLL12" -D"FSL_OSA_BM_TIMER_CONFIG=0" -I"C:/Users/RossHarvey/Documents/School/EE4951_REPO/Firmware/Production/ee4951_prodmcu/SDK/platform/hal/inc" -I"C:/Users/RossHarvey/Documents/School/EE4951_REPO/Firmware/Production/ee4951_prodmcu/SDK/platform/hal/src/sim/MK22F51212" -I"C:/Users/RossHarvey/Documents/School/EE4951_REPO/Firmware/Production/ee4951_prodmcu/SDK/platform/system/src/clock/MK22F51212" -I"C:/Users/RossHarvey/Documents/School/EE4951_REPO/Firmware/Production/ee4951_prodmcu/SDK/platform/system/inc" -I"C:/Users/RossHarvey/Documents/School/EE4951_REPO/Firmware/Production/ee4951_prodmcu/SDK/platform/osa/inc" -I"C:/Users/RossHarvey/Documents/School/EE4951_REPO/Firmware/Production/ee4951_prodmcu/SDK/platform/CMSIS/Include" -I"C:/Users/RossHarvey/Documents/School/EE4951_REPO/Firmware/Production/ee4951_prodmcu/SDK/platform/devices" -I"C:/Users/RossHarvey/Documents/School/EE4951_REPO/Firmware/Production/ee4951_prodmcu/SDK/platform/devices/MK22F51212/include" -I"C:/Users/RossHarvey/Documents/School/EE4951_REPO/Firmware/Production/ee4951_prodmcu/SDK/platform/utilities/src" -I"C:/Users/RossHarvey/Documents/School/EE4951_REPO/Firmware/Production/ee4951_prodmcu/SDK/platform/utilities/inc" -I"C:/Users/RossHarvey/Documents/School/EE4951_REPO/Firmware/Production/ee4951_prodmcu/SDK/platform/devices/MK22F51212/startup" -I"C:/Users/RossHarvey/Documents/School/EE4951_REPO/Firmware/Production/ee4951_prodmcu/Generated_Code/SDK/platform/devices/MK22F51212/startup" -I"C:/Users/RossHarvey/Documents/School/EE4951_REPO/Firmware/Production/ee4951_prodmcu/Sources" -I"C:/Users/RossHarvey/Documents/School/EE4951_REPO/Firmware/Production/ee4951_prodmcu/Generated_Code" -I"C:/Users/RossHarvey/Documents/School/EE4951_REPO/Firmware/Production/ee4951_prodmcu/SDK/platform/drivers/inc" -std=c99 -MMD -MP -MF"SDK/platform/hal/src/uart/fsl_uart_hal.d" -MT"SDK/platform/hal/src/uart/fsl_uart_hal.o" -c -o "SDK/platform/hal/src/uart/fsl_uart_hal.o" "../SDK/platform/hal/src/uart/fsl_uart_hal.c"
'Finished building: ../SDK/platform/hal/src/uart/fsl_uart_hal.c'
' '
'Building file: ../SDK/platform/hal/src/sim/MK22F51212/fsl_sim_hal_MK22F51212.c'
'Invoking: Cross ARM C Compiler'
arm-none-eabi-gcc -mcpu=cortex-m4 -mthumb -mfloat-abi=hard -mfpu=fpv4-sp-d16 -O0 -fmessage-length=0 -fsigned-char -ffunction-sections -fdata-sections -Wall  -g3 -D"CPU_MK22FN512VLL12" -D"FSL_OSA_BM_TIMER_CONFIG=0" -I"C:/Users/RossHarvey/Documents/School/EE4951_REPO/Firmware/Production/ee4951_prodmcu/SDK/platform/hal/inc" -I"C:/Users/RossHarvey/Documents/School/EE4951_REPO/Firmware/Production/ee4951_prodmcu/SDK/platform/hal/src/sim/MK22F51212" -I"C:/Users/RossHarvey/Documents/School/EE4951_REPO/Firmware/Production/ee4951_prodmcu/SDK/platform/system/src/clock/MK22F51212" -I"C:/Users/RossHarvey/Documents/School/EE4951_REPO/Firmware/Production/ee4951_prodmcu/SDK/platform/system/inc" -I"C:/Users/RossHarvey/Documents/School/EE4951_REPO/Firmware/Production/ee4951_prodmcu/SDK/platform/osa/inc" -I"C:/Users/RossHarvey/Documents/School/EE4951_REPO/Firmware/Production/ee4951_prodmcu/SDK/platform/CMSIS/Include" -I"C:/Users/RossHarvey/Documents/School/EE4951_REPO/Firmware/Production/ee4951_prodmcu/SDK/platform/devices" -I"C:/Users/RossHarvey/Documents/School/EE4951_REPO/Firmware/Production/ee4951_prodmcu/SDK/platform/devices/MK22F51212/include" -I"C:/Users/RossHarvey/Documents/School/EE4951_REPO/Firmware/Production/ee4951_prodmcu/SDK/platform/utilities/src" -I"C:/Users/RossHarvey/Documents/School/EE4951_REPO/Firmware/Production/ee4951_prodmcu/SDK/platform/utilities/inc" -I"C:/Users/RossHarvey/Documents/School/EE4951_REPO/Firmware/Production/ee4951_prodmcu/SDK/platform/devices/MK22F51212/startup" -I"C:/Users/RossHarvey/Documents/School/EE4951_REPO/Firmware/Production/ee4951_prodmcu/Generated_Code/SDK/platform/devices/MK22F51212/startup" -I"C:/Users/RossHarvey/Documents/School/EE4951_REPO/Firmware/Production/ee4951_prodmcu/Sources" -I"C:/Users/RossHarvey/Documents/School/EE4951_REPO/Firmware/Production/ee4951_prodmcu/Generated_Code" -I"C:/Users/RossHarvey/Documents/School/EE4951_REPO/Firmware/Production/ee4951_prodmcu/SDK/platform/drivers/inc" -std=c99 -MMD -MP -MF"SDK/platform/hal/src/sim/MK22F51212/fsl_sim_hal_MK22F51212.d" -MT"SDK/platform/hal/src/sim/MK22F51212/fsl_sim_hal_MK22F51212.o" -c -o "SDK/platform/hal/src/sim/MK22F51212/fsl_sim_hal_MK22F51212.o" "../SDK/platform/hal/src/sim/MK22F51212/fsl_sim_hal_MK22F51212.c"
'Finished building: ../SDK/platform/hal/src/sim/MK22F51212/fsl_sim_hal_MK22F51212.c'
' '
'Building file: ../SDK/platform/hal/src/rtc/fsl_rtc_hal.c'
'Invoking: Cross ARM C Compiler'
arm-none-eabi-gcc -mcpu=cortex-m4 -mthumb -mfloat-abi=hard -mfpu=fpv4-sp-d16 -O0 -fmessage-length=0 -fsigned-char -ffunction-sections -fdata-sections -Wall  -g3 -D"CPU_MK22FN512VLL12" -D"FSL_OSA_BM_TIMER_CONFIG=0" -I"C:/Users/RossHarvey/Documents/School/EE4951_REPO/Firmware/Production/ee4951_prodmcu/SDK/platform/hal/inc" -I"C:/Users/RossHarvey/Documents/School/EE4951_REPO/Firmware/Production/ee4951_prodmcu/SDK/platform/hal/src/sim/MK22F51212" -I"C:/Users/RossHarvey/Documents/School/EE4951_REPO/Firmware/Production/ee4951_prodmcu/SDK/platform/system/src/clock/MK22F51212" -I"C:/Users/RossHarvey/Documents/School/EE4951_REPO/Firmware/Production/ee4951_prodmcu/SDK/platform/system/inc" -I"C:/Users/RossHarvey/Documents/School/EE4951_REPO/Firmware/Production/ee4951_prodmcu/SDK/platform/osa/inc" -I"C:/Users/RossHarvey/Documents/School/EE4951_REPO/Firmware/Production/ee4951_prodmcu/SDK/platform/CMSIS/Include" -I"C:/Users/RossHarvey/Documents/School/EE4951_REPO/Firmware/Production/ee4951_prodmcu/SDK/platform/devices" -I"C:/Users/RossHarvey/Documents/School/EE4951_REPO/Firmware/Production/ee4951_prodmcu/SDK/platform/devices/MK22F51212/include" -I"C:/Users/RossHarvey/Documents/School/EE4951_REPO/Firmware/Production/ee4951_prodmcu/SDK/platform/utilities/src" -I"C:/Users/RossHarvey/Documents/School/EE4951_REPO/Firmware/Production/ee4951_prodmcu/SDK/platform/utilities/inc" -I"C:/Users/RossHarvey/Documents/School/EE4951_REPO/Firmware/Production/ee4951_prodmcu/SDK/platform/devices/MK22F51212/startup" -I"C:/Users/RossHarvey/Documents/School/EE4951_REPO/Firmware/Production/ee4951_prodmcu/Generated_Code/SDK/platform/devices/MK22F51212/startup" -I"C:/Users/RossHarvey/Documents/School/EE4951_REPO/Firmware/Production/ee4951_prodmcu/Sources" -I"C:/Users/RossHarvey/Documents/School/EE4951_REPO/Firmware/Production/ee4951_prodmcu/Generated_Code" -I"C:/Users/RossHarvey/Documents/School/EE4951_REPO/Firmware/Production/ee4951_prodmcu/SDK/platform/drivers/inc" -std=c99 -MMD -MP -MF"SDK/platform/hal/src/rtc/fsl_rtc_hal.d" -MT"SDK/platform/hal/src/rtc/fsl_rtc_hal.o" -c -o "SDK/platform/hal/src/rtc/fsl_rtc_hal.o" "../SDK/platform/hal/src/rtc/fsl_rtc_hal.c"
'Finished building: ../SDK/platform/hal/src/rtc/fsl_rtc_hal.c'
' '
'Building file: ../SDK/platform/hal/src/port/fsl_port_hal.c'
'Invoking: Cross ARM C Compiler'
arm-none-eabi-gcc -mcpu=cortex-m4 -mthumb -mfloat-abi=hard -mfpu=fpv4-sp-d16 -O0 -fmessage-length=0 -fsigned-char -ffunction-sections -fdata-sections -Wall  -g3 -D"CPU_MK22FN512VLL12" -D"FSL_OSA_BM_TIMER_CONFIG=0" -I"C:/Users/RossHarvey/Documents/School/EE4951_REPO/Firmware/Production/ee4951_prodmcu/SDK/platform/hal/inc" -I"C:/Users/RossHarvey/Documents/School/EE4951_REPO/Firmware/Production/ee4951_prodmcu/SDK/platform/hal/src/sim/MK22F51212" -I"C:/Users/RossHarvey/Documents/School/EE4951_REPO/Firmware/Production/ee4951_prodmcu/SDK/platform/system/src/clock/MK22F51212" -I"C:/Users/RossHarvey/Documents/School/EE4951_REPO/Firmware/Production/ee4951_prodmcu/SDK/platform/system/inc" -I"C:/Users/RossHarvey/Documents/School/EE4951_REPO/Firmware/Production/ee4951_prodmcu/SDK/platform/osa/inc" -I"C:/Users/RossHarvey/Documents/School/EE4951_REPO/Firmware/Production/ee4951_prodmcu/SDK/platform/CMSIS/Include" -I"C:/Users/RossHarvey/Documents/School/EE4951_REPO/Firmware/Production/ee4951_prodmcu/SDK/platform/devices" -I"C:/Users/RossHarvey/Documents/School/EE4951_REPO/Firmware/Production/ee4951_prodmcu/SDK/platform/devices/MK22F51212/include" -I"C:/Users/RossHarvey/Documents/School/EE4951_REPO/Firmware/Production/ee4951_prodmcu/SDK/platform/utilities/src" -I"C:/Users/RossHarvey/Documents/School/EE4951_REPO/Firmware/Production/ee4951_prodmcu/SDK/platform/utilities/inc" -I"C:/Users/RossHarvey/Documents/School/EE4951_REPO/Firmware/Production/ee4951_prodmcu/SDK/platform/devices/MK22F51212/startup" -I"C:/Users/RossHarvey/Documents/School/EE4951_REPO/Firmware/Production/ee4951_prodmcu/Generated_Code/SDK/platform/devices/MK22F51212/startup" -I"C:/Users/RossHarvey/Documents/School/EE4951_REPO/Firmware/Production/ee4951_prodmcu/Sources" -I"C:/Users/RossHarvey/Documents/School/EE4951_REPO/Firmware/Production/ee4951_prodmcu/Generated_Code" -I"C:/Users/RossHarvey/Documents/School/EE4951_REPO/Firmware/Production/ee4951_prodmcu/SDK/platform/drivers/inc" -std=c99 -MMD -MP -MF"SDK/platform/hal/src/port/fsl_port_hal.d" -MT"SDK/platform/hal/src/port/fsl_port_hal.o" -c -o "SDK/platform/hal/src/port/fsl_port_hal.o" "../SDK/platform/hal/src/port/fsl_port_hal.c"
'Finished building: ../SDK/platform/hal/src/port/fsl_port_hal.c'
' '
'Building file: ../SDK/platform/hal/src/osc/fsl_osc_hal.c'
'Invoking: Cross ARM C Compiler'
arm-none-eabi-gcc -mcpu=cortex-m4 -mthumb -mfloat-abi=hard -mfpu=fpv4-sp-d16 -O0 -fmessage-length=0 -fsigned-char -ffunction-sections -fdata-sections -Wall  -g3 -D"CPU_MK22FN512VLL12" -D"FSL_OSA_BM_TIMER_CONFIG=0" -I"C:/Users/RossHarvey/Documents/School/EE4951_REPO/Firmware/Production/ee4951_prodmcu/SDK/platform/hal/inc" -I"C:/Users/RossHarvey/Documents/School/EE4951_REPO/Firmware/Production/ee4951_prodmcu/SDK/platform/hal/src/sim/MK22F51212" -I"C:/Users/RossHarvey/Documents/School/EE4951_REPO/Firmware/Production/ee4951_prodmcu/SDK/platform/system/src/clock/MK22F51212" -I"C:/Users/RossHarvey/Documents/School/EE4951_REPO/Firmware/Production/ee4951_prodmcu/SDK/platform/system/inc" -I"C:/Users/RossHarvey/Documents/School/EE4951_REPO/Firmware/Production/ee4951_prodmcu/SDK/platform/osa/inc" -I"C:/Users/RossHarvey/Documents/School/EE4951_REPO/Firmware/Production/ee4951_prodmcu/SDK/platform/CMSIS/Include" -I"C:/Users/RossHarvey/Documents/School/EE4951_REPO/Firmware/Production/ee4951_prodmcu/SDK/platform/devices" -I"C:/Users/RossHarvey/Documents/School/EE4951_REPO/Firmware/Production/ee4951_prodmcu/SDK/platform/devices/MK22F51212/include" -I"C:/Users/RossHarvey/Documents/School/EE4951_REPO/Firmware/Production/ee4951_prodmcu/SDK/platform/utilities/src" -I"C:/Users/RossHarvey/Documents/School/EE4951_REPO/Firmware/Production/ee4951_prodmcu/SDK/platform/utilities/inc" -I"C:/Users/RossHarvey/Documents/School/EE4951_REPO/Firmware/Production/ee4951_prodmcu/SDK/platform/devices/MK22F51212/startup" -I"C:/Users/RossHarvey/Documents/School/EE4951_REPO/Firmware/Production/ee4951_prodmcu/Generated_Code/SDK/platform/devices/MK22F51212/startup" -I"C:/Users/RossHarvey/Documents/School/EE4951_REPO/Firmware/Production/ee4951_prodmcu/Sources" -I"C:/Users/RossHarvey/Documents/School/EE4951_REPO/Firmware/Production/ee4951_prodmcu/Generated_Code" -I"C:/Users/RossHarvey/Documents/School/EE4951_REPO/Firmware/Production/ee4951_prodmcu/SDK/platform/drivers/inc" -std=c99 -MMD -MP -MF"SDK/platform/hal/src/osc/fsl_osc_hal.d" -MT"SDK/platform/hal/src/osc/fsl_osc_hal.o" -c -o "SDK/platform/hal/src/osc/fsl_osc_hal.o" "../SDK/platform/hal/src/osc/fsl_osc_hal.c"
'Finished building: ../SDK/platform/hal/src/osc/fsl_osc_hal.c'
' '
'Building file: ../SDK/platform/hal/src/mcg/fsl_mcg_hal.c'
'Invoking: Cross ARM C Compiler'
arm-none-eabi-gcc -mcpu=cortex-m4 -mthumb -mfloat-abi=hard -mfpu=fpv4-sp-d16 -O0 -fmessage-length=0 -fsigned-char -ffunction-sections -fdata-sections -Wall  -g3 -D"CPU_MK22FN512VLL12" -D"FSL_OSA_BM_TIMER_CONFIG=0" -I"C:/Users/RossHarvey/Documents/School/EE4951_REPO/Firmware/Production/ee4951_prodmcu/SDK/platform/hal/inc" -I"C:/Users/RossHarvey/Documents/School/EE4951_REPO/Firmware/Production/ee4951_prodmcu/SDK/platform/hal/src/sim/MK22F51212" -I"C:/Users/RossHarvey/Documents/School/EE4951_REPO/Firmware/Production/ee4951_prodmcu/SDK/platform/system/src/clock/MK22F51212" -I"C:/Users/RossHarvey/Documents/School/EE4951_REPO/Firmware/Production/ee4951_prodmcu/SDK/platform/system/inc" -I"C:/Users/RossHarvey/Documents/School/EE4951_REPO/Firmware/Production/ee4951_prodmcu/SDK/platform/osa/inc" -I"C:/Users/RossHarvey/Documents/School/EE4951_REPO/Firmware/Production/ee4951_prodmcu/SDK/platform/CMSIS/Include" -I"C:/Users/RossHarvey/Documents/School/EE4951_REPO/Firmware/Production/ee4951_prodmcu/SDK/platform/devices" -I"C:/Users/RossHarvey/Documents/School/EE4951_REPO/Firmware/Production/ee4951_prodmcu/SDK/platform/devices/MK22F51212/include" -I"C:/Users/RossHarvey/Documents/School/EE4951_REPO/Firmware/Production/ee4951_prodmcu/SDK/platform/utilities/src" -I"C:/Users/RossHarvey/Documents/School/EE4951_REPO/Firmware/Production/ee4951_prodmcu/SDK/platform/utilities/inc" -I"C:/Users/RossHarvey/Documents/School/EE4951_REPO/Firmware/Production/ee4951_prodmcu/SDK/platform/devices/MK22F51212/startup" -I"C:/Users/RossHarvey/Documents/School/EE4951_REPO/Firmware/Production/ee4951_prodmcu/Generated_Code/SDK/platform/devices/MK22F51212/startup" -I"C:/Users/RossHarvey/Documents/School/EE4951_REPO/Firmware/Production/ee4951_prodmcu/Sources" -I"C:/Users/RossHarvey/Documents/School/EE4951_REPO/Firmware/Production/ee4951_prodmcu/Generated_Code" -I"C:/Users/RossHarvey/Documents/School/EE4951_REPO/Firmware/Production/ee4951_prodmcu/SDK/platform/drivers/inc" -std=c99 -MMD -MP -MF"SDK/platform/hal/src/mcg/fsl_mcg_hal.d" -MT"SDK/platform/hal/src/mcg/fsl_mcg_hal.o" -c -o "SDK/platform/hal/src/mcg/fsl_mcg_hal.o" "../SDK/platform/hal/src/mcg/fsl_mcg_hal.c"
'Finished building: ../SDK/platform/hal/src/mcg/fsl_mcg_hal.c'
' '
'Building file: ../SDK/platform/hal/src/mcg/fsl_mcg_hal_modes.c'
'Invoking: Cross ARM C Compiler'
arm-none-eabi-gcc -mcpu=cortex-m4 -mthumb -mfloat-abi=hard -mfpu=fpv4-sp-d16 -O0 -fmessage-length=0 -fsigned-char -ffunction-sections -fdata-sections -Wall  -g3 -D"CPU_MK22FN512VLL12" -D"FSL_OSA_BM_TIMER_CONFIG=0" -I"C:/Users/RossHarvey/Documents/School/EE4951_REPO/Firmware/Production/ee4951_prodmcu/SDK/platform/hal/inc" -I"C:/Users/RossHarvey/Documents/School/EE4951_REPO/Firmware/Production/ee4951_prodmcu/SDK/platform/hal/src/sim/MK22F51212" -I"C:/Users/RossHarvey/Documents/School/EE4951_REPO/Firmware/Production/ee4951_prodmcu/SDK/platform/system/src/clock/MK22F51212" -I"C:/Users/RossHarvey/Documents/School/EE4951_REPO/Firmware/Production/ee4951_prodmcu/SDK/platform/system/inc" -I"C:/Users/RossHarvey/Documents/School/EE4951_REPO/Firmware/Production/ee4951_prodmcu/SDK/platform/osa/inc" -I"C:/Users/RossHarvey/Documents/School/EE4951_REPO/Firmware/Production/ee4951_prodmcu/SDK/platform/CMSIS/Include" -I"C:/Users/RossHarvey/Documents/School/EE4951_REPO/Firmware/Production/ee4951_prodmcu/SDK/platform/devices" -I"C:/Users/RossHarvey/Documents/School/EE4951_REPO/Firmware/Production/ee4951_prodmcu/SDK/platform/devices/MK22F51212/include" -I"C:/Users/RossHarvey/Documents/School/EE4951_REPO/Firmware/Production/ee4951_prodmcu/SDK/platform/utilities/src" -I"C:/Users/RossHarvey/Documents/School/EE4951_REPO/Firmware/Production/ee4951_prodmcu/SDK/platform/utilities/inc" -I"C:/Users/RossHarvey/Documents/School/EE4951_REPO/Firmware/Production/ee4951_prodmcu/SDK/platform/devices/MK22F51212/startup" -I"C:/Users/RossHarvey/Documents/School/EE4951_REPO/Firmware/Production/ee4951_prodmcu/Generated_Code/SDK/platform/devices/MK22F51212/startup" -I"C:/Users/RossHarvey/Documents/School/EE4951_REPO/Firmware/Production/ee4951_prodmcu/Sources" -I"C:/Users/RossHarvey/Documents/School/EE4951_REPO/Firmware/Production/ee4951_prodmcu/Generated_Code" -I"C:/Users/RossHarvey/Documents/School/EE4951_REPO/Firmware/Production/ee4951_prodmcu/SDK/platform/drivers/inc" -std=c99 -MMD -MP -MF"SDK/platform/hal/src/mcg/fsl_mcg_hal_modes.d" -MT"SDK/platform/hal/src/mcg/fsl_mcg_hal_modes.o" -c -o "SDK/platform/hal/src/mcg/fsl_mcg_hal_modes.o" "../SDK/platform/hal/src/mcg/fsl_mcg_hal_modes.c"
'Finished building: ../SDK/platform/hal/src/mcg/fsl_mcg_hal_modes.c'
' '
'Building file: ../SDK/platform/hal/src/lpuart/fsl_lpuart_hal.c'
'Invoking: Cross ARM C Compiler'
arm-none-eabi-gcc -mcpu=cortex-m4 -mthumb -mfloat-abi=hard -mfpu=fpv4-sp-d16 -O0 -fmessage-length=0 -fsigned-char -ffunction-sections -fdata-sections -Wall  -g3 -D"CPU_MK22FN512VLL12" -D"FSL_OSA_BM_TIMER_CONFIG=0" -I"C:/Users/RossHarvey/Documents/School/EE4951_REPO/Firmware/Production/ee4951_prodmcu/SDK/platform/hal/inc" -I"C:/Users/RossHarvey/Documents/School/EE4951_REPO/Firmware/Production/ee4951_prodmcu/SDK/platform/hal/src/sim/MK22F51212" -I"C:/Users/RossHarvey/Documents/School/EE4951_REPO/Firmware/Production/ee4951_prodmcu/SDK/platform/system/src/clock/MK22F51212" -I"C:/Users/RossHarvey/Documents/School/EE4951_REPO/Firmware/Production/ee4951_prodmcu/SDK/platform/system/inc" -I"C:/Users/RossHarvey/Documents/School/EE4951_REPO/Firmware/Production/ee4951_prodmcu/SDK/platform/osa/inc" -I"C:/Users/RossHarvey/Documents/School/EE4951_REPO/Firmware/Production/ee4951_prodmcu/SDK/platform/CMSIS/Include" -I"C:/Users/RossHarvey/Documents/School/EE4951_REPO/Firmware/Production/ee4951_prodmcu/SDK/platform/devices" -I"C:/Users/RossHarvey/Documents/School/EE4951_REPO/Firmware/Production/ee4951_prodmcu/SDK/platform/devices/MK22F51212/include" -I"C:/Users/RossHarvey/Documents/School/EE4951_REPO/Firmware/Production/ee4951_prodmcu/SDK/platform/utilities/src" -I"C:/Users/RossHarvey/Documents/School/EE4951_REPO/Firmware/Production/ee4951_prodmcu/SDK/platform/utilities/inc" -I"C:/Users/RossHarvey/Documents/School/EE4951_REPO/Firmware/Production/ee4951_prodmcu/SDK/platform/devices/MK22F51212/startup" -I"C:/Users/RossHarvey/Documents/School/EE4951_REPO/Firmware/Production/ee4951_prodmcu/Generated_Code/SDK/platform/devices/MK22F51212/startup" -I"C:/Users/RossHarvey/Documents/School/EE4951_REPO/Firmware/Production/ee4951_prodmcu/Sources" -I"C:/Users/RossHarvey/Documents/School/EE4951_REPO/Firmware/Production/ee4951_prodmcu/Generated_Code" -I"C:/Users/RossHarvey/Documents/School/EE4951_REPO/Firmware/Production/ee4951_prodmcu/SDK/platform/drivers/inc" -std=c99 -MMD -MP -MF"SDK/platform/hal/src/lpuart/fsl_lpuart_hal.d" -MT"SDK/platform/hal/src/lpuart/fsl_lpuart_hal.o" -c -o "SDK/platform/hal/src/lpuart/fsl_lpuart_hal.o" "../SDK/platform/hal/src/lpuart/fsl_lpuart_hal.c"
'Finished building: ../SDK/platform/hal/src/lpuart/fsl_lpuart_hal.c'
' '
'Building file: ../SDK/platform/hal/src/gpio/fsl_gpio_hal.c'
'Invoking: Cross ARM C Compiler'
arm-none-eabi-gcc -mcpu=cortex-m4 -mthumb -mfloat-abi=hard -mfpu=fpv4-sp-d16 -O0 -fmessage-length=0 -fsigned-char -ffunction-sections -fdata-sections -Wall  -g3 -D"CPU_MK22FN512VLL12" -D"FSL_OSA_BM_TIMER_CONFIG=0" -I"C:/Users/RossHarvey/Documents/School/EE4951_REPO/Firmware/Production/ee4951_prodmcu/SDK/platform/hal/inc" -I"C:/Users/RossHarvey/Documents/School/EE4951_REPO/Firmware/Production/ee4951_prodmcu/SDK/platform/hal/src/sim/MK22F51212" -I"C:/Users/RossHarvey/Documents/School/EE4951_REPO/Firmware/Production/ee4951_prodmcu/SDK/platform/system/src/clock/MK22F51212" -I"C:/Users/RossHarvey/Documents/School/EE4951_REPO/Firmware/Production/ee4951_prodmcu/SDK/platform/system/inc" -I"C:/Users/RossHarvey/Documents/School/EE4951_REPO/Firmware/Production/ee4951_prodmcu/SDK/platform/osa/inc" -I"C:/Users/RossHarvey/Documents/School/EE4951_REPO/Firmware/Production/ee4951_prodmcu/SDK/platform/CMSIS/Include" -I"C:/Users/RossHarvey/Documents/School/EE4951_REPO/Firmware/Production/ee4951_prodmcu/SDK/platform/devices" -I"C:/Users/RossHarvey/Documents/School/EE4951_REPO/Firmware/Production/ee4951_prodmcu/SDK/platform/devices/MK22F51212/include" -I"C:/Users/RossHarvey/Documents/School/EE4951_REPO/Firmware/Production/ee4951_prodmcu/SDK/platform/utilities/src" -I"C:/Users/RossHarvey/Documents/School/EE4951_REPO/Firmware/Production/ee4951_prodmcu/SDK/platform/utilities/inc" -I"C:/Users/RossHarvey/Documents/School/EE4951_REPO/Firmware/Production/ee4951_prodmcu/SDK/platform/devices/MK22F51212/startup" -I"C:/Users/RossHarvey/Documents/School/EE4951_REPO/Firmware/Production/ee4951_prodmcu/Generated_Code/SDK/platform/devices/MK22F51212/startup" -I"C:/Users/RossHarvey/Documents/School/EE4951_REPO/Firmware/Production/ee4951_prodmcu/Sources" -I"C:/Users/RossHarvey/Documents/School/EE4951_REPO/Firmware/Production/ee4951_prodmcu/Generated_Code" -I"C:/Users/RossHarvey/Documents/School/EE4951_REPO/Firmware/Production/ee4951_prodmcu/SDK/platform/drivers/inc" -std=c99 -MMD -MP -MF"SDK/platform/hal/src/gpio/fsl_gpio_hal.d" -MT"SDK/platform/hal/src/gpio/fsl_gpio_hal.o" -c -o "SDK/platform/hal/src/gpio/fsl_gpio_hal.o" "../SDK/platform/hal/src/gpio/fsl_gpio_hal.c"
'Finished building: ../SDK/platform/hal/src/gpio/fsl_gpio_hal.c'
' '
'Building file: ../SDK/platform/drivers/src/rtc/fsl_rtc_common.c'
'Invoking: Cross ARM C Compiler'
arm-none-eabi-gcc -mcpu=cortex-m4 -mthumb -mfloat-abi=hard -mfpu=fpv4-sp-d16 -O0 -fmessage-length=0 -fsigned-char -ffunction-sections -fdata-sections -Wall  -g3 -D"CPU_MK22FN512VLL12" -D"FSL_OSA_BM_TIMER_CONFIG=0" -I"C:/Users/RossHarvey/Documents/School/EE4951_REPO/Firmware/Production/ee4951_prodmcu/SDK/platform/hal/inc" -I"C:/Users/RossHarvey/Documents/School/EE4951_REPO/Firmware/Production/ee4951_prodmcu/SDK/platform/hal/src/sim/MK22F51212" -I"C:/Users/RossHarvey/Documents/School/EE4951_REPO/Firmware/Production/ee4951_prodmcu/SDK/platform/system/src/clock/MK22F51212" -I"C:/Users/RossHarvey/Documents/School/EE4951_REPO/Firmware/Production/ee4951_prodmcu/SDK/platform/system/inc" -I"C:/Users/RossHarvey/Documents/School/EE4951_REPO/Firmware/Production/ee4951_prodmcu/SDK/platform/osa/inc" -I"C:/Users/RossHarvey/Documents/School/EE4951_REPO/Firmware/Production/ee4951_prodmcu/SDK/platform/CMSIS/Include" -I"C:/Users/RossHarvey/Documents/School/EE4951_REPO/Firmware/Production/ee4951_prodmcu/SDK/platform/devices" -I"C:/Users/RossHarvey/Documents/School/EE4951_REPO/Firmware/Production/ee4951_prodmcu/SDK/platform/devices/MK22F51212/include" -I"C:/Users/RossHarvey/Documents/School/EE4951_REPO/Firmware/Production/ee4951_prodmcu/SDK/platform/utilities/src" -I"C:/Users/RossHarvey/Documents/School/EE4951_REPO/Firmware/Production/ee4951_prodmcu/SDK/platform/utilities/inc" -I"C:/Users/RossHarvey/Documents/School/EE4951_REPO/Firmware/Production/ee4951_prodmcu/SDK/platform/devices/MK22F51212/startup" -I"C:/Users/RossHarvey/Documents/School/EE4951_REPO/Firmware/Production/ee4951_prodmcu/Generated_Code/SDK/platform/devices/MK22F51212/startup" -I"C:/Users/RossHarvey/Documents/School/EE4951_REPO/Firmware/Production/ee4951_prodmcu/Sources" -I"C:/Users/RossHarvey/Documents/School/EE4951_REPO/Firmware/Production/ee4951_prodmcu/Generated_Code" -I"C:/Users/RossHarvey/Documents/School/EE4951_REPO/Firmware/Production/ee4951_prodmcu/SDK/platform/drivers/inc" -std=c99 -MMD -MP -MF"SDK/platform/drivers/src/rtc/fsl_rtc_common.d" -MT"SDK/platform/drivers/src/rtc/fsl_rtc_common.o" -c -o "SDK/platform/drivers/src/rtc/fsl_rtc_common.o" "../SDK/platform/drivers/src/rtc/fsl_rtc_common.c"
'Finished building: ../SDK/platform/drivers/src/rtc/fsl_rtc_common.c'
' '
'Building file: ../SDK/platform/drivers/src/gpio/fsl_gpio_common.c'
'Invoking: Cross ARM C Compiler'
arm-none-eabi-gcc -mcpu=cortex-m4 -mthumb -mfloat-abi=hard -mfpu=fpv4-sp-d16 -O0 -fmessage-length=0 -fsigned-char -ffunction-sections -fdata-sections -Wall  -g3 -D"CPU_MK22FN512VLL12" -D"FSL_OSA_BM_TIMER_CONFIG=0" -I"C:/Users/RossHarvey/Documents/School/EE4951_REPO/Firmware/Production/ee4951_prodmcu/SDK/platform/hal/inc" -I"C:/Users/RossHarvey/Documents/School/EE4951_REPO/Firmware/Production/ee4951_prodmcu/SDK/platform/hal/src/sim/MK22F51212" -I"C:/Users/RossHarvey/Documents/School/EE4951_REPO/Firmware/Production/ee4951_prodmcu/SDK/platform/system/src/clock/MK22F51212" -I"C:/Users/RossHarvey/Documents/School/EE4951_REPO/Firmware/Production/ee4951_prodmcu/SDK/platform/system/inc" -I"C:/Users/RossHarvey/Documents/School/EE4951_REPO/Firmware/Production/ee4951_prodmcu/SDK/platform/osa/inc" -I"C:/Users/RossHarvey/Documents/School/EE4951_REPO/Firmware/Production/ee4951_prodmcu/SDK/platform/CMSIS/Include" -I"C:/Users/RossHarvey/Documents/School/EE4951_REPO/Firmware/Production/ee4951_prodmcu/SDK/platform/devices" -I"C:/Users/RossHarvey/Documents/School/EE4951_REPO/Firmware/Production/ee4951_prodmcu/SDK/platform/devices/MK22F51212/include" -I"C:/Users/RossHarvey/Documents/School/EE4951_REPO/Firmware/Production/ee4951_prodmcu/SDK/platform/utilities/src" -I"C:/Users/RossHarvey/Documents/School/EE4951_REPO/Firmware/Production/ee4951_prodmcu/SDK/platform/utilities/inc" -I"C:/Users/RossHarvey/Documents/School/EE4951_REPO/Firmware/Production/ee4951_prodmcu/SDK/platform/devices/MK22F51212/startup" -I"C:/Users/RossHarvey/Documents/School/EE4951_REPO/Firmware/Production/ee4951_prodmcu/Generated_Code/SDK/platform/devices/MK22F51212/startup" -I"C:/Users/RossHarvey/Documents/School/EE4951_REPO/Firmware/Production/ee4951_prodmcu/Sources" -I"C:/Users/RossHarvey/Documents/School/EE4951_REPO/Firmware/Production/ee4951_prodmcu/Generated_Code" -I"C:/Users/RossHarvey/Documents/School/EE4951_REPO/Firmware/Production/ee4951_prodmcu/SDK/platform/drivers/inc" -std=c99 -MMD -MP -MF"SDK/platform/drivers/src/gpio/fsl_gpio_common.d" -MT"SDK/platform/drivers/src/gpio/fsl_gpio_common.o" -c -o "SDK/platform/drivers/src/gpio/fsl_gpio_common.o" "../SDK/platform/drivers/src/gpio/fsl_gpio_common.c"
'Finished building: ../SDK/platform/drivers/src/gpio/fsl_gpio_common.c'
' '
'Building file: ../SDK/platform/drivers/src/gpio/fsl_gpio_driver.c'
'Invoking: Cross ARM C Compiler'
arm-none-eabi-gcc -mcpu=cortex-m4 -mthumb -mfloat-abi=hard -mfpu=fpv4-sp-d16 -O0 -fmessage-length=0 -fsigned-char -ffunction-sections -fdata-sections -Wall  -g3 -D"CPU_MK22FN512VLL12" -D"FSL_OSA_BM_TIMER_CONFIG=0" -I"C:/Users/RossHarvey/Documents/School/EE4951_REPO/Firmware/Production/ee4951_prodmcu/SDK/platform/hal/inc" -I"C:/Users/RossHarvey/Documents/School/EE4951_REPO/Firmware/Production/ee4951_prodmcu/SDK/platform/hal/src/sim/MK22F51212" -I"C:/Users/RossHarvey/Documents/School/EE4951_REPO/Firmware/Production/ee4951_prodmcu/SDK/platform/system/src/clock/MK22F51212" -I"C:/Users/RossHarvey/Documents/School/EE4951_REPO/Firmware/Production/ee4951_prodmcu/SDK/platform/system/inc" -I"C:/Users/RossHarvey/Documents/School/EE4951_REPO/Firmware/Production/ee4951_prodmcu/SDK/platform/osa/inc" -I"C:/Users/RossHarvey/Documents/School/EE4951_REPO/Firmware/Production/ee4951_prodmcu/SDK/platform/CMSIS/Include" -I"C:/Users/RossHarvey/Documents/School/EE4951_REPO/Firmware/Production/ee4951_prodmcu/SDK/platform/devices" -I"C:/Users/RossHarvey/Documents/School/EE4951_REPO/Firmware/Production/ee4951_prodmcu/SDK/platform/devices/MK22F51212/include" -I"C:/Users/RossHarvey/Documents/School/EE4951_REPO/Firmware/Production/ee4951_prodmcu/SDK/platform/utilities/src" -I"C:/Users/RossHarvey/Documents/School/EE4951_REPO/Firmware/Production/ee4951_prodmcu/SDK/platform/utilities/inc" -I"C:/Users/RossHarvey/Documents/School/EE4951_REPO/Firmware/Production/ee4951_prodmcu/SDK/platform/devices/MK22F51212/startup" -I"C:/Users/RossHarvey/Documents/School/EE4951_REPO/Firmware/Production/ee4951_prodmcu/Generated_Code/SDK/platform/devices/MK22F51212/startup" -I"C:/Users/RossHarvey/Documents/School/EE4951_REPO/Firmware/Production/ee4951_prodmcu/Sources" -I"C:/Users/RossHarvey/Documents/School/EE4951_REPO/Firmware/Production/ee4951_prodmcu/Generated_Code" -I"C:/Users/RossHarvey/Documents/School/EE4951_REPO/Firmware/Production/ee4951_prodmcu/SDK/platform/drivers/inc" -std=c99 -MMD -MP -MF"SDK/platform/drivers/src/gpio/fsl_gpio_driver.d" -MT"SDK/platform/drivers/src/gpio/fsl_gpio_driver.o" -c -o "SDK/platform/drivers/src/gpio/fsl_gpio_driver.o" "../SDK/platform/drivers/src/gpio/fsl_gpio_driver.c"
'Finished building: ../SDK/platform/drivers/src/gpio/fsl_gpio_driver.c'
' '
'Building file: ../SDK/platform/devices/MK22F51212/startup/gcc/startup_MK22F51212.S'
'Invoking: Cross ARM GNU Assembler'
arm-none-eabi-gcc -mcpu=cortex-m4 -mthumb -mfloat-abi=hard -mfpu=fpv4-sp-d16 -O0 -fmessage-length=0 -fsigned-char -ffunction-sections -fdata-sections -Wall  -g3 -x assembler-with-cpp -D"FSL_OSA_BM_TIMER_CONFIG=0" -MMD -MP -MF"SDK/platform/devices/MK22F51212/startup/gcc/startup_MK22F51212.d" -MT"SDK/platform/devices/MK22F51212/startup/gcc/startup_MK22F51212.o" -c -o "SDK/platform/devices/MK22F51212/startup/gcc/startup_MK22F51212.o" "../SDK/platform/devices/MK22F51212/startup/gcc/startup_MK22F51212.S"
'Finished building: ../SDK/platform/devices/MK22F51212/startup/gcc/startup_MK22F51212.S'
' '
'Building file: ../SDK/platform/devices/MK22F51212/startup/system_MK22F51212.c'
'Invoking: Cross ARM C Compiler'
arm-none-eabi-gcc -mcpu=cortex-m4 -mthumb -mfloat-abi=hard -mfpu=fpv4-sp-d16 -O0 -fmessage-length=0 -fsigned-char -ffunction-sections -fdata-sections -Wall  -g3 -D"CPU_MK22FN512VLL12" -D"FSL_OSA_BM_TIMER_CONFIG=0" -I"C:/Users/RossHarvey/Documents/School/EE4951_REPO/Firmware/Production/ee4951_prodmcu/SDK/platform/hal/inc" -I"C:/Users/RossHarvey/Documents/School/EE4951_REPO/Firmware/Production/ee4951_prodmcu/SDK/platform/hal/src/sim/MK22F51212" -I"C:/Users/RossHarvey/Documents/School/EE4951_REPO/Firmware/Production/ee4951_prodmcu/SDK/platform/system/src/clock/MK22F51212" -I"C:/Users/RossHarvey/Documents/School/EE4951_REPO/Firmware/Production/ee4951_prodmcu/SDK/platform/system/inc" -I"C:/Users/RossHarvey/Documents/School/EE4951_REPO/Firmware/Production/ee4951_prodmcu/SDK/platform/osa/inc" -I"C:/Users/RossHarvey/Documents/School/EE4951_REPO/Firmware/Production/ee4951_prodmcu/SDK/platform/CMSIS/Include" -I"C:/Users/RossHarvey/Documents/School/EE4951_REPO/Firmware/Production/ee4951_prodmcu/SDK/platform/devices" -I"C:/Users/RossHarvey/Documents/School/EE4951_REPO/Firmware/Production/ee4951_prodmcu/SDK/platform/devices/MK22F51212/include" -I"C:/Users/RossHarvey/Documents/School/EE4951_REPO/Firmware/Production/ee4951_prodmcu/SDK/platform/utilities/src" -I"C:/Users/RossHarvey/Documents/School/EE4951_REPO/Firmware/Production/ee4951_prodmcu/SDK/platform/utilities/inc" -I"C:/Users/RossHarvey/Documents/School/EE4951_REPO/Firmware/Production/ee4951_prodmcu/SDK/platform/devices/MK22F51212/startup" -I"C:/Users/RossHarvey/Documents/School/EE4951_REPO/Firmware/Production/ee4951_prodmcu/Generated_Code/SDK/platform/devices/MK22F51212/startup" -I"C:/Users/RossHarvey/Documents/School/EE4951_REPO/Firmware/Production/ee4951_prodmcu/Sources" -I"C:/Users/RossHarvey/Documents/School/EE4951_REPO/Firmware/Production/ee4951_prodmcu/Generated_Code" -I"C:/Users/RossHarvey/Documents/School/EE4951_REPO/Firmware/Production/ee4951_prodmcu/SDK/platform/drivers/inc" -std=c99 -MMD -MP -MF"SDK/platform/devices/MK22F51212/startup/system_MK22F51212.d" -MT"SDK/platform/devices/MK22F51212/startup/system_MK22F51212.o" -c -o "SDK/platform/devices/MK22F51212/startup/system_MK22F51212.o" "../SDK/platform/devices/MK22F51212/startup/system_MK22F51212.c"
'Finished building: ../SDK/platform/devices/MK22F51212/startup/system_MK22F51212.c'
' '
'Building file: ../SDK/platform/devices/startup.c'
'Invoking: Cross ARM C Compiler'
arm-none-eabi-gcc -mcpu=cortex-m4 -mthumb -mfloat-abi=hard -mfpu=fpv4-sp-d16 -O0 -fmessage-length=0 -fsigned-char -ffunction-sections -fdata-sections -Wall  -g3 -D"CPU_MK22FN512VLL12" -D"FSL_OSA_BM_TIMER_CONFIG=0" -I"C:/Users/RossHarvey/Documents/School/EE4951_REPO/Firmware/Production/ee4951_prodmcu/SDK/platform/hal/inc" -I"C:/Users/RossHarvey/Documents/School/EE4951_REPO/Firmware/Production/ee4951_prodmcu/SDK/platform/hal/src/sim/MK22F51212" -I"C:/Users/RossHarvey/Documents/School/EE4951_REPO/Firmware/Production/ee4951_prodmcu/SDK/platform/system/src/clock/MK22F51212" -I"C:/Users/RossHarvey/Documents/School/EE4951_REPO/Firmware/Production/ee4951_prodmcu/SDK/platform/system/inc" -I"C:/Users/RossHarvey/Documents/School/EE4951_REPO/Firmware/Production/ee4951_prodmcu/SDK/platform/osa/inc" -I"C:/Users/RossHarvey/Documents/School/EE4951_REPO/Firmware/Production/ee4951_prodmcu/SDK/platform/CMSIS/Include" -I"C:/Users/RossHarvey/Documents/School/EE4951_REPO/Firmware/Production/ee4951_prodmcu/SDK/platform/devices" -I"C:/Users/RossHarvey/Documents/School/EE4951_REPO/Firmware/Production/ee4951_prodmcu/SDK/platform/devices/MK22F51212/include" -I"C:/Users/RossHarvey/Documents/School/EE4951_REPO/Firmware/Production/ee4951_prodmcu/SDK/platform/utilities/src" -I"C:/Users/RossHarvey/Documents/School/EE4951_REPO/Firmware/Production/ee4951_prodmcu/SDK/platform/utilities/inc" -I"C:/Users/RossHarvey/Documents/School/EE4951_REPO/Firmware/Production/ee4951_prodmcu/SDK/platform/devices/MK22F51212/startup" -I"C:/Users/RossHarvey/Documents/School/EE4951_REPO/Firmware/Production/ee4951_prodmcu/Generated_Code/SDK/platform/devices/MK22F51212/startup" -I"C:/Users/RossHarvey/Documents/School/EE4951_REPO/Firmware/Production/ee4951_prodmcu/Sources" -I"C:/Users/RossHarvey/Documents/School/EE4951_REPO/Firmware/Production/ee4951_prodmcu/Generated_Code" -I"C:/Users/RossHarvey/Documents/School/EE4951_REPO/Firmware/Production/ee4951_prodmcu/SDK/platform/drivers/inc" -std=c99 -MMD -MP -MF"SDK/platform/devices/startup.d" -MT"SDK/platform/devices/startup.o" -c -o "SDK/platform/devices/startup.o" "../SDK/platform/devices/startup.c"
'Finished building: ../SDK/platform/devices/startup.c'
' '
'Building file: ../Generated_Code/Cpu.c'
'Invoking: Cross ARM C Compiler'
arm-none-eabi-gcc -mcpu=cortex-m4 -mthumb -mfloat-abi=hard -mfpu=fpv4-sp-d16 -O0 -fmessage-length=0 -fsigned-char -ffunction-sections -fdata-sections -Wall  -g3 -D"CPU_MK22FN512VLL12" -D"FSL_OSA_BM_TIMER_CONFIG=0" -I"C:/Users/RossHarvey/Documents/School/EE4951_REPO/Firmware/Production/ee4951_prodmcu/SDK/platform/hal/inc" -I"C:/Users/RossHarvey/Documents/School/EE4951_REPO/Firmware/Production/ee4951_prodmcu/SDK/platform/hal/src/sim/MK22F51212" -I"C:/Users/RossHarvey/Documents/School/EE4951_REPO/Firmware/Production/ee4951_prodmcu/SDK/platform/system/src/clock/MK22F51212" -I"C:/Users/RossHarvey/Documents/School/EE4951_REPO/Firmware/Production/ee4951_prodmcu/SDK/platform/system/inc" -I"C:/Users/RossHarvey/Documents/School/EE4951_REPO/Firmware/Production/ee4951_prodmcu/SDK/platform/osa/inc" -I"C:/Users/RossHarvey/Documents/School/EE4951_REPO/Firmware/Production/ee4951_prodmcu/SDK/platform/CMSIS/Include" -I"C:/Users/RossHarvey/Documents/School/EE4951_REPO/Firmware/Production/ee4951_prodmcu/SDK/platform/devices" -I"C:/Users/RossHarvey/Documents/School/EE4951_REPO/Firmware/Production/ee4951_prodmcu/SDK/platform/devices/MK22F51212/include" -I"C:/Users/RossHarvey/Documents/School/EE4951_REPO/Firmware/Production/ee4951_prodmcu/SDK/platform/utilities/src" -I"C:/Users/RossHarvey/Documents/School/EE4951_REPO/Firmware/Production/ee4951_prodmcu/SDK/platform/utilities/inc" -I"C:/Users/RossHarvey/Documents/School/EE4951_REPO/Firmware/Production/ee4951_prodmcu/SDK/platform/devices/MK22F51212/startup" -I"C:/Users/RossHarvey/Documents/School/EE4951_REPO/Firmware/Production/ee4951_prodmcu/Generated_Code/SDK/platform/devices/MK22F51212/startup" -I"C:/Users/RossHarvey/Documents/School/EE4951_REPO/Firmware/Production/ee4951_prodmcu/Sources" -I"C:/Users/RossHarvey/Documents/School/EE4951_REPO/Firmware/Production/ee4951_prodmcu/Generated_Code" -I"C:/Users/RossHarvey/Documents/School/EE4951_REPO/Firmware/Production/ee4951_prodmcu/SDK/platform/drivers/inc" -std=c99 -MMD -MP -MF"Generated_Code/Cpu.d" -MT"Generated_Code/Cpu.o" -c -o "Generated_Code/Cpu.o" "../Generated_Code/Cpu.c"
'Finished building: ../Generated_Code/Cpu.c'
' '
'Building file: ../Generated_Code/DbgCs1.c'
'Invoking: Cross ARM C Compiler'
arm-none-eabi-gcc -mcpu=cortex-m4 -mthumb -mfloat-abi=hard -mfpu=fpv4-sp-d16 -O0 -fmessage-length=0 -fsigned-char -ffunction-sections -fdata-sections -Wall  -g3 -D"CPU_MK22FN512VLL12" -D"FSL_OSA_BM_TIMER_CONFIG=0" -I"C:/Users/RossHarvey/Documents/School/EE4951_REPO/Firmware/Production/ee4951_prodmcu/SDK/platform/hal/inc" -I"C:/Users/RossHarvey/Documents/School/EE4951_REPO/Firmware/Production/ee4951_prodmcu/SDK/platform/hal/src/sim/MK22F51212" -I"C:/Users/RossHarvey/Documents/School/EE4951_REPO/Firmware/Production/ee4951_prodmcu/SDK/platform/system/src/clock/MK22F51212" -I"C:/Users/RossHarvey/Documents/School/EE4951_REPO/Firmware/Production/ee4951_prodmcu/SDK/platform/system/inc" -I"C:/Users/RossHarvey/Documents/School/EE4951_REPO/Firmware/Production/ee4951_prodmcu/SDK/platform/osa/inc" -I"C:/Users/RossHarvey/Documents/School/EE4951_REPO/Firmware/Production/ee4951_prodmcu/SDK/platform/CMSIS/Include" -I"C:/Users/RossHarvey/Documents/School/EE4951_REPO/Firmware/Production/ee4951_prodmcu/SDK/platform/devices" -I"C:/Users/RossHarvey/Documents/School/EE4951_REPO/Firmware/Production/ee4951_prodmcu/SDK/platform/devices/MK22F51212/include" -I"C:/Users/RossHarvey/Documents/School/EE4951_REPO/Firmware/Production/ee4951_prodmcu/SDK/platform/utilities/src" -I"C:/Users/RossHarvey/Documents/School/EE4951_REPO/Firmware/Production/ee4951_prodmcu/SDK/platform/utilities/inc" -I"C:/Users/RossHarvey/Documents/School/EE4951_REPO/Firmware/Production/ee4951_prodmcu/SDK/platform/devices/MK22F51212/startup" -I"C:/Users/RossHarvey/Documents/School/EE4951_REPO/Firmware/Production/ee4951_prodmcu/Generated_Code/SDK/platform/devices/MK22F51212/startup" -I"C:/Users/RossHarvey/Documents/School/EE4951_REPO/Firmware/Production/ee4951_prodmcu/Sources" -I"C:/Users/RossHarvey/Documents/School/EE4951_REPO/Firmware/Production/ee4951_prodmcu/Generated_Code" -I"C:/Users/RossHarvey/Documents/School/EE4951_REPO/Firmware/Production/ee4951_prodmcu/SDK/platform/drivers/inc" -std=c99 -MMD -MP -MF"Generated_Code/DbgCs1.d" -MT"Generated_Code/DbgCs1.o" -c -o "Generated_Code/DbgCs1.o" "../Generated_Code/DbgCs1.c"
'Finished building: ../Generated_Code/DbgCs1.c'
' '
'Building file: ../Generated_Code/WAIT1.c'
'Invoking: Cross ARM C Compiler'
arm-none-eabi-gcc -mcpu=cortex-m4 -mthumb -mfloat-abi=hard -mfpu=fpv4-sp-d16 -O0 -fmessage-length=0 -fsigned-char -ffunction-sections -fdata-sections -Wall  -g3 -D"CPU_MK22FN512VLL12" -D"FSL_OSA_BM_TIMER_CONFIG=0" -I"C:/Users/RossHarvey/Documents/School/EE4951_REPO/Firmware/Production/ee4951_prodmcu/SDK/platform/hal/inc" -I"C:/Users/RossHarvey/Documents/School/EE4951_REPO/Firmware/Production/ee4951_prodmcu/SDK/platform/hal/src/sim/MK22F51212" -I"C:/Users/RossHarvey/Documents/School/EE4951_REPO/Firmware/Production/ee4951_prodmcu/SDK/platform/system/src/clock/MK22F51212" -I"C:/Users/RossHarvey/Documents/School/EE4951_REPO/Firmware/Production/ee4951_prodmcu/SDK/platform/system/inc" -I"C:/Users/RossHarvey/Documents/School/EE4951_REPO/Firmware/Production/ee4951_prodmcu/SDK/platform/osa/inc" -I"C:/Users/RossHarvey/Documents/School/EE4951_REPO/Firmware/Production/ee4951_prodmcu/SDK/platform/CMSIS/Include" -I"C:/Users/RossHarvey/Documents/School/EE4951_REPO/Firmware/Production/ee4951_prodmcu/SDK/platform/devices" -I"C:/Users/RossHarvey/Documents/School/EE4951_REPO/Firmware/Production/ee4951_prodmcu/SDK/platform/devices/MK22F51212/include" -I"C:/Users/RossHarvey/Documents/School/EE4951_REPO/Firmware/Production/ee4951_prodmcu/SDK/platform/utilities/src" -I"C:/Users/RossHarvey/Documents/School/EE4951_REPO/Firmware/Production/ee4951_prodmcu/SDK/platform/utilities/inc" -I"C:/Users/RossHarvey/Documents/School/EE4951_REPO/Firmware/Production/ee4951_prodmcu/SDK/platform/devices/MK22F51212/startup" -I"C:/Users/RossHarvey/Documents/School/EE4951_REPO/Firmware/Production/ee4951_prodmcu/Generated_Code/SDK/platform/devices/MK22F51212/startup" -I"C:/Users/RossHarvey/Documents/School/EE4951_REPO/Firmware/Production/ee4951_prodmcu/Sources" -I"C:/Users/RossHarvey/Documents/School/EE4951_REPO/Firmware/Production/ee4951_prodmcu/Generated_Code" -I"C:/Users/RossHarvey/Documents/School/EE4951_REPO/Firmware/Production/ee4951_prodmcu/SDK/platform/drivers/inc" -std=c99 -MMD -MP -MF"Generated_Code/WAIT1.d" -MT"Generated_Code/WAIT1.o" -c -o "Generated_Code/WAIT1.o" "../Generated_Code/WAIT1.c"
'Finished building: ../Generated_Code/WAIT1.c'
' '
'Building file: ../Generated_Code/clockMan1.c'
'Invoking: Cross ARM C Compiler'
arm-none-eabi-gcc -mcpu=cortex-m4 -mthumb -mfloat-abi=hard -mfpu=fpv4-sp-d16 -O0 -fmessage-length=0 -fsigned-char -ffunction-sections -fdata-sections -Wall  -g3 -D"CPU_MK22FN512VLL12" -D"FSL_OSA_BM_TIMER_CONFIG=0" -I"C:/Users/RossHarvey/Documents/School/EE4951_REPO/Firmware/Production/ee4951_prodmcu/SDK/platform/hal/inc" -I"C:/Users/RossHarvey/Documents/School/EE4951_REPO/Firmware/Production/ee4951_prodmcu/SDK/platform/hal/src/sim/MK22F51212" -I"C:/Users/RossHarvey/Documents/School/EE4951_REPO/Firmware/Production/ee4951_prodmcu/SDK/platform/system/src/clock/MK22F51212" -I"C:/Users/RossHarvey/Documents/School/EE4951_REPO/Firmware/Production/ee4951_prodmcu/SDK/platform/system/inc" -I"C:/Users/RossHarvey/Documents/School/EE4951_REPO/Firmware/Production/ee4951_prodmcu/SDK/platform/osa/inc" -I"C:/Users/RossHarvey/Documents/School/EE4951_REPO/Firmware/Production/ee4951_prodmcu/SDK/platform/CMSIS/Include" -I"C:/Users/RossHarvey/Documents/School/EE4951_REPO/Firmware/Production/ee4951_prodmcu/SDK/platform/devices" -I"C:/Users/RossHarvey/Documents/School/EE4951_REPO/Firmware/Production/ee4951_prodmcu/SDK/platform/devices/MK22F51212/include" -I"C:/Users/RossHarvey/Documents/School/EE4951_REPO/Firmware/Production/ee4951_prodmcu/SDK/platform/utilities/src" -I"C:/Users/RossHarvey/Documents/School/EE4951_REPO/Firmware/Production/ee4951_prodmcu/SDK/platform/utilities/inc" -I"C:/Users/RossHarvey/Documents/School/EE4951_REPO/Firmware/Production/ee4951_prodmcu/SDK/platform/devices/MK22F51212/startup" -I"C:/Users/RossHarvey/Documents/School/EE4951_REPO/Firmware/Production/ee4951_prodmcu/Generated_Code/SDK/platform/devices/MK22F51212/startup" -I"C:/Users/RossHarvey/Documents/School/EE4951_REPO/Firmware/Production/ee4951_prodmcu/Sources" -I"C:/Users/RossHarvey/Documents/School/EE4951_REPO/Firmware/Production/ee4951_prodmcu/Generated_Code" -I"C:/Users/RossHarvey/Documents/School/EE4951_REPO/Firmware/Production/ee4951_prodmcu/SDK/platform/drivers/inc" -std=c99 -MMD -MP -MF"Generated_Code/clockMan1.d" -MT"Generated_Code/clockMan1.o" -c -o "Generated_Code/clockMan1.o" "../Generated_Code/clockMan1.c"
'Finished building: ../Generated_Code/clockMan1.c'
' '
'Building file: ../Generated_Code/dut_gpio.c'
'Invoking: Cross ARM C Compiler'
arm-none-eabi-gcc -mcpu=cortex-m4 -mthumb -mfloat-abi=hard -mfpu=fpv4-sp-d16 -O0 -fmessage-length=0 -fsigned-char -ffunction-sections -fdata-sections -Wall  -g3 -D"CPU_MK22FN512VLL12" -D"FSL_OSA_BM_TIMER_CONFIG=0" -I"C:/Users/RossHarvey/Documents/School/EE4951_REPO/Firmware/Production/ee4951_prodmcu/SDK/platform/hal/inc" -I"C:/Users/RossHarvey/Documents/School/EE4951_REPO/Firmware/Production/ee4951_prodmcu/SDK/platform/hal/src/sim/MK22F51212" -I"C:/Users/RossHarvey/Documents/School/EE4951_REPO/Firmware/Production/ee4951_prodmcu/SDK/platform/system/src/clock/MK22F51212" -I"C:/Users/RossHarvey/Documents/School/EE4951_REPO/Firmware/Production/ee4951_prodmcu/SDK/platform/system/inc" -I"C:/Users/RossHarvey/Documents/School/EE4951_REPO/Firmware/Production/ee4951_prodmcu/SDK/platform/osa/inc" -I"C:/Users/RossHarvey/Documents/School/EE4951_REPO/Firmware/Production/ee4951_prodmcu/SDK/platform/CMSIS/Include" -I"C:/Users/RossHarvey/Documents/School/EE4951_REPO/Firmware/Production/ee4951_prodmcu/SDK/platform/devices" -I"C:/Users/RossHarvey/Documents/School/EE4951_REPO/Firmware/Production/ee4951_prodmcu/SDK/platform/devices/MK22F51212/include" -I"C:/Users/RossHarvey/Documents/School/EE4951_REPO/Firmware/Production/ee4951_prodmcu/SDK/platform/utilities/src" -I"C:/Users/RossHarvey/Documents/School/EE4951_REPO/Firmware/Production/ee4951_prodmcu/SDK/platform/utilities/inc" -I"C:/Users/RossHarvey/Documents/School/EE4951_REPO/Firmware/Production/ee4951_prodmcu/SDK/platform/devices/MK22F51212/startup" -I"C:/Users/RossHarvey/Documents/School/EE4951_REPO/Firmware/Production/ee4951_prodmcu/Generated_Code/SDK/platform/devices/MK22F51212/startup" -I"C:/Users/RossHarvey/Documents/School/EE4951_REPO/Firmware/Production/ee4951_prodmcu/Sources" -I"C:/Users/RossHarvey/Documents/School/EE4951_REPO/Firmware/Production/ee4951_prodmcu/Generated_Code" -I"C:/Users/RossHarvey/Documents/School/EE4951_REPO/Firmware/Production/ee4951_prodmcu/SDK/platform/drivers/inc" -std=c99 -MMD -MP -MF"Generated_Code/dut_gpio.d" -MT"Generated_Code/dut_gpio.o" -c -o "Generated_Code/dut_gpio.o" "../Generated_Code/dut_gpio.c"
'Finished building: ../Generated_Code/dut_gpio.c'
' '
'Building file: ../Generated_Code/hardware_init.c'
'Invoking: Cross ARM C Compiler'
arm-none-eabi-gcc -mcpu=cortex-m4 -mthumb -mfloat-abi=hard -mfpu=fpv4-sp-d16 -O0 -fmessage-length=0 -fsigned-char -ffunction-sections -fdata-sections -Wall  -g3 -D"CPU_MK22FN512VLL12" -D"FSL_OSA_BM_TIMER_CONFIG=0" -I"C:/Users/RossHarvey/Documents/School/EE4951_REPO/Firmware/Production/ee4951_prodmcu/SDK/platform/hal/inc" -I"C:/Users/RossHarvey/Documents/School/EE4951_REPO/Firmware/Production/ee4951_prodmcu/SDK/platform/hal/src/sim/MK22F51212" -I"C:/Users/RossHarvey/Documents/School/EE4951_REPO/Firmware/Production/ee4951_prodmcu/SDK/platform/system/src/clock/MK22F51212" -I"C:/Users/RossHarvey/Documents/School/EE4951_REPO/Firmware/Production/ee4951_prodmcu/SDK/platform/system/inc" -I"C:/Users/RossHarvey/Documents/School/EE4951_REPO/Firmware/Production/ee4951_prodmcu/SDK/platform/osa/inc" -I"C:/Users/RossHarvey/Documents/School/EE4951_REPO/Firmware/Production/ee4951_prodmcu/SDK/platform/CMSIS/Include" -I"C:/Users/RossHarvey/Documents/School/EE4951_REPO/Firmware/Production/ee4951_prodmcu/SDK/platform/devices" -I"C:/Users/RossHarvey/Documents/School/EE4951_REPO/Firmware/Production/ee4951_prodmcu/SDK/platform/devices/MK22F51212/include" -I"C:/Users/RossHarvey/Documents/School/EE4951_REPO/Firmware/Production/ee4951_prodmcu/SDK/platform/utilities/src" -I"C:/Users/RossHarvey/Documents/School/EE4951_REPO/Firmware/Production/ee4951_prodmcu/SDK/platform/utilities/inc" -I"C:/Users/RossHarvey/Documents/School/EE4951_REPO/Firmware/Production/ee4951_prodmcu/SDK/platform/devices/MK22F51212/startup" -I"C:/Users/RossHarvey/Documents/School/EE4951_REPO/Firmware/Production/ee4951_prodmcu/Generated_Code/SDK/platform/devices/MK22F51212/startup" -I"C:/Users/RossHarvey/Documents/School/EE4951_REPO/Firmware/Production/ee4951_prodmcu/Sources" -I"C:/Users/RossHarvey/Documents/School/EE4951_REPO/Firmware/Production/ee4951_prodmcu/Generated_Code" -I"C:/Users/RossHarvey/Documents/School/EE4951_REPO/Firmware/Production/ee4951_prodmcu/SDK/platform/drivers/inc" -std=c99 -MMD -MP -MF"Generated_Code/hardware_init.d" -MT"Generated_Code/hardware_init.o" -c -o "Generated_Code/hardware_init.o" "../Generated_Code/hardware_init.c"
'Finished building: ../Generated_Code/hardware_init.c'
' '
'Building file: ../Generated_Code/op_sys.c'
'Invoking: Cross ARM C Compiler'
arm-none-eabi-gcc -mcpu=cortex-m4 -mthumb -mfloat-abi=hard -mfpu=fpv4-sp-d16 -O0 -fmessage-length=0 -fsigned-char -ffunction-sections -fdata-sections -Wall  -g3 -D"CPU_MK22FN512VLL12" -D"FSL_OSA_BM_TIMER_CONFIG=0" -I"C:/Users/RossHarvey/Documents/School/EE4951_REPO/Firmware/Production/ee4951_prodmcu/SDK/platform/hal/inc" -I"C:/Users/RossHarvey/Documents/School/EE4951_REPO/Firmware/Production/ee4951_prodmcu/SDK/platform/hal/src/sim/MK22F51212" -I"C:/Users/RossHarvey/Documents/School/EE4951_REPO/Firmware/Production/ee4951_prodmcu/SDK/platform/system/src/clock/MK22F51212" -I"C:/Users/RossHarvey/Documents/School/EE4951_REPO/Firmware/Production/ee4951_prodmcu/SDK/platform/system/inc" -I"C:/Users/RossHarvey/Documents/School/EE4951_REPO/Firmware/Production/ee4951_prodmcu/SDK/platform/osa/inc" -I"C:/Users/RossHarvey/Documents/School/EE4951_REPO/Firmware/Production/ee4951_prodmcu/SDK/platform/CMSIS/Include" -I"C:/Users/RossHarvey/Documents/School/EE4951_REPO/Firmware/Production/ee4951_prodmcu/SDK/platform/devices" -I"C:/Users/RossHarvey/Documents/School/EE4951_REPO/Firmware/Production/ee4951_prodmcu/SDK/platform/devices/MK22F51212/include" -I"C:/Users/RossHarvey/Documents/School/EE4951_REPO/Firmware/Production/ee4951_prodmcu/SDK/platform/utilities/src" -I"C:/Users/RossHarvey/Documents/School/EE4951_REPO/Firmware/Production/ee4951_prodmcu/SDK/platform/utilities/inc" -I"C:/Users/RossHarvey/Documents/School/EE4951_REPO/Firmware/Production/ee4951_prodmcu/SDK/platform/devices/MK22F51212/startup" -I"C:/Users/RossHarvey/Documents/School/EE4951_REPO/Firmware/Production/ee4951_prodmcu/Generated_Code/SDK/platform/devices/MK22F51212/startup" -I"C:/Users/RossHarvey/Documents/School/EE4951_REPO/Firmware/Production/ee4951_prodmcu/Sources" -I"C:/Users/RossHarvey/Documents/School/EE4951_REPO/Firmware/Production/ee4951_prodmcu/Generated_Code" -I"C:/Users/RossHarvey/Documents/School/EE4951_REPO/Firmware/Production/ee4951_prodmcu/SDK/platform/drivers/inc" -std=c99 -MMD -MP -MF"Generated_Code/op_sys.d" -MT"Generated_Code/op_sys.o" -c -o "Generated_Code/op_sys.o" "../Generated_Code/op_sys.c"
'Finished building: ../Generated_Code/op_sys.c'
' '
'Building file: ../Generated_Code/pin_mux.c'
'Invoking: Cross ARM C Compiler'
arm-none-eabi-gcc -mcpu=cortex-m4 -mthumb -mfloat-abi=hard -mfpu=fpv4-sp-d16 -O0 -fmessage-length=0 -fsigned-char -ffunction-sections -fdata-sections -Wall  -g3 -D"CPU_MK22FN512VLL12" -D"FSL_OSA_BM_TIMER_CONFIG=0" -I"C:/Users/RossHarvey/Documents/School/EE4951_REPO/Firmware/Production/ee4951_prodmcu/SDK/platform/hal/inc" -I"C:/Users/RossHarvey/Documents/School/EE4951_REPO/Firmware/Production/ee4951_prodmcu/SDK/platform/hal/src/sim/MK22F51212" -I"C:/Users/RossHarvey/Documents/School/EE4951_REPO/Firmware/Production/ee4951_prodmcu/SDK/platform/system/src/clock/MK22F51212" -I"C:/Users/RossHarvey/Documents/School/EE4951_REPO/Firmware/Production/ee4951_prodmcu/SDK/platform/system/inc" -I"C:/Users/RossHarvey/Documents/School/EE4951_REPO/Firmware/Production/ee4951_prodmcu/SDK/platform/osa/inc" -I"C:/Users/RossHarvey/Documents/School/EE4951_REPO/Firmware/Production/ee4951_prodmcu/SDK/platform/CMSIS/Include" -I"C:/Users/RossHarvey/Documents/School/EE4951_REPO/Firmware/Production/ee4951_prodmcu/SDK/platform/devices" -I"C:/Users/RossHarvey/Documents/School/EE4951_REPO/Firmware/Production/ee4951_prodmcu/SDK/platform/devices/MK22F51212/include" -I"C:/Users/RossHarvey/Documents/School/EE4951_REPO/Firmware/Production/ee4951_prodmcu/SDK/platform/utilities/src" -I"C:/Users/RossHarvey/Documents/School/EE4951_REPO/Firmware/Production/ee4951_prodmcu/SDK/platform/utilities/inc" -I"C:/Users/RossHarvey/Documents/School/EE4951_REPO/Firmware/Production/ee4951_prodmcu/SDK/platform/devices/MK22F51212/startup" -I"C:/Users/RossHarvey/Documents/School/EE4951_REPO/Firmware/Production/ee4951_prodmcu/Generated_Code/SDK/platform/devices/MK22F51212/startup" -I"C:/Users/RossHarvey/Documents/School/EE4951_REPO/Firmware/Production/ee4951_prodmcu/Sources" -I"C:/Users/RossHarvey/Documents/School/EE4951_REPO/Firmware/Production/ee4951_prodmcu/Generated_Code" -I"C:/Users/RossHarvey/Documents/School/EE4951_REPO/Firmware/Production/ee4951_prodmcu/SDK/platform/drivers/inc" -std=c99 -MMD -MP -MF"Generated_Code/pin_mux.d" -MT"Generated_Code/pin_mux.o" -c -o "Generated_Code/pin_mux.o" "../Generated_Code/pin_mux.c"
'Finished building: ../Generated_Code/pin_mux.c'
' '
'Building target: ee4951_prodmcu.elf'
'Invoking: Cross ARM C++ Linker'
arm-none-eabi-g++ -mcpu=cortex-m4 -mthumb -mfloat-abi=hard -mfpu=fpv4-sp-d16 -O0 -fmessage-length=0 -fsigned-char -ffunction-sections -fdata-sections -Wall  -g3 -T "C:/Users/RossHarvey/Documents/School/EE4951_REPO/Firmware/Production/ee4951_prodmcu/Project_Settings/Linker_Files/ProcessorExpert.ld" -Xlinker --gc-sections -L"C:/Users/RossHarvey/Documents/School/EE4951_REPO/Firmware/Production/ee4951_prodmcu/Project_Settings/Linker_Files" -Wl,-Map,"ee4951_prodmcu.map" -specs=nosys.specs -specs=nano.specs -Xlinker -z -Xlinker muldefs -o "ee4951_prodmcu.elf"  ./Static_Code/System/PE_low_level_init.o  ./Sources/DutISense.o ./Sources/Events.o ./Sources/main.o  ./SDK/platform/utilities/src/fsl_debug_console.o ./SDK/platform/utilities/src/fsl_misc_utilities.o ./SDK/platform/utilities/src/print_scan.o  ./SDK/platform/system/src/interrupt/fsl_interrupt_manager.o  ./SDK/platform/system/src/clock/MK22F51212/fsl_clock_MK22F51212.o  ./SDK/platform/system/src/clock/fsl_clock_manager.o ./SDK/platform/system/src/clock/fsl_clock_manager_common.o  ./SDK/platform/osa/src/fsl_os_abstraction_bm.o  ./SDK/platform/hal/src/uart/fsl_uart_hal.o  ./SDK/platform/hal/src/sim/MK22F51212/fsl_sim_hal_MK22F51212.o  ./SDK/platform/hal/src/rtc/fsl_rtc_hal.o  ./SDK/platform/hal/src/port/fsl_port_hal.o  ./SDK/platform/hal/src/osc/fsl_osc_hal.o  ./SDK/platform/hal/src/mcg/fsl_mcg_hal.o ./SDK/platform/hal/src/mcg/fsl_mcg_hal_modes.o  ./SDK/platform/hal/src/lpuart/fsl_lpuart_hal.o  ./SDK/platform/hal/src/gpio/fsl_gpio_hal.o  ./SDK/platform/drivers/src/rtc/fsl_rtc_common.o  ./SDK/platform/drivers/src/gpio/fsl_gpio_common.o ./SDK/platform/drivers/src/gpio/fsl_gpio_driver.o  ./SDK/platform/devices/MK22F51212/startup/gcc/startup_MK22F51212.o  ./SDK/platform/devices/MK22F51212/startup/system_MK22F51212.o  ./SDK/platform/devices/startup.o  ./Generated_Code/Cpu.o ./Generated_Code/DbgCs1.o ./Generated_Code/WAIT1.o ./Generated_Code/clockMan1.o ./Generated_Code/dut_gpio.o ./Generated_Code/hardware_init.o ./Generated_Code/op_sys.o ./Generated_Code/pin_mux.o   
'Finished building target: ee4951_prodmcu.elf'
' '
'Invoking: Cross ARM GNU Print Size'
arm-none-eabi-size --format=berkeley "ee4951_prodmcu.elf"
   text	   data	    bss	    dec	    hex	filename
  50328	    132	   2232	  52692	   cdd4	ee4951_prodmcu.elf
'Finished building: ee4951_prodmcu.siz'
' '
13:37:11 **** Incremental Build of configuration Debug for project ee4951_prodmcu ****
make all 
'Invoking: Cross ARM GNU Print Size'
arm-none-eabi-size --format=berkeley "ee4951_prodmcu.elf"
   text	   data	    bss	    dec	    hex	filename
  50328	    132	   2232	  52692	   cdd4	ee4951_prodmcu.elf
'Finished building: ee4951_prodmcu.siz'
' '
13:38:08 **** Incremental Build of configuration Debug for project ee4951_prodmcu ****
make all 
'Building file: ../Sources/main.cpp'
'Invoking: Cross ARM C++ Compiler'
arm-none-eabi-g++ -mcpu=cortex-m4 -mthumb -mfloat-abi=hard -mfpu=fpv4-sp-d16 -O0 -fmessage-length=0 -fsigned-char -ffunction-sections -fdata-sections -Wall  -g3 -D"CPU_MK22FN512VLL12" -D"FSL_OSA_BM_TIMER_CONFIG=0" -I"C:/Users/RossHarvey/Documents/School/EE4951_REPO/Firmware/Production/ee4951_prodmcu/SDK/platform/hal/inc" -I"C:/Users/RossHarvey/Documents/School/EE4951_REPO/Firmware/Production/ee4951_prodmcu/SDK/platform/hal/src/sim/MK22F51212" -I"C:/Users/RossHarvey/Documents/School/EE4951_REPO/Firmware/Production/ee4951_prodmcu/SDK/platform/system/src/clock/MK22F51212" -I"C:/Users/RossHarvey/Documents/School/EE4951_REPO/Firmware/Production/ee4951_prodmcu/SDK/platform/system/inc" -I"C:/Users/RossHarvey/Documents/School/EE4951_REPO/Firmware/Production/ee4951_prodmcu/SDK/platform/osa/inc" -I"C:/Users/RossHarvey/Documents/School/EE4951_REPO/Firmware/Production/ee4951_prodmcu/SDK/platform/CMSIS/Include" -I"C:/Users/RossHarvey/Documents/School/EE4951_REPO/Firmware/Production/ee4951_prodmcu/SDK/platform/devices" -I"C:/Users/RossHarvey/Documents/School/EE4951_REPO/Firmware/Production/ee4951_prodmcu/SDK/platform/devices/MK22F51212/include" -I"C:/Users/RossHarvey/Documents/School/EE4951_REPO/Firmware/Production/ee4951_prodmcu/SDK/platform/utilities/src" -I"C:/Users/RossHarvey/Documents/School/EE4951_REPO/Firmware/Production/ee4951_prodmcu/SDK/platform/utilities/inc" -I"C:/Users/RossHarvey/Documents/School/EE4951_REPO/Firmware/Production/ee4951_prodmcu/SDK/platform/devices/MK22F51212/startup" -I"C:/Users/RossHarvey/Documents/School/EE4951_REPO/Firmware/Production/ee4951_prodmcu/Generated_Code/SDK/platform/devices/MK22F51212/startup" -I"C:/Users/RossHarvey/Documents/School/EE4951_REPO/Firmware/Production/ee4951_prodmcu/Sources" -I"C:/Users/RossHarvey/Documents/School/EE4951_REPO/Firmware/Production/ee4951_prodmcu/Generated_Code" -I"C:/Users/RossHarvey/Documents/School/EE4951_REPO/Firmware/Production/ee4951_prodmcu/SDK/platform/drivers/inc" -std=gnu++11 -fabi-version=0 -MMD -MP -MF"Sources/main.d" -MT"Sources/main.o" -c -o "Sources/main.o" "../Sources/main.cpp"
../Sources/main.cpp: In function 'int main()':
../Sources/main.cpp:63:11: warning: variable 'activeRange' set but not used [-Wunused-but-set-variable]
   uint8_t activeRange;
           ^
'Finished building: ../Sources/main.cpp'
' '
'Building target: ee4951_prodmcu.elf'
'Invoking: Cross ARM C++ Linker'
arm-none-eabi-g++ -mcpu=cortex-m4 -mthumb -mfloat-abi=hard -mfpu=fpv4-sp-d16 -O0 -fmessage-length=0 -fsigned-char -ffunction-sections -fdata-sections -Wall  -g3 -T "C:/Users/RossHarvey/Documents/School/EE4951_REPO/Firmware/Production/ee4951_prodmcu/Project_Settings/Linker_Files/ProcessorExpert.ld" -Xlinker --gc-sections -L"C:/Users/RossHarvey/Documents/School/EE4951_REPO/Firmware/Production/ee4951_prodmcu/Project_Settings/Linker_Files" -Wl,-Map,"ee4951_prodmcu.map" -specs=nosys.specs -specs=nano.specs -Xlinker -z -Xlinker muldefs -o "ee4951_prodmcu.elf"  ./Static_Code/System/PE_low_level_init.o  ./Sources/DutISense.o ./Sources/Events.o ./Sources/main.o  ./SDK/platform/utilities/src/fsl_debug_console.o ./SDK/platform/utilities/src/fsl_misc_utilities.o ./SDK/platform/utilities/src/print_scan.o  ./SDK/platform/system/src/interrupt/fsl_interrupt_manager.o  ./SDK/platform/system/src/clock/MK22F51212/fsl_clock_MK22F51212.o  ./SDK/platform/system/src/clock/fsl_clock_manager.o ./SDK/platform/system/src/clock/fsl_clock_manager_common.o  ./SDK/platform/osa/src/fsl_os_abstraction_bm.o  ./SDK/platform/hal/src/uart/fsl_uart_hal.o  ./SDK/platform/hal/src/sim/MK22F51212/fsl_sim_hal_MK22F51212.o  ./SDK/platform/hal/src/rtc/fsl_rtc_hal.o  ./SDK/platform/hal/src/port/fsl_port_hal.o  ./SDK/platform/hal/src/osc/fsl_osc_hal.o  ./SDK/platform/hal/src/mcg/fsl_mcg_hal.o ./SDK/platform/hal/src/mcg/fsl_mcg_hal_modes.o  ./SDK/platform/hal/src/lpuart/fsl_lpuart_hal.o  ./SDK/platform/hal/src/gpio/fsl_gpio_hal.o  ./SDK/platform/drivers/src/rtc/fsl_rtc_common.o  ./SDK/platform/drivers/src/gpio/fsl_gpio_common.o ./SDK/platform/drivers/src/gpio/fsl_gpio_driver.o  ./SDK/platform/devices/MK22F51212/startup/gcc/startup_MK22F51212.o  ./SDK/platform/devices/MK22F51212/startup/system_MK22F51212.o  ./SDK/platform/devices/startup.o  ./Generated_Code/Cpu.o ./Generated_Code/DbgCs1.o ./Generated_Code/WAIT1.o ./Generated_Code/clockMan1.o ./Generated_Code/dut_gpio.o ./Generated_Code/hardware_init.o ./Generated_Code/op_sys.o ./Generated_Code/pin_mux.o   
'Finished building target: ee4951_prodmcu.elf'
' '
'Invoking: Cross ARM GNU Print Size'
arm-none-eabi-size --format=berkeley "ee4951_prodmcu.elf"
   text	   data	    bss	    dec	    hex	filename
  50328	    132	   2232	  52692	   cdd4	ee4951_prodmcu.elf
'Finished building: ee4951_prodmcu.siz'
' '
