19:26:40 **** Incremental Build of configuration Debug for project sdCardTest ****
make all 
'Building file: ../Sources/spi_dspi_layer.c'
'Invoking: Cross ARM C Compiler'
arm-none-eabi-gcc -mcpu=cortex-m4 -mthumb -mfloat-abi=hard -mfpu=fpv4-sp-d16 -O0 -fmessage-length=0 -fsigned-char -ffunction-sections -fdata-sections -Wall  -g3 -D"CPU_MK22FN512VLL12" -D"FSL_RTOS_FREE_RTOS" -I"C:/Users/RossHarvey/Documents/School/EE4951_REPO/Firmware/Production/sdCardTest/SDK/platform/hal/inc" -I"C:/Users/RossHarvey/Documents/School/EE4951_REPO/Firmware/Production/sdCardTest/SDK/platform/hal/src/sim/MK22F51212" -I"C:/Users/RossHarvey/Documents/School/EE4951_REPO/Firmware/Production/sdCardTest/SDK/platform/system/src/clock/MK22F51212" -I"C:/Users/RossHarvey/Documents/School/EE4951_REPO/Firmware/Production/sdCardTest/SDK/platform/system/inc" -I"C:/Users/RossHarvey/Documents/School/EE4951_REPO/Firmware/Production/sdCardTest/SDK/platform/osa/inc" -I"C:/Users/RossHarvey/Documents/School/EE4951_REPO/Firmware/Production/sdCardTest/SDK/platform/drivers/inc" -I"C:/Users/RossHarvey/Documents/School/EE4951_REPO/Firmware/Production/sdCardTest/SDK/platform/composite/inc" -I"C:/Users/RossHarvey/Documents/School/EE4951_REPO/Firmware/Production/sdCardTest/SDK/platform/CMSIS/Include" -I"C:/Users/RossHarvey/Documents/School/EE4951_REPO/Firmware/Production/sdCardTest/SDK/platform/devices" -I"C:/Users/RossHarvey/Documents/School/EE4951_REPO/Firmware/Production/sdCardTest/SDK/platform/devices/MK22F51212/include" -I"C:/Users/RossHarvey/Documents/School/EE4951_REPO/Firmware/Production/sdCardTest/SDK/platform/utilities/src" -I"C:/Users/RossHarvey/Documents/School/EE4951_REPO/Firmware/Production/sdCardTest/SDK/platform/utilities/inc" -I"C:/Users/RossHarvey/Documents/School/EE4951_REPO/Firmware/Production/sdCardTest/SDK/platform/devices/MK22F51212/startup" -I"C:/Users/RossHarvey/Documents/School/EE4951_REPO/Firmware/Production/sdCardTest/Generated_Code/SDK/platform/devices/MK22F51212/startup" -I"C:/Users/RossHarvey/Documents/School/EE4951_REPO/Firmware/Production/sdCardTest/Sources" -I"C:/Users/RossHarvey/Documents/School/EE4951_REPO/Firmware/Production/sdCardTest/Generated_Code" -I"C:/Users/RossHarvey/Documents/School/EE4951_REPO/Firmware/Production/sdCardTest/SDK/rtos/FreeRTOS/include" -I"C:/Users/RossHarvey/Documents/School/EE4951_REPO/Firmware/Production/sdCardTest/SDK/rtos/FreeRTOS/port/gcc" -I"C:/Users/RossHarvey/Documents/School/EE4951_REPO/Firmware/Production/sdCardTest/Generated_Code/SDK/rtos/FreeRTOS/config" -std=c99 -MMD -MP -MF"Sources/spi_dspi_layer.d" -MT"Sources/spi_dspi_layer.o" -c -o "Sources/spi_dspi_layer.o" "../Sources/spi_dspi_layer.c"
'Finished building: ../Sources/spi_dspi_layer.c'
' '
'Building target: sdCardTest.elf'
'Invoking: Cross ARM C++ Linker'
arm-none-eabi-g++ -mcpu=cortex-m4 -mthumb -mfloat-abi=hard -mfpu=fpv4-sp-d16 -O0 -fmessage-length=0 -fsigned-char -ffunction-sections -fdata-sections -Wall  -g3 -T "C:/Users/RossHarvey/Documents/School/EE4951_REPO/Firmware/Production/sdCardTest/Project_Settings/Linker_Files/ProcessorExpert.ld" -Xlinker --gc-sections -L"C:/Users/RossHarvey/Documents/School/EE4951_REPO/Firmware/Production/sdCardTest/Project_Settings/Linker_Files" -Wl,-Map,"sdCardTest.map" -specs=nosys.specs -specs=nano.specs -Xlinker -z -Xlinker muldefs -o "sdCardTest.elf"  ./Static_Code/System/PE_low_level_init.o  ./Sources/Events.o ./Sources/main.o ./Sources/rtos_main_task.o ./Sources/spi_dspi_layer.o  ./SDK/rtos/FreeRTOS/src/croutine.o ./SDK/rtos/FreeRTOS/src/event_groups.o ./SDK/rtos/FreeRTOS/src/heap_1.o ./SDK/rtos/FreeRTOS/src/heap_2.o ./SDK/rtos/FreeRTOS/src/heap_3.o ./SDK/rtos/FreeRTOS/src/heap_4.o ./SDK/rtos/FreeRTOS/src/heap_5.o ./SDK/rtos/FreeRTOS/src/list.o ./SDK/rtos/FreeRTOS/src/queue.o ./SDK/rtos/FreeRTOS/src/tasks.o ./SDK/rtos/FreeRTOS/src/timers.o  ./SDK/rtos/FreeRTOS/port/gcc/port.o ./SDK/rtos/FreeRTOS/port/gcc/portasm.o  ./SDK/platform/utilities/src/fsl_debug_console.o ./SDK/platform/utilities/src/fsl_misc_utilities.o ./SDK/platform/utilities/src/print_scan.o  ./SDK/platform/system/src/interrupt/fsl_interrupt_manager.o  ./SDK/platform/system/src/clock/MK22F51212/fsl_clock_MK22F51212.o  ./SDK/platform/system/src/clock/fsl_clock_manager.o ./SDK/platform/system/src/clock/fsl_clock_manager_common.o  ./SDK/platform/osa/src/fsl_os_abstraction_free_rtos.o  ./SDK/platform/hal/src/uart/fsl_uart_hal.o  ./SDK/platform/hal/src/sim/MK22F51212/fsl_sim_hal_MK22F51212.o  ./SDK/platform/hal/src/rtc/fsl_rtc_hal.o  ./SDK/platform/hal/src/port/fsl_port_hal.o  ./SDK/platform/hal/src/osc/fsl_osc_hal.o  ./SDK/platform/hal/src/mcg/fsl_mcg_hal.o ./SDK/platform/hal/src/mcg/fsl_mcg_hal_modes.o  ./SDK/platform/hal/src/lpuart/fsl_lpuart_hal.o  ./SDK/platform/hal/src/dspi/fsl_dspi_hal.o  ./SDK/platform/drivers/src/rtc/fsl_rtc_common.o  ./SDK/platform/drivers/src/dspi/fsl_dspi_common.o ./SDK/platform/drivers/src/dspi/fsl_dspi_master_driver.o ./SDK/platform/drivers/src/dspi/fsl_dspi_shared_function.o ./SDK/platform/drivers/src/dspi/fsl_dspi_slave_driver.o  ./SDK/platform/devices/MK22F51212/startup/gcc/startup_MK22F51212.o  ./SDK/platform/devices/MK22F51212/startup/system_MK22F51212.o  ./SDK/platform/devices/startup.o  ./SDK/platform/composite/src/sdcard/fsl_sdcard_spi.o  ./Generated_Code/Cpu.o ./Generated_Code/DbgCs1.o ./Generated_Code/MainTask.o ./Generated_Code/clockMan1.o ./Generated_Code/free_rtos.o ./Generated_Code/fsl_dspi1.o ./Generated_Code/hardware_init.o ./Generated_Code/memoryCard1.o ./Generated_Code/osa1.o ./Generated_Code/pin_mux.o   
'Finished building target: sdCardTest.elf'
' '
'Invoking: Cross ARM GNU Print Size'
arm-none-eabi-size --format=berkeley "sdCardTest.elf"
   text	   data	    bss	    dec	    hex	filename
  31568	    164	   6808	  38540	   968c	sdCardTest.elf
'Finished building: sdCardTest.siz'
' '

19:26:41 Build Finished (took 1s.676ms)

