17:33:57 **** Incremental Build of configuration Debug for project k22_dev ****
make all 
'Building file: ../Sources/main.c'
'Invoking: Cross ARM C Compiler'
arm-none-eabi-gcc -mcpu=cortex-m4 -mthumb -mfloat-abi=hard -mfpu=fpv4-sp-d16 -O0 -fmessage-length=0 -fsigned-char -ffunction-sections -fdata-sections -Wall  -g3 -D"FSL_OSA_BM_TIMER_CONFIG=2" -D"CPU_MK22FN512VLH12" -I"C:/Users/RossHarvey/Documents/School/EE4951_REPO/Firmware/EE4951_MCU/k22_dev/SDK/platform/hal/inc" -I"C:/Users/RossHarvey/Documents/School/EE4951_REPO/Firmware/EE4951_MCU/k22_dev/SDK/platform/hal/src/sim/MK22F51212" -I"C:/Users/RossHarvey/Documents/School/EE4951_REPO/Firmware/EE4951_MCU/k22_dev/SDK/platform/system/src/clock/MK22F51212" -I"C:/Users/RossHarvey/Documents/School/EE4951_REPO/Firmware/EE4951_MCU/k22_dev/SDK/platform/system/inc" -I"C:/Users/RossHarvey/Documents/School/EE4951_REPO/Firmware/EE4951_MCU/k22_dev/SDK/platform/osa/inc" -I"C:/Users/RossHarvey/Documents/School/EE4951_REPO/Firmware/EE4951_MCU/k22_dev/SDK/platform/CMSIS/Include" -I"C:/Users/RossHarvey/Documents/School/EE4951_REPO/Firmware/EE4951_MCU/k22_dev/SDK/platform/devices" -I"C:/Users/RossHarvey/Documents/School/EE4951_REPO/Firmware/EE4951_MCU/k22_dev/SDK/platform/devices/MK22F51212/include" -I"C:/Users/RossHarvey/Documents/School/EE4951_REPO/Firmware/EE4951_MCU/k22_dev/SDK/platform/devices/MK22F51212/startup" -I"C:/Users/RossHarvey/Documents/School/EE4951_REPO/Firmware/EE4951_MCU/k22_dev/Generated_Code/SDK/platform/devices/MK22F51212/startup" -I"C:/Users/RossHarvey/Documents/School/EE4951_REPO/Firmware/EE4951_MCU/k22_dev/Sources" -I"C:/Users/RossHarvey/Documents/School/EE4951_REPO/Firmware/EE4951_MCU/k22_dev/Generated_Code" -I"C:/Users/RossHarvey/Documents/School/EE4951_REPO/Firmware/EE4951_MCU/k22_dev/SDK/platform/utilities/src" -I"C:/Users/RossHarvey/Documents/School/EE4951_REPO/Firmware/EE4951_MCU/k22_dev/SDK/platform/utilities/inc" -I"C:/Users/RossHarvey/Documents/School/EE4951_REPO/Firmware/EE4951_MCU/k22_dev/SDK/platform/drivers/inc" -std=c99 -MMD -MP -MF"Sources/main.d" -MT"Sources/main.o" -c -o "Sources/main.o" "../Sources/main.c"
'Finished building: ../Sources/main.c'
' '
'Building target: k22_dev.elf'
'Invoking: Cross ARM C++ Linker'
arm-none-eabi-g++ -mcpu=cortex-m4 -mthumb -mfloat-abi=hard -mfpu=fpv4-sp-d16 -O0 -fmessage-length=0 -fsigned-char -ffunction-sections -fdata-sections -Wall  -g3 -T "C:/Users/RossHarvey/Documents/School/EE4951_REPO/Firmware/EE4951_MCU/k22_dev/Project_Settings/Linker_Files/ProcessorExpert.ld" -Xlinker --gc-sections -L"C:/Users/RossHarvey/Documents/School/EE4951_REPO/Firmware/EE4951_MCU/k22_dev/Project_Settings/Linker_Files" -Wl,-Map,"k22_dev.map" -specs=nosys.specs -specs=nano.specs -o "k22_dev.elf"  ./Static_Code/System/PE_low_level_init.o  ./Sources/Events.o ./Sources/main.o  ./SDK/platform/utilities/src/fsl_debug_console.o ./SDK/platform/utilities/src/print_scan.o  ./SDK/platform/system/src/interrupt/fsl_interrupt_manager.o  ./SDK/platform/system/src/clock/MK22F51212/fsl_clock_MK22F51212.o  ./SDK/platform/system/src/clock/fsl_clock_manager.o ./SDK/platform/system/src/clock/fsl_clock_manager_common.o  ./SDK/platform/osa/src/fsl_os_abstraction_bm.o  ./SDK/platform/hal/src/uart/fsl_uart_hal.o  ./SDK/platform/hal/src/sim/MK22F51212/fsl_sim_hal_MK22F51212.o  ./SDK/platform/hal/src/rtc/fsl_rtc_hal.o  ./SDK/platform/hal/src/port/fsl_port_hal.o  ./SDK/platform/hal/src/osc/fsl_osc_hal.o  ./SDK/platform/hal/src/mcg/fsl_mcg_hal.o ./SDK/platform/hal/src/mcg/fsl_mcg_hal_modes.o  ./SDK/platform/hal/src/lpuart/fsl_lpuart_hal.o  ./SDK/platform/hal/src/gpio/fsl_gpio_hal.o  ./SDK/platform/hal/src/adc16/fsl_adc16_hal.o  ./SDK/platform/drivers/src/rtc/fsl_rtc_common.o  ./SDK/platform/drivers/src/gpio/fsl_gpio_common.o ./SDK/platform/drivers/src/gpio/fsl_gpio_driver.o  ./SDK/platform/drivers/src/adc16/fsl_adc16_common.o ./SDK/platform/drivers/src/adc16/fsl_adc16_driver.o  ./SDK/platform/devices/MK22F51212/startup/gcc/startup_MK22F51212.o  ./SDK/platform/devices/MK22F51212/startup/system_MK22F51212.o  ./SDK/platform/devices/startup.o  ./Generated_Code/Cpu.o ./Generated_Code/WAIT1.o ./Generated_Code/clockMan1.o ./Generated_Code/debug.o ./Generated_Code/dut_adc.o ./Generated_Code/gpio1.o ./Generated_Code/hardware_init.o ./Generated_Code/osa1.o ./Generated_Code/pin_init.o ./Generated_Code/self_adc.o   
'Finished building target: k22_dev.elf'
' '
'Invoking: Cross ARM GNU Print Size'
arm-none-eabi-size --format=berkeley "k22_dev.elf"
   text	   data	    bss	    dec	    hex	filename
  21344	    124	   2220	  23688	   5c88	k22_dev.elf
'Finished building: k22_dev.siz'
' '

17:33:59 Build Finished (took 1s.527ms)

