Archive member included because of file (symbol)

C:/Freescale/KSDK_1.3.0/lib/ksdk_platform_lib/kds/K22F51212/debug/libksdk_platform.a(fsl_uart_hal.o)
                              ./Sources/Utilities/fsl_debug_console.o (UART_HAL_SetBaudRate)
C:/Freescale/KSDK_1.3.0/lib/ksdk_platform_lib/kds/K22F51212/debug/libksdk_platform.a(fsl_smc_hal.o)
                              ./Sources/Board/board.o (SMC_HAL_SetMode)
C:/Freescale/KSDK_1.3.0/lib/ksdk_platform_lib/kds/K22F51212/debug/libksdk_platform.a(fsl_lpuart_hal.o)
                              ./Sources/Utilities/fsl_debug_console.o (LPUART_HAL_SetBaudRate)
C:/Freescale/KSDK_1.3.0/lib/ksdk_platform_lib/kds/K22F51212/debug/libksdk_platform.a(fsl_gpio_driver.o)
                              ./Sources/Board/board.o (GPIO_DRV_Init)
C:/Freescale/KSDK_1.3.0/lib/ksdk_platform_lib/kds/K22F51212/debug/libksdk_platform.a(fsl_clock_MK22F51212.o)
                              ./Sources/Board/board.o (CLOCK_SYS_SetSimConfigration)
C:/Freescale/KSDK_1.3.0/lib/ksdk_platform_lib/kds/K22F51212/debug/libksdk_platform.a(fsl_clock_manager.o)
                              ./Sources/Board/board.o (CLOCK_SYS_BootToPee)
C:/Freescale/KSDK_1.3.0/lib/ksdk_platform_lib/kds/K22F51212/debug/libksdk_platform.a(fsl_clock_manager_common.o)
                              C:/Freescale/KSDK_1.3.0/lib/ksdk_platform_lib/kds/K22F51212/debug/libksdk_platform.a(fsl_clock_MK22F51212.o) (g_oscBase)
C:/Freescale/KSDK_1.3.0/lib/ksdk_platform_lib/kds/K22F51212/debug/libksdk_platform.a(fsl_os_abstraction_bm.o)
                              C:/Freescale/KSDK_1.3.0/lib/ksdk_platform_lib/kds/K22F51212/debug/libksdk_platform.a(fsl_clock_manager.o) (OSA_EnterCritical)
C:/Freescale/KSDK_1.3.0/lib/ksdk_platform_lib/kds/K22F51212/debug/libksdk_platform.a(fsl_sim_hal_MK22F51212.o)
                              C:/Freescale/KSDK_1.3.0/lib/ksdk_platform_lib/kds/K22F51212/debug/libksdk_platform.a(fsl_clock_MK22F51212.o) (CLOCK_HAL_GetUsbfsDiv)
C:/Freescale/KSDK_1.3.0/lib/ksdk_platform_lib/kds/K22F51212/debug/libksdk_platform.a(fsl_osc_hal.o)
                              C:/Freescale/KSDK_1.3.0/lib/ksdk_platform_lib/kds/K22F51212/debug/libksdk_platform.a(fsl_clock_manager.o) (OSC_HAL_SetCapacitor)
C:/Freescale/KSDK_1.3.0/lib/ksdk_platform_lib/kds/K22F51212/debug/libksdk_platform.a(fsl_mcg_hal.o)
                              C:/Freescale/KSDK_1.3.0/lib/ksdk_platform_lib/kds/K22F51212/debug/libksdk_platform.a(fsl_clock_MK22F51212.o) (g_xtal0ClkFreq)
C:/Freescale/KSDK_1.3.0/lib/ksdk_platform_lib/kds/K22F51212/debug/libksdk_platform.a(fsl_mcg_hal_modes.o)
                              C:/Freescale/KSDK_1.3.0/lib/ksdk_platform_lib/kds/K22F51212/debug/libksdk_platform.a(fsl_clock_manager.o) (CLOCK_HAL_GetMcgMode)
C:/Freescale/KSDK_1.3.0/lib/ksdk_platform_lib/kds/K22F51212/debug/libksdk_platform.a(fsl_lptmr_hal.o)
                              C:/Freescale/KSDK_1.3.0/lib/ksdk_platform_lib/kds/K22F51212/debug/libksdk_platform.a(fsl_os_abstraction_bm.o) (LPTMR_HAL_SetTimerWorkingMode)
C:/Freescale/KSDK_1.3.0/lib/ksdk_platform_lib/kds/K22F51212/debug/libksdk_platform.a(fsl_interrupt_manager.o)
                              C:/Freescale/KSDK_1.3.0/lib/ksdk_platform_lib/kds/K22F51212/debug/libksdk_platform.a(fsl_os_abstraction_bm.o) (INT_SYS_InstallHandler)
C:/Freescale/KSDK_1.3.0/lib/ksdk_platform_lib/kds/K22F51212/debug/libksdk_platform.a(fsl_gpio_hal.o)
                              C:/Freescale/KSDK_1.3.0/lib/ksdk_platform_lib/kds/K22F51212/debug/libksdk_platform.a(fsl_gpio_driver.o) (GPIO_HAL_SetPinDir)
C:/Freescale/KSDK_1.3.0/lib/ksdk_platform_lib/kds/K22F51212/debug/libksdk_platform.a(fsl_gpio_common.o)
                              C:/Freescale/KSDK_1.3.0/lib/ksdk_platform_lib/kds/K22F51212/debug/libksdk_platform.a(fsl_gpio_driver.o) (g_gpioBase)
c:/freescale/kds_3.0.0/toolchain/bin/../lib/gcc/arm-none-eabi/4.8.4/../../../../arm-none-eabi/lib/armv7e-m/fpu\libm.a(lib_a-s_sin.o)
                              ./Sources/main.o (sin)
c:/freescale/kds_3.0.0/toolchain/bin/../lib/gcc/arm-none-eabi/4.8.4/../../../../arm-none-eabi/lib/armv7e-m/fpu\libm.a(lib_a-e_rem_pio2.o)
                              c:/freescale/kds_3.0.0/toolchain/bin/../lib/gcc/arm-none-eabi/4.8.4/../../../../arm-none-eabi/lib/armv7e-m/fpu\libm.a(lib_a-s_sin.o) (__ieee754_rem_pio2)
c:/freescale/kds_3.0.0/toolchain/bin/../lib/gcc/arm-none-eabi/4.8.4/../../../../arm-none-eabi/lib/armv7e-m/fpu\libm.a(lib_a-k_cos.o)
                              c:/freescale/kds_3.0.0/toolchain/bin/../lib/gcc/arm-none-eabi/4.8.4/../../../../arm-none-eabi/lib/armv7e-m/fpu\libm.a(lib_a-s_sin.o) (__kernel_cos)
c:/freescale/kds_3.0.0/toolchain/bin/../lib/gcc/arm-none-eabi/4.8.4/../../../../arm-none-eabi/lib/armv7e-m/fpu\libm.a(lib_a-k_rem_pio2.o)
                              c:/freescale/kds_3.0.0/toolchain/bin/../lib/gcc/arm-none-eabi/4.8.4/../../../../arm-none-eabi/lib/armv7e-m/fpu\libm.a(lib_a-e_rem_pio2.o) (__kernel_rem_pio2)
[...]
Memory Configuration

Name             Origin             Length             Attributes
m_interrupts     0x00000000         0x00000400         xr
m_flash_config   0x00000400         0x00000010         xr
m_text           0x00000410         0x0007fbf0         xr
m_data           0x1fff0000         0x00010000         rw
m_data_2         0x20000000         0x00010000         rw
*default*        0x00000000         0xffffffff

Linker script and memory map

LOAD c:/freescale/kds_3.0.0/toolchain/bin/../lib/gcc/arm-none-eabi/4.8.4/armv7e-m/fpu/crti.o
LOAD c:/freescale/kds_3.0.0/toolchain/bin/../lib/gcc/arm-none-eabi/4.8.4/armv7e-m/fpu/crtbegin.o
LOAD c:/freescale/kds_3.0.0/toolchain/bin/../lib/gcc/arm-none-eabi/4.8.4/../../../../arm-none-eabi/lib/armv7e-m/fpu/crt0.o
LOAD ./Sources/Utilities/fsl_debug_console.o
LOAD ./Sources/Board/board.o
LOAD ./Sources/Board/gpio_pins.o
LOAD ./Sources/Board/pin_mux.o
LOAD ./Sources/main.o
LOAD ./Project_Settings/Startup_Code/startup.o
LOAD ./Project_Settings/Startup_Code/startup_MK22F51212.o
LOAD ./Project_Settings/Startup_Code/system_MK22F51212.o
LOAD C:/Freescale/KSDK_1.3.0/lib/ksdk_platform_lib/kds/K22F51212/debug/libksdk_platform.a
LOAD C:\Freescale\KSDK_1.3.0\lib\ksdk_platform_lib\kds\K22F51212\debug\libksdk_platform.a
LOAD c:/freescale/kds_3.0.0/toolchain/bin/../lib/gcc/arm-none-eabi/4.8.4/../../../../arm-none-eabi/lib/armv7e-m/fpu\libstdc++_s.a
LOAD c:/freescale/kds_3.0.0/toolchain/bin/../lib/gcc/arm-none-eabi/4.8.4/../../../../arm-none-eabi/lib/armv7e-m/fpu\libm.a
START GROUP
LOAD c:/freescale/kds_3.0.0/toolchain/bin/../lib/gcc/arm-none-eabi/4.8.4/armv7e-m/fpu\libgcc.a
LOAD c:/freescale/kds_3.0.0/toolchain/bin/../lib/gcc/arm-none-eabi/4.8.4/../../../../arm-none-eabi/lib/armv7e-m/fpu\libg_s.a
LOAD c:/freescale/kds_3.0.0/toolchain/bin/../lib/gcc/arm-none-eabi/4.8.4/../../../../arm-none-eabi/lib/armv7e-m/fpu\libc_s.a
END GROUP
START GROUP
LOAD c:/freescale/kds_3.0.0/toolchain/bin/../lib/gcc/arm-none-eabi/4.8.4/armv7e-m/fpu\libgcc.a
LOAD c:/freescale/kds_3.0.0/toolchain/bin/../lib/gcc/arm-none-eabi/4.8.4/../../../../arm-none-eabi/lib/armv7e-m/fpu\libc_s.a
LOAD c:/freescale/kds_3.0.0/toolchain/bin/../lib/gcc/arm-none-eabi/4.8.4/../../../../arm-none-eabi/lib/armv7e-m/fpu\libnosys.a
END GROUP
START GROUP
LOAD c:/freescale/kds_3.0.0/toolchain/bin/../lib/gcc/arm-none-eabi/4.8.4/armv7e-m/fpu\libgcc.a
LOAD c:/freescale/kds_3.0.0/toolchain/bin/../lib/gcc/arm-none-eabi/4.8.4/../../../../arm-none-eabi/lib/armv7e-m/fpu\libc_s.a
LOAD c:/freescale/kds_3.0.0/toolchain/bin/../lib/gcc/arm-none-eabi/4.8.4/../../../../arm-none-eabi/lib/armv7e-m/fpu\libnosys.a
END GROUP
LOAD c:/freescale/kds_3.0.0/toolchain/bin/../lib/gcc/arm-none-eabi/4.8.4/armv7e-m/fpu/crtend.o
LOAD c:/freescale/kds_3.0.0/toolchain/bin/../lib/gcc/arm-none-eabi/4.8.4/armv7e-m/fpu/crtn.o
                0x00000400                HEAP_SIZE = DEFINED (__heap_size__)?__heap_size__:0x400
                0x00000400                STACK_SIZE = DEFINED (__stack_size__)?__stack_size__:0x400
                0x00000000                M_VECTOR_RAM_SIZE = DEFINED (__ram_vector_table__)?0x400:0x0

.interrupts     0x00000000      0x400
                0x00000000                __VECTOR_TABLE = .
                0x00000000                . = ALIGN (0x4)
 *(.isr_vector)
 .isr_vector    0x00000000      0x400 ./Project_Settings/Startup_Code/startup_MK22F51212.o
                0x00000000                __isr_vector
                0x00000400                . = ALIGN (0x4)

.flash_config   0x00000400       0x10
                0x00000400                . = ALIGN (0x4)
 *(.FlashConfig)
 .FlashConfig   0x00000400       0x10 ./Project_Settings/Startup_Code/startup_MK22F51212.o
                0x00000410                . = ALIGN (0x4)

.text           0x00000410     0x61d0
                0x00000410                . = ALIGN (0x4)
 *(.text)
 .text          0x00000410       0x54 c:/freescale/kds_3.0.0/toolchain/bin/../lib/gcc/arm-none-eabi/4.8.4/armv7e-m/fpu/crtbegin.o
 .text          0x00000464       0x74 c:/freescale/kds_3.0.0/toolchain/bin/../lib/gcc/arm-none-eabi/4.8.4/../../../../arm-none-eabi/lib/armv7e-m/fpu/crt0.o
                0x00000464                _start
                0x00000464                _mainCRTStartup
 .text          0x000004d8       0x14 ./Project_Settings/Startup_Code/startup_MK22F51212.o
                0x000004d8                Reset_Handler
                0x000004e8                Reserved54_IRQHandler
                0x000004e8                DebugMon_Handler
                0x000004e8                I2C0_IRQHandler
                0x000004e8                HardFault_Handler
                0x000004e8                Reserved86_IRQHandler
                0x000004e8                Reserved85_IRQHandler
                0x000004e8                SysTick_Handler
                0x000004e8                PendSV_Handler
                0x000004e8                NMI_Handler
                0x000004e8                UART0_RX_TX_IRQHandler
                0x000004e8                I2C1_IRQHandler
                0x000004e8                DMA2_IRQHandler
                0x000004e8                Reserved99_IRQHandler
                0x000004e8                PIT0_IRQHandler
                0x000004e8                LLWU_IRQHandler
                0x000004e8                Reserved84_IRQHandler
                0x000004e8                Reserved92_IRQHandler
                0x000004e8                UART2_RX_TX_IRQHandler
                0x000004e8                SWI_IRQHandler
                0x000004e8                ADC0_IRQHandler
                0x000004e8                UsageFault_Handler
                0x000004e8                I2S0_Tx_IRQHandler
                0x000004e8                SPI1_IRQHandler
                0x000004e8                DefaultISR
                0x000004e8                DMA9_IRQHandler
                0x000004e8                DMA14_IRQHandler
                0x000004e8                Reserved82_IRQHandler
                0x000004e8                CMP1_IRQHandler
                0x000004e8                Reserved71_IRQHandler
                0x000004e8                PORTD_IRQHandler
                0x000004e8                PORTB_IRQHandler
                0x000004e8                Reserved70_IRQHandler
                0x000004e8                ADC1_IRQHandler
                0x000004e8                PIT2_IRQHandler
                0x000004e8                I2S0_Rx_IRQHandler
                0x000004e8                Reserved53_IRQHandler
                0x000004e8                DMA5_IRQHandler
                0x000004e8                RTC_IRQHandler
                0x000004e8                PDB0_IRQHandler
                0x000004e8                Reserved96_IRQHandler
                0x000004e8                FTM1_IRQHandler
                0x000004e8                Reserved61_IRQHandler
                0x000004e8                Reserved95_IRQHandler
                0x000004e8                PIT3_IRQHandler
                0x000004e8                RTC_Seconds_IRQHandler
                0x000004e8                MCG_IRQHandler
                0x000004e8                UART2_ERR_IRQHandler
                0x000004e8                DMA11_IRQHandler
                0x000004e8                Read_Collision_IRQHandler
                0x000004e8                Reserved98_IRQHandler
                0x000004e8                DMA7_IRQHandler
                0x000004e8                Reserved101_IRQHandler
                0x000004e8                USB0_IRQHandler
                0x000004e8                WDOG_EWM_IRQHandler
                0x000004e8                MemManage_Handler
                0x000004e8                Reserved90_IRQHandler
                0x000004e8                Reserved83_IRQHandler
                0x000004e8                SVC_Handler
                0x000004e8                DMA13_IRQHandler
                0x000004e8                DMA3_IRQHandler
                0x000004e8                Reserved100_IRQHandler
                0x000004e8                RNG_IRQHandler
                0x000004e8                DMA0_IRQHandler
                0x000004e8                Reserved97_IRQHandler
                0x000004e8                Reserved91_IRQHandler
                0x000004e8                LPUART0_IRQHandler
                0x000004e8                DMA15_IRQHandler
                0x000004e8                DAC0_IRQHandler
                0x000004e8                Reserved81_IRQHandler
                0x000004e8                Reserved94_IRQHandler
                0x000004e8                DMA4_IRQHandler
                0x000004e8                PIT1_IRQHandler
                0x000004e8                UART0_ERR_IRQHandler
                0x000004e8                DMA_Error_IRQHandler
                0x000004e8                LVD_LVW_IRQHandler
                0x000004e8                SPI0_IRQHandler
                0x000004e8                FTM0_IRQHandler
                0x000004e8                PORTA_IRQHandler
                0x000004e8                DAC1_IRQHandler
                0x000004e8                MCM_IRQHandler
                0x000004e8                DMA12_IRQHandler
                0x000004e8                FTM3_IRQHandler
                0x000004e8                PORTE_IRQHandler
                0x000004e8                FTM2_IRQHandler
                0x000004e8                LPTMR0_IRQHandler
                0x000004e8                BusFault_Handler
                0x000004e8                DMA8_IRQHandler
                0x000004e8                Reserved93_IRQHandler
                0x000004e8                DMA10_IRQHandler
                0x000004e8                UART1_ERR_IRQHandler
                0x000004e8                UART1_RX_TX_IRQHandler
                0x000004e8                CMP0_IRQHandler
                0x000004e8                DMA6_IRQHandler
                0x000004e8                FTF_IRQHandler
                0x000004e8                DMA1_IRQHandler
 .text          0x000004ec      0x370 c:/freescale/kds_3.0.0/toolchain/bin/../lib/gcc/arm-none-eabi/4.8.4/armv7e-m/fpu\libgcc.a(_arm_addsubdf3.o)
                0x000004ec                __aeabi_drsub
                0x000004f4                __aeabi_dsub
                0x000004f4                __subdf3
                0x000004f8                __aeabi_dadd
                0x000004f8                __adddf3
                0x00000770                __floatunsidf
                0x00000770                __aeabi_ui2d
                0x00000790                __floatsidf
                0x00000790                __aeabi_i2d
                0x000007b4                __aeabi_f2d
                0x000007b4                __extendsfdf2
                0x000007f0                __floatundidf
                0x000007f0                __aeabi_ul2d
                0x00000800                __floatdidf
                0x00000800                __aeabi_l2d
 .text          0x0000085c      0x424 c:/freescale/kds_3.0.0/toolchain/bin/../lib/gcc/arm-none-eabi/4.8.4/armv7e-m/fpu\libgcc.a(_arm_muldivdf3.o)
                0x0000085c                __aeabi_dmul
                0x0000085c                __muldf3
                0x00000ab0                __divdf3
                0x00000ab0                __aeabi_ddiv
 .text          0x00000c80      0x110 c:/freescale/kds_3.0.0/toolchain/bin/../lib/gcc/arm-none-eabi/4.8.4/armv7e-m/fpu\libgcc.a(_arm_cmpdf2.o)
                0x00000c80                __gtdf2
                0x00000c80                __gedf2
                0x00000c88                __ltdf2
                0x00000c88                __ledf2
                0x00000c90                __nedf2
                0x00000c90                __eqdf2
                0x00000c90                __cmpdf2
                0x00000d0c                __aeabi_cdrcmple
                0x00000d1c                __aeabi_cdcmpeq
                0x00000d1c                __aeabi_cdcmple
                0x00000d2c                __aeabi_dcmpeq
                0x00000d40                __aeabi_dcmplt
                0x00000d54                __aeabi_dcmple
                0x00000d68                __aeabi_dcmpge
                0x00000d7c                __aeabi_dcmpgt
 .text          0x00000d90       0x50 c:/freescale/kds_3.0.0/toolchain/bin/../lib/gcc/arm-none-eabi/4.8.4/armv7e-m/fpu\libgcc.a(_arm_fixdfsi.o)
                0x00000d90                __aeabi_d2iz
                0x00000d90                __fixdfsi
 .text          0x00000de0       0x40 c:/freescale/kds_3.0.0/toolchain/bin/../lib/gcc/arm-none-eabi/4.8.4/armv7e-m/fpu\libgcc.a(_arm_fixunsdfsi.o)
                0x00000de0                __aeabi_d2uiz
                0x00000de0                __fixunsdfsi
 *(.text*)
 .text.UART_HAL_EnableTransmitter
                0x00000e20       0x24 ./Sources/Utilities/fsl_debug_console.o
 .text.UART_HAL_EnableReceiver
                0x00000e44       0x24 ./Sources/Utilities/fsl_debug_console.o
 .text.UART_HAL_SetBitCountPerChar
                0x00000e68       0x28 ./Sources/Utilities/fsl_debug_console.o
 .text.LPUART_HAL_SetTransmitterCmd
                0x00000e90       0x28 ./Sources/Utilities/fsl_debug_console.o
 .text.LPUART_HAL_SetReceiverCmd
                0x00000eb8       0x28 ./Sources/Utilities/fsl_debug_console.o
 .text.LPUART_HAL_SetStopBitCount
                0x00000ee0       0x24 ./Sources/Utilities/fsl_debug_console.o
 .text.SIM_HAL_EnableClock
                0x00000f04       0x44 ./Sources/Utilities/fsl_debug_console.o
 .text.CLOCK_SYS_EnableLpuartClock
                0x00000f48       0x1c ./Sources/Utilities/fsl_debug_console.o
 .text.DbgConsole_Init
                0x00000f64      0x134 ./Sources/Utilities/fsl_debug_console.o
                0x00000f64                DbgConsole_Init
 .text._write   0x00001098       0x58 ./Sources/Utilities/fsl_debug_console.o
                0x00001098                _write
 .text._read    0x000010f0       0x44 ./Sources/Utilities/fsl_debug_console.o
                0x000010f0                _read
 .text.PORT_HAL_SetMuxMode
                0x00001134       0x58 ./Sources/Board/board.o
 .text.SMC_HAL_SetProtection
                0x0000118c       0x1c ./Sources/Board/board.o
 .text.BOARD_InitOsc0
                0x000011a8       0x40 ./Sources/Board/board.o
                0x000011a8                BOARD_InitOsc0
 .text.BOARD_InitRtcOsc
                0x000011e8       0x24 ./Sources/Board/board.o
                0x000011e8                BOARD_InitRtcOsc
 .text.CLOCK_SetBootConfig
                0x0000120c       0x3c ./Sources/Board/board.o
 .text.BOARD_ClockInit
                0x00001248       0x5c ./Sources/Board/board.o
                0x00001248                BOARD_ClockInit
 .text.dbg_uart_init
                0x000012a4       0x18 ./Sources/Board/board.o
                0x000012a4                dbg_uart_init
 .text.PORT_HAL_SetMuxMode
                0x000012bc       0x58 ./Sources/Board/pin_mux.o
 .text.configure_uart_pins
                0x00001314       0x30 ./Sources/Board/pin_mux.o
                0x00001314                configure_uart_pins
 .text.main     0x00001344       0xcc ./Sources/main.o
                0x00001344                main
 .text.PORTC_IRQHandler
                0x00001410       0x78 ./Sources/main.o
                0x00001410                PORTC_IRQHandler
 .text.PrintData
                0x00001488      0x370 ./Sources/main.o
                0x00001488                PrintData
 .text.init_data_bss
                0x000017f8       0xcc ./Project_Settings/Startup_Code/startup.o
                0x000017f8                init_data_bss
 .text.SystemInit
                0x000018c4       0x3c ./Project_Settings/Startup_Code/system_MK22F51212.o
                0x000018c4                SystemInit
 .text.UART_HAL_SetBaudRate
                0x00001900       0xa0 C:/Freescale/KSDK_1.3.0/lib/ksdk_platform_lib/kds/K22F51212/debug/libksdk_platform.a(fsl_uart_hal.o)
                0x00001900                UART_HAL_SetBaudRate
 .text.UART_HAL_SetParityMode
                0x000019a0       0x40 C:/Freescale/KSDK_1.3.0/lib/ksdk_platform_lib/kds/K22F51212/debug/libksdk_platform.a(fsl_uart_hal.o)
                0x000019a0                UART_HAL_SetParityMode
 .text.UART_HAL_Putchar
                0x000019e0       0x28 C:/Freescale/KSDK_1.3.0/lib/ksdk_platform_lib/kds/K22F51212/debug/libksdk_platform.a(fsl_uart_hal.o)
                0x000019e0                UART_HAL_Putchar
 .text.UART_HAL_Getchar
                0x00001a08       0x2c C:/Freescale/KSDK_1.3.0/lib/ksdk_platform_lib/kds/K22F51212/debug/libksdk_platform.a(fsl_uart_hal.o)
                0x00001a08                UART_HAL_Getchar
 .text.UART_HAL_SendDataPolling
                0x00001a34       0x44 C:/Freescale/KSDK_1.3.0/lib/ksdk_platform_lib/kds/K22F51212/debug/libksdk_platform.a(fsl_uart_hal.o)
                0x00001a34                UART_HAL_SendDataPolling
 .text.UART_HAL_ReceiveDataPolling
                0x00001a78       0x78 C:/Freescale/KSDK_1.3.0/lib/ksdk_platform_lib/kds/K22F51212/debug/libksdk_platform.a(fsl_uart_hal.o)
                0x00001a78                UART_HAL_ReceiveDataPolling
 .text.SMC_HAL_SetPowerModeRun
                0x00001af0       0x2c C:/Freescale/KSDK_1.3.0/lib/ksdk_platform_lib/kds/K22F51212/debug/libksdk_platform.a(fsl_smc_hal.o)
 .text.SMC_HAL_SetPowerModeVlpr
                0x00001b1c       0x34 C:/Freescale/KSDK_1.3.0/lib/ksdk_platform_lib/kds/K22F51212/debug/libksdk_platform.a(fsl_smc_hal.o)
 .text.SMC_HAL_SetPowerModeHsrun
                0x00001b50       0x2c C:/Freescale/KSDK_1.3.0/lib/ksdk_platform_lib/kds/K22F51212/debug/libksdk_platform.a(fsl_smc_hal.o)
 .text.SMC_HAL_SetMode
                0x00001b7c      0x1d0 C:/Freescale/KSDK_1.3.0/lib/ksdk_platform_lib/kds/K22F51212/debug/libksdk_platform.a(fsl_smc_hal.o)
                0x00001b7c                SMC_HAL_SetMode
 .text.SMC_HAL_GetStat
                0x00001d4c       0x1c C:/Freescale/KSDK_1.3.0/lib/ksdk_platform_lib/kds/K22F51212/debug/libksdk_platform.a(fsl_smc_hal.o)
                0x00001d4c                SMC_HAL_GetStat
 .text.LPUART_HAL_Putchar
                0x00001d68       0x1c C:/Freescale/KSDK_1.3.0/lib/ksdk_platform_lib/kds/K22F51212/debug/libksdk_platform.a(fsl_lpuart_hal.o)
 .text.LPUART_HAL_Getchar
                0x00001d84       0x20 C:/Freescale/KSDK_1.3.0/lib/ksdk_platform_lib/kds/K22F51212/debug/libksdk_platform.a(fsl_lpuart_hal.o)
 .text.LPUART_HAL_SetBaudRate
                0x00001da4      0x134 C:/Freescale/KSDK_1.3.0/lib/ksdk_platform_lib/kds/K22F51212/debug/libksdk_platform.a(fsl_lpuart_hal.o)
                0x00001da4                LPUART_HAL_SetBaudRate
 .text.LPUART_HAL_SetBitCountPerChar
                0x00001ed8       0x4c C:/Freescale/KSDK_1.3.0/lib/ksdk_platform_lib/kds/K22F51212/debug/libksdk_platform.a(fsl_lpuart_hal.o)
                0x00001ed8                LPUART_HAL_SetBitCountPerChar
 .text.LPUART_HAL_SetParityMode
                0x00001f24       0x3c C:/Freescale/KSDK_1.3.0/lib/ksdk_platform_lib/kds/K22F51212/debug/libksdk_platform.a(fsl_lpuart_hal.o)
                0x00001f24                LPUART_HAL_SetParityMode
 .text.LPUART_HAL_SendDataPolling
                0x00001f60       0x44 C:/Freescale/KSDK_1.3.0/lib/ksdk_platform_lib/kds/K22F51212/debug/libksdk_platform.a(fsl_lpuart_hal.o)
                0x00001f60                LPUART_HAL_SendDataPolling
 .text.LPUART_HAL_ReceiveDataPolling
                0x00001fa4       0x70 C:/Freescale/KSDK_1.3.0/lib/ksdk_platform_lib/kds/K22F51212/debug/libksdk_platform.a(fsl_lpuart_hal.o)
                0x00001fa4                LPUART_HAL_ReceiveDataPolling
 .text.NVIC_EnableIRQ
                0x00002014       0x30 C:/Freescale/KSDK_1.3.0/lib/ksdk_platform_lib/kds/K22F51212/debug/libksdk_platform.a(fsl_gpio_driver.o)
 .text.PORT_HAL_SetPullMode
                0x00002044       0x44 C:/Freescale/KSDK_1.3.0/lib/ksdk_platform_lib/kds/K22F51212/debug/libksdk_platform.a(fsl_gpio_driver.o)
 .text.PORT_HAL_SetPullCmd
                0x00002088       0x48 C:/Freescale/KSDK_1.3.0/lib/ksdk_platform_lib/kds/K22F51212/debug/libksdk_platform.a(fsl_gpio_driver.o)
 .text.PORT_HAL_SetSlewRateMode
                0x000020d0       0x48 C:/Freescale/KSDK_1.3.0/lib/ksdk_platform_lib/kds/K22F51212/debug/libksdk_platform.a(fsl_gpio_driver.o)
 .text.PORT_HAL_SetPassiveFilterCmd
                0x00002118       0x48 C:/Freescale/KSDK_1.3.0/lib/ksdk_platform_lib/kds/K22F51212/debug/libksdk_platform.a(fsl_gpio_driver.o)
 .text.PORT_HAL_SetOpenDrainCmd
                0x00002160       0x48 C:/Freescale/KSDK_1.3.0/lib/ksdk_platform_lib/kds/K22F51212/debug/libksdk_platform.a(fsl_gpio_driver.o)
 .text.PORT_HAL_SetDriveStrengthMode
                0x000021a8       0x48 C:/Freescale/KSDK_1.3.0/lib/ksdk_platform_lib/kds/K22F51212/debug/libksdk_platform.a(fsl_gpio_driver.o)
 .text.PORT_HAL_SetMuxMode
                0x000021f0       0x58 C:/Freescale/KSDK_1.3.0/lib/ksdk_platform_lib/kds/K22F51212/debug/libksdk_platform.a(fsl_gpio_driver.o)
 .text.PORT_HAL_SetDigitalFilterCmd
                0x00002248       0x4c C:/Freescale/KSDK_1.3.0/lib/ksdk_platform_lib/kds/K22F51212/debug/libksdk_platform.a(fsl_gpio_driver.o)
 .text.PORT_HAL_SetPinIntMode
                0x00002294       0x58 C:/Freescale/KSDK_1.3.0/lib/ksdk_platform_lib/kds/K22F51212/debug/libksdk_platform.a(fsl_gpio_driver.o)
 .text.PORT_HAL_ClearPinIntFlag
                0x000022ec       0x44 C:/Freescale/KSDK_1.3.0/lib/ksdk_platform_lib/kds/K22F51212/debug/libksdk_platform.a(fsl_gpio_driver.o)
 .text.GPIO_HAL_TogglePinOutput
                0x00002330       0x38 C:/Freescale/KSDK_1.3.0/lib/ksdk_platform_lib/kds/K22F51212/debug/libksdk_platform.a(fsl_gpio_driver.o)
 .text.GPIO_HAL_ReadPinInput
                0x00002368       0x40 C:/Freescale/KSDK_1.3.0/lib/ksdk_platform_lib/kds/K22F51212/debug/libksdk_platform.a(fsl_gpio_driver.o)
 .text.INT_SYS_EnableIRQ
                0x000023a8       0x54 C:/Freescale/KSDK_1.3.0/lib/ksdk_platform_lib/kds/K22F51212/debug/libksdk_platform.a(fsl_gpio_driver.o)
 .text.GPIO_DRV_Init
                0x000023fc       0x50 C:/Freescale/KSDK_1.3.0/lib/ksdk_platform_lib/kds/K22F51212/debug/libksdk_platform.a(fsl_gpio_driver.o)
                0x000023fc                GPIO_DRV_Init
 .text.GPIO_DRV_InputPinInit
                0x0000244c       0xc4 C:/Freescale/KSDK_1.3.0/lib/ksdk_platform_lib/kds/K22F51212/debug/libksdk_platform.a(fsl_gpio_driver.o)
                0x0000244c                GPIO_DRV_InputPinInit
 .text.GPIO_DRV_OutputPinInit
                0x00002510       0x90 C:/Freescale/KSDK_1.3.0/lib/ksdk_platform_lib/kds/K22F51212/debug/libksdk_platform.a(fsl_gpio_driver.o)
                0x00002510                GPIO_DRV_OutputPinInit
 .text.GPIO_DRV_TogglePinOutput
                0x000025a0       0x30 C:/Freescale/KSDK_1.3.0/lib/ksdk_platform_lib/kds/K22F51212/debug/libksdk_platform.a(fsl_gpio_driver.o)
                0x000025a0                GPIO_DRV_TogglePinOutput
 .text.GPIO_DRV_ReadPinInput
                0x000025d0       0x34 C:/Freescale/KSDK_1.3.0/lib/ksdk_platform_lib/kds/K22F51212/debug/libksdk_platform.a(fsl_gpio_driver.o)
                0x000025d0                GPIO_DRV_ReadPinInput
 .text.GPIO_DRV_ClearPinIntFlag
                0x00002604       0x30 C:/Freescale/KSDK_1.3.0/lib/ksdk_platform_lib/kds/K22F51212/debug/libksdk_platform.a(fsl_gpio_driver.o)
                0x00002604                GPIO_DRV_ClearPinIntFlag
 .text.SIM_HAL_EnableClock
                0x00002634       0x44 C:/Freescale/KSDK_1.3.0/lib/ksdk_platform_lib/kds/K22F51212/debug/libksdk_platform.a(fsl_clock_MK22F51212.o)
 .text.CLOCK_HAL_GetLpuartSrc
                0x00002678       0x28 C:/Freescale/KSDK_1.3.0/lib/ksdk_platform_lib/kds/K22F51212/debug/libksdk_platform.a(fsl_clock_MK22F51212.o)
 .text.CLOCK_HAL_SetExternalRefClock32kSrc
                0x000026a0       0x2c C:/Freescale/KSDK_1.3.0/lib/ksdk_platform_lib/kds/K22F51212/debug/libksdk_platform.a(fsl_clock_MK22F51212.o)
 .text.CLOCK_HAL_SetPllfllSel
                0x000026cc       0x38 C:/Freescale/KSDK_1.3.0/lib/ksdk_platform_lib/kds/K22F51212/debug/libksdk_platform.a(fsl_clock_MK22F51212.o)
 .text.CLOCK_HAL_GetPllfllSel
                0x00002704       0x28 C:/Freescale/KSDK_1.3.0/lib/ksdk_platform_lib/kds/K22F51212/debug/libksdk_platform.a(fsl_clock_MK22F51212.o)
 .text.CLOCK_HAL_GetOutDiv1
                0x0000272c       0x24 C:/Freescale/KSDK_1.3.0/lib/ksdk_platform_lib/kds/K22F51212/debug/libksdk_platform.a(fsl_clock_MK22F51212.o)
 .text.CLOCK_HAL_GetOutDiv2
                0x00002750       0x28 C:/Freescale/KSDK_1.3.0/lib/ksdk_platform_lib/kds/K22F51212/debug/libksdk_platform.a(fsl_clock_MK22F51212.o)
 .text.OSC_HAL_GetExternalRefClkCmd
                0x00002778       0x2c C:/Freescale/KSDK_1.3.0/lib/ksdk_platform_lib/kds/K22F51212/debug/libksdk_platform.a(fsl_clock_MK22F51212.o)
 .text.OSC_HAL_GetExternalRefClkDiv
                0x000027a4       0x20 C:/Freescale/KSDK_1.3.0/lib/ksdk_platform_lib/kds/K22F51212/debug/libksdk_platform.a(fsl_clock_MK22F51212.o)
 .text.CLOCK_SYS_SetSimConfigration
                0x000027c4       0x44 C:/Freescale/KSDK_1.3.0/lib/ksdk_platform_lib/kds/K22F51212/debug/libksdk_platform.a(fsl_clock_MK22F51212.o)
                0x000027c4                CLOCK_SYS_SetSimConfigration
 .text.CLOCK_SYS_GetSystemClockFreq
                0x00002808       0x28 C:/Freescale/KSDK_1.3.0/lib/ksdk_platform_lib/kds/K22F51212/debug/libksdk_platform.a(fsl_clock_MK22F51212.o)
                0x00002808                CLOCK_SYS_GetSystemClockFreq
 .text.CLOCK_SYS_GetBusClockFreq
                0x00002830       0x28 C:/Freescale/KSDK_1.3.0/lib/ksdk_platform_lib/kds/K22F51212/debug/libksdk_platform.a(fsl_clock_MK22F51212.o)
                0x00002830                CLOCK_SYS_GetBusClockFreq
 .text.CLOCK_SYS_GetPllFllClockFreq
                0x00002858       0x54 C:/Freescale/KSDK_1.3.0/lib/ksdk_platform_lib/kds/K22F51212/debug/libksdk_platform.a(fsl_clock_MK22F51212.o)
                0x00002858                CLOCK_SYS_GetPllFllClockFreq
 .text.CLOCK_SYS_GetOsc0ExternalRefClockUndivFreq
                0x000028ac       0x28 C:/Freescale/KSDK_1.3.0/lib/ksdk_platform_lib/kds/K22F51212/debug/libksdk_platform.a(fsl_clock_MK22F51212.o)
                0x000028ac                CLOCK_SYS_GetOsc0ExternalRefClockUndivFreq
 .text.CLOCK_SYS_GetOsc0ExternalRefClockFreq
                0x000028d4       0x24 C:/Freescale/KSDK_1.3.0/lib/ksdk_platform_lib/kds/K22F51212/debug/libksdk_platform.a(fsl_clock_MK22F51212.o)
                0x000028d4                CLOCK_SYS_GetOsc0ExternalRefClockFreq
 .text.CLOCK_SYS_GetLpuartFreq
                0x000028f8       0x54 C:/Freescale/KSDK_1.3.0/lib/ksdk_platform_lib/kds/K22F51212/debug/libksdk_platform.a(fsl_clock_MK22F51212.o)
                0x000028f8                CLOCK_SYS_GetLpuartFreq
 .text.CLOCK_SYS_GetUartFreq
                0x0000294c       0x34 C:/Freescale/KSDK_1.3.0/lib/ksdk_platform_lib/kds/K22F51212/debug/libksdk_platform.a(fsl_clock_MK22F51212.o)
                0x0000294c                CLOCK_SYS_GetUartFreq
 .text.CLOCK_SYS_EnablePortClock
                0x00002980       0x48 C:/Freescale/KSDK_1.3.0/lib/ksdk_platform_lib/kds/K22F51212/debug/libksdk_platform.a(fsl_clock_MK22F51212.o)
                0x00002980                CLOCK_SYS_EnablePortClock
 .text.CLOCK_SYS_EnableUartClock
                0x000029c8       0x48 C:/Freescale/KSDK_1.3.0/lib/ksdk_platform_lib/kds/K22F51212/debug/libksdk_platform.a(fsl_clock_MK22F51212.o)
                0x000029c8                CLOCK_SYS_EnableUartClock
 .text.SIM_HAL_EnableClock
                0x00002a10       0x44 C:/Freescale/KSDK_1.3.0/lib/ksdk_platform_lib/kds/K22F51212/debug/libksdk_platform.a(fsl_clock_manager.o)
 .text.CLOCK_HAL_SetClkOutSrc
                0x00002a54       0x30 C:/Freescale/KSDK_1.3.0/lib/ksdk_platform_lib/kds/K22F51212/debug/libksdk_platform.a(fsl_clock_manager.o)
 .text.CLOCK_HAL_SetClksFrdivIrefs
                0x00002a84       0x54 C:/Freescale/KSDK_1.3.0/lib/ksdk_platform_lib/kds/K22F51212/debug/libksdk_platform.a(fsl_clock_manager.o)
 .text.CLOCK_HAL_GetClkOutStat
                0x00002ad8       0x24 C:/Freescale/KSDK_1.3.0/lib/ksdk_platform_lib/kds/K22F51212/debug/libksdk_platform.a(fsl_clock_manager.o)
 .text.CLOCK_HAL_GetFllSrc
                0x00002afc       0x24 C:/Freescale/KSDK_1.3.0/lib/ksdk_platform_lib/kds/K22F51212/debug/libksdk_platform.a(fsl_clock_manager.o)
 .text.CLOCK_HAL_IsOsc0Stable
                0x00002b20       0x30 C:/Freescale/KSDK_1.3.0/lib/ksdk_platform_lib/kds/K22F51212/debug/libksdk_platform.a(fsl_clock_manager.o)
 .text.OSC_HAL_SetExternalRefClkCmd
                0x00002b50       0x24 C:/Freescale/KSDK_1.3.0/lib/ksdk_platform_lib/kds/K22F51212/debug/libksdk_platform.a(fsl_clock_manager.o)
 .text.OSC_HAL_SetExternalRefClkInStopModeCmd
                0x00002b74       0x24 C:/Freescale/KSDK_1.3.0/lib/ksdk_platform_lib/kds/K22F51212/debug/libksdk_platform.a(fsl_clock_manager.o)
 .text.OSC_HAL_SetExternalRefClkDiv
                0x00002b98       0x30 C:/Freescale/KSDK_1.3.0/lib/ksdk_platform_lib/kds/K22F51212/debug/libksdk_platform.a(fsl_clock_manager.o)
 .text.CLOCK_SYS_EnableRtcClock
                0x00002bc8       0x1c C:/Freescale/KSDK_1.3.0/lib/ksdk_platform_lib/kds/K22F51212/debug/libksdk_platform.a(fsl_clock_manager.o)
 .text.RTC_HAL_SetOsc2pfLoadCmd
                0x00002be4       0x28 C:/Freescale/KSDK_1.3.0/lib/ksdk_platform_lib/kds/K22F51212/debug/libksdk_platform.a(fsl_clock_manager.o)
 .text.RTC_HAL_SetOsc4pfLoadCmd
                0x00002c0c       0x28 C:/Freescale/KSDK_1.3.0/lib/ksdk_platform_lib/kds/K22F51212/debug/libksdk_platform.a(fsl_clock_manager.o)
 .text.RTC_HAL_SetOsc8pfLoadCmd
                0x00002c34       0x28 C:/Freescale/KSDK_1.3.0/lib/ksdk_platform_lib/kds/K22F51212/debug/libksdk_platform.a(fsl_clock_manager.o)
 .text.RTC_HAL_SetOsc16pfLoadCmd
                0x00002c5c       0x28 C:/Freescale/KSDK_1.3.0/lib/ksdk_platform_lib/kds/K22F51212/debug/libksdk_platform.a(fsl_clock_manager.o)
 .text.RTC_HAL_SetOscillatorCmd
                0x00002c84       0x28 C:/Freescale/KSDK_1.3.0/lib/ksdk_platform_lib/kds/K22F51212/debug/libksdk_platform.a(fsl_clock_manager.o)
 .text.RTC_HAL_IsOscillatorEnabled
                0x00002cac       0x2c C:/Freescale/KSDK_1.3.0/lib/ksdk_platform_lib/kds/K22F51212/debug/libksdk_platform.a(fsl_clock_manager.o)
 .text.CLOCK_SYS_BootToPee
                0x00002cd8       0xa4 C:/Freescale/KSDK_1.3.0/lib/ksdk_platform_lib/kds/K22F51212/debug/libksdk_platform.a(fsl_clock_manager.o)
                0x00002cd8                CLOCK_SYS_BootToPee
 .text.CLOCK_SYS_OscInit
                0x00002d7c       0xe8 C:/Freescale/KSDK_1.3.0/lib/ksdk_platform_lib/kds/K22F51212/debug/libksdk_platform.a(fsl_clock_manager.o)
                0x00002d7c                CLOCK_SYS_OscInit
 .text.CLOCK_SYS_SetOscerConfigration
                0x00002e64       0x50 C:/Freescale/KSDK_1.3.0/lib/ksdk_platform_lib/kds/K22F51212/debug/libksdk_platform.a(fsl_clock_manager.o)
                0x00002e64                CLOCK_SYS_SetOscerConfigration
 .text.CLOCK_SYS_RtcOscInit
                0x00002eb4       0xa0 C:/Freescale/KSDK_1.3.0/lib/ksdk_platform_lib/kds/K22F51212/debug/libksdk_platform.a(fsl_clock_manager.o)
                0x00002eb4                CLOCK_SYS_RtcOscInit
 .text.CLOCK_HAL_SetOutDiv
                0x00002f54       0x5c C:/Freescale/KSDK_1.3.0/lib/ksdk_platform_lib/kds/K22F51212/debug/libksdk_platform.a(fsl_sim_hal_MK22F51212.o)
                0x00002f54                CLOCK_HAL_SetOutDiv
 .text.OSC_HAL_SetCapacitor
                0x00002fb0       0x2c C:/Freescale/KSDK_1.3.0/lib/ksdk_platform_lib/kds/K22F51212/debug/libksdk_platform.a(fsl_osc_hal.o)
                0x00002fb0                OSC_HAL_SetCapacitor
 .text.CLOCK_HAL_GetClkOutStat
                0x00002fdc       0x24 C:/Freescale/KSDK_1.3.0/lib/ksdk_platform_lib/kds/K22F51212/debug/libksdk_platform.a(fsl_mcg_hal.o)
 .text.CLOCK_HAL_SetInternalRefClkMode
                0x00003000       0x24 C:/Freescale/KSDK_1.3.0/lib/ksdk_platform_lib/kds/K22F51212/debug/libksdk_platform.a(fsl_mcg_hal.o)
 .text.CLOCK_HAL_GetInternalRefClkMode
                0x00003024       0x24 C:/Freescale/KSDK_1.3.0/lib/ksdk_platform_lib/kds/K22F51212/debug/libksdk_platform.a(fsl_mcg_hal.o)
 .text.CLOCK_HAL_IsPllSelected
                0x00003048       0x30 C:/Freescale/KSDK_1.3.0/lib/ksdk_platform_lib/kds/K22F51212/debug/libksdk_platform.a(fsl_mcg_hal.o)
 .text.CLOCK_HAL_IsOsc0Stable
                0x00003078       0x30 C:/Freescale/KSDK_1.3.0/lib/ksdk_platform_lib/kds/K22F51212/debug/libksdk_platform.a(fsl_mcg_hal.o)
 .text.CLOCK_HAL_TestOscFreq
                0x000030a8       0x50 C:/Freescale/KSDK_1.3.0/lib/ksdk_platform_lib/kds/K22F51212/debug/libksdk_platform.a(fsl_mcg_hal.o)
                0x000030a8                CLOCK_HAL_TestOscFreq
 .text.CLOCK_HAL_PrepareOsc
                0x000030f8       0x5c C:/Freescale/KSDK_1.3.0/lib/ksdk_platform_lib/kds/K22F51212/debug/libksdk_platform.a(fsl_mcg_hal.o)
                0x000030f8                CLOCK_HAL_PrepareOsc
 .text.CLOCK_HAL_GetMcgExternalClkFreq
                0x00003154       0x28 C:/Freescale/KSDK_1.3.0/lib/ksdk_platform_lib/kds/K22F51212/debug/libksdk_platform.a(fsl_mcg_hal.o)
 .text.CLOCK_HAL_TestFllExternalRefFreq
                0x0000317c       0x90 C:/Freescale/KSDK_1.3.0/lib/ksdk_platform_lib/kds/K22F51212/debug/libksdk_platform.a(fsl_mcg_hal.o)
                0x0000317c                CLOCK_HAL_TestFllExternalRefFreq
 .text.CLOCK_HAL_GetFllRefClk
                0x0000320c       0x74 C:/Freescale/KSDK_1.3.0/lib/ksdk_platform_lib/kds/K22F51212/debug/libksdk_platform.a(fsl_mcg_hal.o)
                0x0000320c                CLOCK_HAL_GetFllRefClk
 .text.CLOCK_HAL_TestFllFreq
                0x00003280       0x5c C:/Freescale/KSDK_1.3.0/lib/ksdk_platform_lib/kds/K22F51212/debug/libksdk_platform.a(fsl_mcg_hal.o)
                0x00003280                CLOCK_HAL_TestFllFreq
 .text.CLOCK_HAL_GetFllClk
                0x000032dc       0x60 C:/Freescale/KSDK_1.3.0/lib/ksdk_platform_lib/kds/K22F51212/debug/libksdk_platform.a(fsl_mcg_hal.o)
                0x000032dc                CLOCK_HAL_GetFllClk
 .text.CLOCK_HAL_UpdateFastClkInternalRefDiv
                0x0000333c       0xa4 C:/Freescale/KSDK_1.3.0/lib/ksdk_platform_lib/kds/K22F51212/debug/libksdk_platform.a(fsl_mcg_hal.o)
                0x0000333c                CLOCK_HAL_UpdateFastClkInternalRefDiv
 .text.CLOCK_HAL_UpdateInternalRefClk
                0x000033e0       0x70 C:/Freescale/KSDK_1.3.0/lib/ksdk_platform_lib/kds/K22F51212/debug/libksdk_platform.a(fsl_mcg_hal.o)
                0x000033e0                CLOCK_HAL_UpdateInternalRefClk
 .text.CLOCK_HAL_GetPll0RefFreq
                0x00003450       0x18 C:/Freescale/KSDK_1.3.0/lib/ksdk_platform_lib/kds/K22F51212/debug/libksdk_platform.a(fsl_mcg_hal.o)
                0x00003450                CLOCK_HAL_GetPll0RefFreq
 .text.CLOCK_HAL_GetPll0Clk
                0x00003468       0x7c C:/Freescale/KSDK_1.3.0/lib/ksdk_platform_lib/kds/K22F51212/debug/libksdk_platform.a(fsl_mcg_hal.o)
                0x00003468                CLOCK_HAL_GetPll0Clk
 .text.CLOCK_HAL_GetInternalRefClk
                0x000034e4       0x64 C:/Freescale/KSDK_1.3.0/lib/ksdk_platform_lib/kds/K22F51212/debug/libksdk_platform.a(fsl_mcg_hal.o)
                0x000034e4                CLOCK_HAL_GetInternalRefClk
 .text.CLOCK_HAL_GetOutClk
                0x00003548       0x68 C:/Freescale/KSDK_1.3.0/lib/ksdk_platform_lib/kds/K22F51212/debug/libksdk_platform.a(fsl_mcg_hal.o)
                0x00003548                CLOCK_HAL_GetOutClk
 .text.CLOCK_HAL_SetOsc0Mode
                0x000035b0       0x58 C:/Freescale/KSDK_1.3.0/lib/ksdk_platform_lib/kds/K22F51212/debug/libksdk_platform.a(fsl_mcg_hal.o)
                0x000035b0                CLOCK_HAL_SetOsc0Mode
 .text.CLOCK_HAL_GetClkOutStat
                0x00003608       0x24 C:/Freescale/KSDK_1.3.0/lib/ksdk_platform_lib/kds/K22F51212/debug/libksdk_platform.a(fsl_mcg_hal_modes.o)
 .text.CLOCK_HAL_SetPll0EnableCmd
                0x0000362c       0x28 C:/Freescale/KSDK_1.3.0/lib/ksdk_platform_lib/kds/K22F51212/debug/libksdk_platform.a(fsl_mcg_hal_modes.o)
 .text.CLOCK_HAL_IsPll0Locked
                0x00003654       0x30 C:/Freescale/KSDK_1.3.0/lib/ksdk_platform_lib/kds/K22F51212/debug/libksdk_platform.a(fsl_mcg_hal_modes.o)
 .text.CLOCK_HAL_IsPllSelected
                0x00003684       0x30 C:/Freescale/KSDK_1.3.0/lib/ksdk_platform_lib/kds/K22F51212/debug/libksdk_platform.a(fsl_mcg_hal_modes.o)
 .text.CLOCK_HAL_SetPbeMode
                0x000036b4       0xec C:/Freescale/KSDK_1.3.0/lib/ksdk_platform_lib/kds/K22F51212/debug/libksdk_platform.a(fsl_mcg_hal_modes.o)
                0x000036b4                CLOCK_HAL_SetPbeMode
 .text.GPIO_HAL_SetPinDir
                0x000037a0       0x60 C:/Freescale/KSDK_1.3.0/lib/ksdk_platform_lib/kds/K22F51212/debug/libksdk_platform.a(fsl_gpio_hal.o)
                0x000037a0                GPIO_HAL_SetPinDir
 .text.GPIO_HAL_WritePinOutput
                0x00003800       0x4c C:/Freescale/KSDK_1.3.0/lib/ksdk_platform_lib/kds/K22F51212/debug/libksdk_platform.a(fsl_gpio_hal.o)
                0x00003800                GPIO_HAL_WritePinOutput
 *fill*         0x0000384c        0x4 
 .text.sin      0x00003850       0xb0 c:/freescale/kds_3.0.0/toolchain/bin/../lib/gcc/arm-none-eabi/4.8.4/../../../../arm-none-eabi/lib/armv7e-m/fpu\libm.a(lib_a-s_sin.o)
                0x00003850                sin
 .text.__ieee754_rem_pio2
                0x00003900      0x450 c:/freescale/kds_3.0.0/toolchain/bin/../lib/gcc/arm-none-eabi/4.8.4/../../../../arm-none-eabi/lib/armv7e-m/fpu\libm.a(lib_a-e_rem_pio2.o)
                0x00003900                __ieee754_rem_pio2
 .text.__kernel_cos
                0x00003d50      0x280 c:/freescale/kds_3.0.0/toolchain/bin/../lib/gcc/arm-none-eabi/4.8.4/../../../../arm-none-eabi/lib/armv7e-m/fpu\libm.a(lib_a-k_cos.o)
                0x00003d50                __kernel_cos
 .text.__kernel_rem_pio2
                0x00003fd0      0x798 c:/freescale/kds_3.0.0/toolchain/bin/../lib/gcc/arm-none-eabi/4.8.4/../../../../arm-none-eabi/lib/armv7e-m/fpu\libm.a(lib_a-k_rem_pio2.o)
                0x00003fd0                __kernel_rem_pio2
 .text.__kernel_sin
                0x00004768      0x190 c:/freescale/kds_3.0.0/toolchain/bin/../lib/gcc/arm-none-eabi/4.8.4/../../../../arm-none-eabi/lib/armv7e-m/fpu\libm.a(lib_a-k_sin.o)
                0x00004768                __kernel_sin
 .text.fabs     0x000048f8       0x14 c:/freescale/kds_3.0.0/toolchain/bin/../lib/gcc/arm-none-eabi/4.8.4/../../../../arm-none-eabi/lib/armv7e-m/fpu\libm.a(lib_a-s_fabs.o)
                0x000048f8                fabs
 *fill*         0x0000490c        0x4 
 .text.floor    0x00004910      0x138 c:/freescale/kds_3.0.0/toolchain/bin/../lib/gcc/arm-none-eabi/4.8.4/../../../../arm-none-eabi/lib/armv7e-m/fpu\libm.a(lib_a-s_floor.o)
                0x00004910                floor
 .text.scalbn   0x00004a48      0x120 c:/freescale/kds_3.0.0/toolchain/bin/../lib/gcc/arm-none-eabi/4.8.4/../../../../arm-none-eabi/lib/armv7e-m/fpu\libm.a(lib_a-s_scalbn.o)
                0x00004a48                scalbn
 .text.copysign
                0x00004b68       0x24 c:/freescale/kds_3.0.0/toolchain/bin/../lib/gcc/arm-none-eabi/4.8.4/../../../../arm-none-eabi/lib/armv7e-m/fpu\libm.a(lib_a-s_copysign.o)
                0x00004b68                copysign
 .text.__assert_func
                0x00004b8c       0x38 c:/freescale/kds_3.0.0/toolchain/bin/../lib/gcc/arm-none-eabi/4.8.4/../../../../arm-none-eabi/lib/armv7e-m/fpu\libg_s.a(lib_a-assert.o)
                0x00004b8c                __assert_func
 .text.exit     0x00004bc4       0x28 c:/freescale/kds_3.0.0/toolchain/bin/../lib/gcc/arm-none-eabi/4.8.4/../../../../arm-none-eabi/lib/armv7e-m/fpu\libg_s.a(lib_a-exit.o)
                0x00004bc4                exit
 .text.__sflush_r
                0x00004bec      0x106 c:/freescale/kds_3.0.0/toolchain/bin/../lib/gcc/arm-none-eabi/4.8.4/../../../../arm-none-eabi/lib/armv7e-m/fpu\libg_s.a(lib_a-fflush.o)
                0x00004bec                __sflush_r
 *fill*         0x00004cf2        0x2 
 .text._fflush_r
                0x00004cf4       0x54 c:/freescale/kds_3.0.0/toolchain/bin/../lib/gcc/arm-none-eabi/4.8.4/../../../../arm-none-eabi/lib/armv7e-m/fpu\libg_s.a(lib_a-fflush.o)
                0x00004cf4                _fflush_r
 .text.fflush   0x00004d48       0x24 c:/freescale/kds_3.0.0/toolchain/bin/../lib/gcc/arm-none-eabi/4.8.4/../../../../arm-none-eabi/lib/armv7e-m/fpu\libg_s.a(lib_a-fflush.o)
                0x00004d48                fflush
 .text._cleanup_r
                0x00004d6c       0x32 c:/freescale/kds_3.0.0/toolchain/bin/../lib/gcc/arm-none-eabi/4.8.4/../../../../arm-none-eabi/lib/armv7e-m/fpu\libg_s.a(lib_a-findfp.o)
                0x00004d6c                _cleanup_r
 *fill*         0x00004d9e        0x2 
 .text.std.isra.0
                0x00004da0       0x48 c:/freescale/kds_3.0.0/toolchain/bin/../lib/gcc/arm-none-eabi/4.8.4/../../../../arm-none-eabi/lib/armv7e-m/fpu\libg_s.a(lib_a-findfp.o)
 .text.__sfmoreglue
                0x00004de8       0x2c c:/freescale/kds_3.0.0/toolchain/bin/../lib/gcc/arm-none-eabi/4.8.4/../../../../arm-none-eabi/lib/armv7e-m/fpu\libg_s.a(lib_a-findfp.o)
                0x00004de8                __sfmoreglue
 .text.__sinit  0x00004e14       0x60 c:/freescale/kds_3.0.0/toolchain/bin/../lib/gcc/arm-none-eabi/4.8.4/../../../../arm-none-eabi/lib/armv7e-m/fpu\libg_s.a(lib_a-findfp.o)
                0x00004e14                __sinit
 .text.__sfp    0x00004e74       0x74 c:/freescale/kds_3.0.0/toolchain/bin/../lib/gcc/arm-none-eabi/4.8.4/../../../../arm-none-eabi/lib/armv7e-m/fpu\libg_s.a(lib_a-findfp.o)
                0x00004e74                __sfp
 .text.fprintf  0x00004ee8       0x24 c:/freescale/kds_3.0.0/toolchain/bin/../lib/gcc/arm-none-eabi/4.8.4/../../../../arm-none-eabi/lib/armv7e-m/fpu\libg_s.a(lib_a-fprintf.o)
                0x00004ee8                fiprintf
                0x00004ee8                fprintf
 .text._fputc_r
                0x00004f0c       0x48 c:/freescale/kds_3.0.0/toolchain/bin/../lib/gcc/arm-none-eabi/4.8.4/../../../../arm-none-eabi/lib/armv7e-m/fpu\libg_s.a(lib_a-fputc.o)
                0x00004f0c                _fputc_r
 .text.fputc    0x00004f54       0x14 c:/freescale/kds_3.0.0/toolchain/bin/../lib/gcc/arm-none-eabi/4.8.4/../../../../arm-none-eabi/lib/armv7e-m/fpu\libg_s.a(lib_a-fputc.o)
                0x00004f54                fputc
 .text._fwalk_reent
                0x00004f68       0x3c c:/freescale/kds_3.0.0/toolchain/bin/../lib/gcc/arm-none-eabi/4.8.4/../../../../arm-none-eabi/lib/armv7e-m/fpu\libg_s.a(lib_a-fwalk.o)
                0x00004f68                _fwalk_reent
 .text.__libc_init_array
                0x00004fa4       0x4c c:/freescale/kds_3.0.0/toolchain/bin/../lib/gcc/arm-none-eabi/4.8.4/../../../../arm-none-eabi/lib/armv7e-m/fpu\libg_s.a(lib_a-init.o)
                0x00004fa4                __libc_init_array
 .text.memset   0x00004ff0       0x10 c:/freescale/kds_3.0.0/toolchain/bin/../lib/gcc/arm-none-eabi/4.8.4/../../../../arm-none-eabi/lib/armv7e-m/fpu\libg_s.a(lib_a-memset.o)
                0x00004ff0                memset
 .text._free_r  0x00005000       0x88 c:/freescale/kds_3.0.0/toolchain/bin/../lib/gcc/arm-none-eabi/4.8.4/../../../../arm-none-eabi/lib/armv7e-m/fpu\libg_s.a(lib_a-nano-freer.o)
                0x00005000                _free_r
 .text._malloc_r
                0x00005088       0xa8 c:/freescale/kds_3.0.0/toolchain/bin/../lib/gcc/arm-none-eabi/4.8.4/../../../../arm-none-eabi/lib/armv7e-m/fpu\libg_s.a(lib_a-nano-mallocr.o)
                0x00005088                _malloc_r
 .text._putc_r  0x00005130       0x78 c:/freescale/kds_3.0.0/toolchain/bin/../lib/gcc/arm-none-eabi/4.8.4/../../../../arm-none-eabi/lib/armv7e-m/fpu\libg_s.a(lib_a-putc.o)
                0x00005130                _putc_r
 .text._sbrk_r  0x000051a8       0x20 c:/freescale/kds_3.0.0/toolchain/bin/../lib/gcc/arm-none-eabi/4.8.4/../../../../arm-none-eabi/lib/armv7e-m/fpu\libg_s.a(lib_a-sbrkr.o)
                0x000051a8                _sbrk_r
 .text.__sread  0x000051c8       0x22 c:/freescale/kds_3.0.0/toolchain/bin/../lib/gcc/arm-none-eabi/4.8.4/../../../../arm-none-eabi/lib/armv7e-m/fpu\libg_s.a(lib_a-stdio.o)
                0x000051c8                __sread
 .text.__swrite
                0x000051ea       0x38 c:/freescale/kds_3.0.0/toolchain/bin/../lib/gcc/arm-none-eabi/4.8.4/../../../../arm-none-eabi/lib/armv7e-m/fpu\libg_s.a(lib_a-stdio.o)
                0x000051ea                __swrite
 .text.__sseek  0x00005222       0x24 c:/freescale/kds_3.0.0/toolchain/bin/../lib/gcc/arm-none-eabi/4.8.4/../../../../arm-none-eabi/lib/armv7e-m/fpu\libg_s.a(lib_a-stdio.o)
                0x00005222                __sseek
 .text.__sclose
                0x00005246        0x8 c:/freescale/kds_3.0.0/toolchain/bin/../lib/gcc/arm-none-eabi/4.8.4/../../../../arm-none-eabi/lib/armv7e-m/fpu\libg_s.a(lib_a-stdio.o)
                0x00005246                __sclose
 .text.__sfputc_r
                0x0000524e       0x2c c:/freescale/kds_3.0.0/toolchain/bin/../lib/gcc/arm-none-eabi/4.8.4/../../../../arm-none-eabi/lib/armv7e-m/fpu\libg_s.a(lib_a-vfprintf.o)
 .text.__sfputs_r
                0x0000527a       0x24 c:/freescale/kds_3.0.0/toolchain/bin/../lib/gcc/arm-none-eabi/4.8.4/../../../../arm-none-eabi/lib/armv7e-m/fpu\libg_s.a(lib_a-vfprintf.o)
                0x0000527a                __sfputs_r
 *fill*         0x0000529e        0x2 
 .text._vfprintf_r
                0x000052a0      0x208 c:/freescale/kds_3.0.0/toolchain/bin/../lib/gcc/arm-none-eabi/4.8.4/../../../../arm-none-eabi/lib/armv7e-m/fpu\libg_s.a(lib_a-vfprintf.o)
                0x000052a0                _vfprintf_r
                0x000052a0                _vfiprintf_r
 .text._printf_common
                0x000054a8       0xe4 c:/freescale/kds_3.0.0/toolchain/bin/../lib/gcc/arm-none-eabi/4.8.4/../../../../arm-none-eabi/lib/armv7e-m/fpu\libg_s.a(lib_a-vfprintf_i.o)
                0x000054a8                _printf_common
 .text._printf_i
                0x0000558c      0x228 c:/freescale/kds_3.0.0/toolchain/bin/../lib/gcc/arm-none-eabi/4.8.4/../../../../arm-none-eabi/lib/armv7e-m/fpu\libg_s.a(lib_a-vfprintf_i.o)
                0x0000558c                _printf_i
 .text.__swbuf_r
                0x000057b4       0xa8 c:/freescale/kds_3.0.0/toolchain/bin/../lib/gcc/arm-none-eabi/4.8.4/../../../../arm-none-eabi/lib/armv7e-m/fpu\libg_s.a(lib_a-wbuf.o)
                0x000057b4                __swbuf_r
 .text._write_r
                0x0000585c       0x24 c:/freescale/kds_3.0.0/toolchain/bin/../lib/gcc/arm-none-eabi/4.8.4/../../../../arm-none-eabi/lib/armv7e-m/fpu\libg_s.a(lib_a-writer.o)
                0x0000585c                _write_r
 .text.__swsetup_r
                0x00005880       0xdc c:/freescale/kds_3.0.0/toolchain/bin/../lib/gcc/arm-none-eabi/4.8.4/../../../../arm-none-eabi/lib/armv7e-m/fpu\libg_s.a(lib_a-wsetup.o)
                0x00005880                __swsetup_r
 .text.abort    0x0000595c        0xe c:/freescale/kds_3.0.0/toolchain/bin/../lib/gcc/arm-none-eabi/4.8.4/../../../../arm-none-eabi/lib/armv7e-m/fpu\libg_s.a(lib_a-abort.o)
                0x0000595c                abort
 *fill*         0x0000596a        0x2 
 .text._close_r
                0x0000596c       0x20 c:/freescale/kds_3.0.0/toolchain/bin/../lib/gcc/arm-none-eabi/4.8.4/../../../../arm-none-eabi/lib/armv7e-m/fpu\libg_s.a(lib_a-closer.o)
                0x0000596c                _close_r
 .text._lseek_r
                0x0000598c       0x24 c:/freescale/kds_3.0.0/toolchain/bin/../lib/gcc/arm-none-eabi/4.8.4/../../../../arm-none-eabi/lib/armv7e-m/fpu\libg_s.a(lib_a-lseekr.o)
                0x0000598c                _lseek_r
 .text.__smakebuf_r
                0x000059b0       0x9c c:/freescale/kds_3.0.0/toolchain/bin/../lib/gcc/arm-none-eabi/4.8.4/../../../../arm-none-eabi/lib/armv7e-m/fpu\libg_s.a(lib_a-makebuf.o)
                0x000059b0                __smakebuf_r
 .text.memchr   0x00005a4c       0x1e c:/freescale/kds_3.0.0/toolchain/bin/../lib/gcc/arm-none-eabi/4.8.4/../../../../arm-none-eabi/lib/armv7e-m/fpu\libg_s.a(lib_a-memchr-stub.o)
                0x00005a4c                memchr
 *fill*         0x00005a6a        0x2 
 .text._read_r  0x00005a6c       0x24 c:/freescale/kds_3.0.0/toolchain/bin/../lib/gcc/arm-none-eabi/4.8.4/../../../../arm-none-eabi/lib/armv7e-m/fpu\libg_s.a(lib_a-readr.o)
                0x00005a6c                _read_r
 .text._raise_r
                0x00005a90       0x50 c:/freescale/kds_3.0.0/toolchain/bin/../lib/gcc/arm-none-eabi/4.8.4/../../../../arm-none-eabi/lib/armv7e-m/fpu\libg_s.a(lib_a-signal.o)
                0x00005a90                _raise_r
 .text.raise    0x00005ae0       0x10 c:/freescale/kds_3.0.0/toolchain/bin/../lib/gcc/arm-none-eabi/4.8.4/../../../../arm-none-eabi/lib/armv7e-m/fpu\libg_s.a(lib_a-signal.o)
                0x00005ae0                raise
 .text._kill_r  0x00005af0       0x24 c:/freescale/kds_3.0.0/toolchain/bin/../lib/gcc/arm-none-eabi/4.8.4/../../../../arm-none-eabi/lib/armv7e-m/fpu\libg_s.a(lib_a-signalr.o)
                0x00005af0                _kill_r
 .text._getpid_r
                0x00005b14        0x4 c:/freescale/kds_3.0.0/toolchain/bin/../lib/gcc/arm-none-eabi/4.8.4/../../../../arm-none-eabi/lib/armv7e-m/fpu\libg_s.a(lib_a-signalr.o)
                0x00005b14                _getpid_r
 .text.strlen   0x00005b18       0x10 c:/freescale/kds_3.0.0/toolchain/bin/../lib/gcc/arm-none-eabi/4.8.4/../../../../arm-none-eabi/lib/armv7e-m/fpu\libg_s.a(lib_a-strlen.o)
                0x00005b18                strlen
 .text._fstat_r
                0x00005b28       0x24 c:/freescale/kds_3.0.0/toolchain/bin/../lib/gcc/arm-none-eabi/4.8.4/../../../../arm-none-eabi/lib/armv7e-m/fpu\libg_s.a(lib_a-fstatr.o)
                0x00005b28                _fstat_r
 .text._isatty_r
                0x00005b4c       0x20 c:/freescale/kds_3.0.0/toolchain/bin/../lib/gcc/arm-none-eabi/4.8.4/../../../../arm-none-eabi/lib/armv7e-m/fpu\libg_s.a(lib_a-isattyr.o)
                0x00005b4c                _isatty_r
 .text._close   0x00005b6c       0x10 c:/freescale/kds_3.0.0/toolchain/bin/../lib/gcc/arm-none-eabi/4.8.4/../../../../arm-none-eabi/lib/armv7e-m/fpu\libnosys.a(close.o)
                0x00005b6c                _close
 .text._fstat   0x00005b7c       0x10 c:/freescale/kds_3.0.0/toolchain/bin/../lib/gcc/arm-none-eabi/4.8.4/../../../../arm-none-eabi/lib/armv7e-m/fpu\libnosys.a(fstat.o)
                0x00005b7c                _fstat
 .text._getpid  0x00005b8c       0x10 c:/freescale/kds_3.0.0/toolchain/bin/../lib/gcc/arm-none-eabi/4.8.4/../../../../arm-none-eabi/lib/armv7e-m/fpu\libnosys.a(getpid.o)
                0x00005b8c                _getpid
 .text._isatty  0x00005b9c       0x10 c:/freescale/kds_3.0.0/toolchain/bin/../lib/gcc/arm-none-eabi/4.8.4/../../../../arm-none-eabi/lib/armv7e-m/fpu\libnosys.a(isatty.o)
                0x00005b9c                _isatty
 .text._kill    0x00005bac       0x10 c:/freescale/kds_3.0.0/toolchain/bin/../lib/gcc/arm-none-eabi/4.8.4/../../../../arm-none-eabi/lib/armv7e-m/fpu\libnosys.a(kill.o)
                0x00005bac                _kill
 .text._lseek   0x00005bbc       0x10 c:/freescale/kds_3.0.0/toolchain/bin/../lib/gcc/arm-none-eabi/4.8.4/../../../../arm-none-eabi/lib/armv7e-m/fpu\libnosys.a(lseek.o)
                0x00005bbc                _lseek
 .text._sbrk    0x00005bcc       0x34 c:/freescale/kds_3.0.0/toolchain/bin/../lib/gcc/arm-none-eabi/4.8.4/../../../../arm-none-eabi/lib/armv7e-m/fpu\libnosys.a(sbrk.o)
                0x00005bcc                _sbrk
 .text._exit    0x00005c00        0x4 c:/freescale/kds_3.0.0/toolchain/bin/../lib/gcc/arm-none-eabi/4.8.4/../../../../arm-none-eabi/lib/armv7e-m/fpu\libnosys.a(_exit.o)
                0x00005c00                _exit
 *(.rodata)
 .rodata        0x00005c04        0xc ./Sources/Utilities/fsl_debug_console.o
 .rodata        0x00005c10       0x50 ./Sources/Board/board.o
 .rodata        0x00005c60       0x44 ./Sources/Board/pin_mux.o
 .rodata        0x00005ca4       0xf0 C:/Freescale/KSDK_1.3.0/lib/ksdk_platform_lib/kds/K22F51212/debug/libksdk_platform.a(fsl_gpio_driver.o)
 .rodata        0x00005d94      0x1f4 C:/Freescale/KSDK_1.3.0/lib/ksdk_platform_lib/kds/K22F51212/debug/libksdk_platform.a(fsl_clock_MK22F51212.o)
 .rodata        0x00005f88       0xcc C:/Freescale/KSDK_1.3.0/lib/ksdk_platform_lib/kds/K22F51212/debug/libksdk_platform.a(fsl_clock_manager.o)
 .rodata        0x00006054       0x4c C:/Freescale/KSDK_1.3.0/lib/ksdk_platform_lib/kds/K22F51212/debug/libksdk_platform.a(fsl_gpio_hal.o)
 *(.rodata*)
 .rodata.g_defaultClockConfigHsrun
                0x000060a0       0x18 ./Sources/Board/board.o
                0x000060a0                g_defaultClockConfigHsrun
 .rodata.__func__.5978
                0x000060b8       0x14 ./Sources/Board/board.o
 .rodata.__func__.5962
                0x000060cc       0x14 ./Sources/Board/pin_mux.o
 .rodata.__func__.5846
                0x000060e0       0x14 C:/Freescale/KSDK_1.3.0/lib/ksdk_platform_lib/kds/K22F51212/debug/libksdk_platform.a(fsl_gpio_driver.o)
 .rodata.__func__.5816
                0x000060f4       0x14 C:/Freescale/KSDK_1.3.0/lib/ksdk_platform_lib/kds/K22F51212/debug/libksdk_platform.a(fsl_gpio_driver.o)
 .rodata.__func__.5810
                0x00006108       0x18 C:/Freescale/KSDK_1.3.0/lib/ksdk_platform_lib/kds/K22F51212/debug/libksdk_platform.a(fsl_gpio_driver.o)
 .rodata.__func__.5828
                0x00006120       0x20 C:/Freescale/KSDK_1.3.0/lib/ksdk_platform_lib/kds/K22F51212/debug/libksdk_platform.a(fsl_gpio_driver.o)
 .rodata.__func__.5858
                0x00006140       0x20 C:/Freescale/KSDK_1.3.0/lib/ksdk_platform_lib/kds/K22F51212/debug/libksdk_platform.a(fsl_gpio_driver.o)
 .rodata.__func__.5880
                0x00006160       0x18 C:/Freescale/KSDK_1.3.0/lib/ksdk_platform_lib/kds/K22F51212/debug/libksdk_platform.a(fsl_gpio_driver.o)
 .rodata.__func__.7544
                0x00006178       0x14 C:/Freescale/KSDK_1.3.0/lib/ksdk_platform_lib/kds/K22F51212/debug/libksdk_platform.a(fsl_gpio_driver.o)
 .rodata.__func__.5822
                0x0000618c       0x1c C:/Freescale/KSDK_1.3.0/lib/ksdk_platform_lib/kds/K22F51212/debug/libksdk_platform.a(fsl_gpio_driver.o)
 .rodata.__func__.5840
                0x000061a8       0x20 C:/Freescale/KSDK_1.3.0/lib/ksdk_platform_lib/kds/K22F51212/debug/libksdk_platform.a(fsl_gpio_driver.o)
 .rodata.__func__.5834
                0x000061c8       0x1c C:/Freescale/KSDK_1.3.0/lib/ksdk_platform_lib/kds/K22F51212/debug/libksdk_platform.a(fsl_gpio_driver.o)
 .rodata.__func__.5954
                0x000061e4       0x1c C:/Freescale/KSDK_1.3.0/lib/ksdk_platform_lib/kds/K22F51212/debug/libksdk_platform.a(fsl_gpio_driver.o)
 .rodata.__func__.5978
                0x00006200       0x18 C:/Freescale/KSDK_1.3.0/lib/ksdk_platform_lib/kds/K22F51212/debug/libksdk_platform.a(fsl_gpio_driver.o)
 .rodata.__func__.5895
                0x00006218       0x1c C:/Freescale/KSDK_1.3.0/lib/ksdk_platform_lib/kds/K22F51212/debug/libksdk_platform.a(fsl_gpio_driver.o)
 .rodata.portGateTable
                0x00006234        0x8 C:/Freescale/KSDK_1.3.0/lib/ksdk_platform_lib/kds/K22F51212/debug/libksdk_platform.a(fsl_clock_MK22F51212.o)
 .rodata.uartGateTable
                0x0000623c        0x4 C:/Freescale/KSDK_1.3.0/lib/ksdk_platform_lib/kds/K22F51212/debug/libksdk_platform.a(fsl_clock_MK22F51212.o)
 .rodata.__func__.7401
                0x00006240       0x1c C:/Freescale/KSDK_1.3.0/lib/ksdk_platform_lib/kds/K22F51212/debug/libksdk_platform.a(fsl_clock_MK22F51212.o)
 .rodata.__func__.7479
                0x0000625c       0x1c C:/Freescale/KSDK_1.3.0/lib/ksdk_platform_lib/kds/K22F51212/debug/libksdk_platform.a(fsl_clock_MK22F51212.o)
 .rodata.__func__.7708
                0x00006278       0x14 C:/Freescale/KSDK_1.3.0/lib/ksdk_platform_lib/kds/K22F51212/debug/libksdk_platform.a(fsl_clock_manager.o)
 .rodata.__func__.7725
                0x0000628c       0x18 C:/Freescale/KSDK_1.3.0/lib/ksdk_platform_lib/kds/K22F51212/debug/libksdk_platform.a(fsl_clock_manager.o)
 .rodata.g_oscBase
                0x000062a4        0x4 C:/Freescale/KSDK_1.3.0/lib/ksdk_platform_lib/kds/K22F51212/debug/libksdk_platform.a(fsl_clock_manager_common.o)
                0x000062a4                g_oscBase
 .rodata.fllFactorTable.6086
                0x000062a8       0x10 C:/Freescale/KSDK_1.3.0/lib/ksdk_platform_lib/kds/K22F51212/debug/libksdk_platform.a(fsl_mcg_hal.o)
 .rodata.__func__.5844
                0x000062b8       0x14 C:/Freescale/KSDK_1.3.0/lib/ksdk_platform_lib/kds/K22F51212/debug/libksdk_platform.a(fsl_gpio_hal.o)
 .rodata.__func__.5850
                0x000062cc       0x18 C:/Freescale/KSDK_1.3.0/lib/ksdk_platform_lib/kds/K22F51212/debug/libksdk_platform.a(fsl_gpio_hal.o)
 .rodata.g_gpioBase
                0x000062e4       0x14 C:/Freescale/KSDK_1.3.0/lib/ksdk_platform_lib/kds/K22F51212/debug/libksdk_platform.a(fsl_gpio_common.o)
                0x000062e4                g_gpioBase
 .rodata.g_portBase
                0x000062f8       0x14 C:/Freescale/KSDK_1.3.0/lib/ksdk_platform_lib/kds/K22F51212/debug/libksdk_platform.a(fsl_gpio_common.o)
                0x000062f8                g_portBase
 .rodata.g_portIrqId
                0x0000630c        0x8 C:/Freescale/KSDK_1.3.0/lib/ksdk_platform_lib/kds/K22F51212/debug/libksdk_platform.a(fsl_gpio_common.o)
                0x0000630c                g_portIrqId
 .rodata.npio2_hw
                0x00006314       0x80 c:/freescale/kds_3.0.0/toolchain/bin/../lib/gcc/arm-none-eabi/4.8.4/../../../../arm-none-eabi/lib/armv7e-m/fpu\libm.a(lib_a-e_rem_pio2.o)
 .rodata.two_over_pi
                0x00006394      0x108 c:/freescale/kds_3.0.0/toolchain/bin/../lib/gcc/arm-none-eabi/4.8.4/../../../../arm-none-eabi/lib/armv7e-m/fpu\libm.a(lib_a-e_rem_pio2.o)
 .rodata.init_jk
                0x0000649c       0x10 c:/freescale/kds_3.0.0/toolchain/bin/../lib/gcc/arm-none-eabi/4.8.4/../../../../arm-none-eabi/lib/armv7e-m/fpu\libm.a(lib_a-k_rem_pio2.o)
 *fill*         0x000064ac        0x4 
 .rodata.PIo2   0x000064b0       0x40 c:/freescale/kds_3.0.0/toolchain/bin/../lib/gcc/arm-none-eabi/4.8.4/../../../../arm-none-eabi/lib/armv7e-m/fpu\libm.a(lib_a-k_rem_pio2.o)
 .rodata.str1.1
                0x000064f0       0x3c c:/freescale/kds_3.0.0/toolchain/bin/../lib/gcc/arm-none-eabi/4.8.4/../../../../arm-none-eabi/lib/armv7e-m/fpu\libg_s.a(lib_a-assert.o)
                                 0x3d (size before relaxing)
 .rodata.__sf_fake_stdin
                0x0000652c       0x20 c:/freescale/kds_3.0.0/toolchain/bin/../lib/gcc/arm-none-eabi/4.8.4/../../../../arm-none-eabi/lib/armv7e-m/fpu\libg_s.a(lib_a-findfp.o)
                0x0000652c                __sf_fake_stdin
 .rodata.__sf_fake_stdout
                0x0000654c       0x20 c:/freescale/kds_3.0.0/toolchain/bin/../lib/gcc/arm-none-eabi/4.8.4/../../../../arm-none-eabi/lib/armv7e-m/fpu\libg_s.a(lib_a-findfp.o)
                0x0000654c                __sf_fake_stdout
 .rodata.__sf_fake_stderr
                0x0000656c       0x20 c:/freescale/kds_3.0.0/toolchain/bin/../lib/gcc/arm-none-eabi/4.8.4/../../../../arm-none-eabi/lib/armv7e-m/fpu\libg_s.a(lib_a-findfp.o)
                0x0000656c                __sf_fake_stderr
 .rodata.str1.1
                0x0000658c        0x2 c:/freescale/kds_3.0.0/toolchain/bin/../lib/gcc/arm-none-eabi/4.8.4/../../../../arm-none-eabi/lib/armv7e-m/fpu\libg_s.a(lib_a-impure.o)
 *fill*         0x0000658e        0x2 
 .rodata._global_impure_ptr
                0x00006590        0x4 c:/freescale/kds_3.0.0/toolchain/bin/../lib/gcc/arm-none-eabi/4.8.4/../../../../arm-none-eabi/lib/armv7e-m/fpu\libg_s.a(lib_a-impure.o)
                0x00006590                _global_impure_ptr
 .rodata.str1.1
                0x00006594       0x11 c:/freescale/kds_3.0.0/toolchain/bin/../lib/gcc/arm-none-eabi/4.8.4/../../../../arm-none-eabi/lib/armv7e-m/fpu\libg_s.a(lib_a-vfprintf.o)
 .rodata.str1.1
                0x000065a5       0x22 c:/freescale/kds_3.0.0/toolchain/bin/../lib/gcc/arm-none-eabi/4.8.4/../../../../arm-none-eabi/lib/armv7e-m/fpu\libg_s.a(lib_a-vfprintf_i.o)
 *(.glue_7)
 .glue_7        0x00000000        0x0 linker stubs
 *(.glue_7t)
 .glue_7t       0x00000000        0x0 linker stubs
 *(.eh_frame)
 *fill*         0x000065c7        0x1 
 .eh_frame      0x000065c8        0x0 c:/freescale/kds_3.0.0/toolchain/bin/../lib/gcc/arm-none-eabi/4.8.4/armv7e-m/fpu/crtbegin.o
 *(.init)
 .init          0x000065c8        0x4 c:/freescale/kds_3.0.0/toolchain/bin/../lib/gcc/arm-none-eabi/4.8.4/armv7e-m/fpu/crti.o
                0x000065c8                _init
 .init          0x000065cc        0x8 c:/freescale/kds_3.0.0/toolchain/bin/../lib/gcc/arm-none-eabi/4.8.4/armv7e-m/fpu/crtn.o
 *(.fini)
 .fini          0x000065d4        0x4 c:/freescale/kds_3.0.0/toolchain/bin/../lib/gcc/arm-none-eabi/4.8.4/armv7e-m/fpu/crti.o
                0x000065d4                _fini
 .fini          0x000065d8        0x8 c:/freescale/kds_3.0.0/toolchain/bin/../lib/gcc/arm-none-eabi/4.8.4/armv7e-m/fpu/crtn.o
                0x000065e0                . = ALIGN (0x4)

.vfp11_veneer   0x000065e0        0x0
 .vfp11_veneer  0x00000000        0x0 linker stubs

.v4_bx          0x000065e0        0x0
 .v4_bx         0x00000000        0x0 linker stubs

.iplt           0x000065e0        0x0
 .iplt          0x00000000        0x0 c:/freescale/kds_3.0.0/toolchain/bin/../lib/gcc/arm-none-eabi/4.8.4/armv7e-m/fpu/crtbegin.o

.ARM.extab
 *(.ARM.extab* .gnu.linkonce.armextab.*)

.ARM            0x000065e0        0x8
                0x000065e0                __exidx_start = .
 *(.ARM.exidx*)
 .ARM.exidx     0x000065e0        0x8 c:/freescale/kds_3.0.0/toolchain/bin/../lib/gcc/arm-none-eabi/4.8.4/../../../../arm-none-eabi/lib/armv7e-m/fpu/crt0.o
                0x000065e8                __exidx_end = .

.rel.dyn        0x000065e8        0x0
 .rel.iplt      0x00000000        0x0 c:/freescale/kds_3.0.0/toolchain/bin/../lib/gcc/arm-none-eabi/4.8.4/armv7e-m/fpu/crtbegin.o

.ctors          0x000065e8        0x0
                0x000065e8                __CTOR_LIST__ = .
 *crtbegin.o(.ctors)
 *crtbegin?.o(.ctors)
 *(EXCLUDE_FILE(*crtend.o *crtend?.o) .ctors)
 *(SORT(.ctors.*))
 *(.ctors)
                0x000065e8                __CTOR_END__ = .

.dtors          0x000065e8        0x0
                0x000065e8                __DTOR_LIST__ = .
 *crtbegin.o(.dtors)
 *crtbegin?.o(.dtors)
 *(EXCLUDE_FILE(*crtend.o *crtend?.o) .dtors)
 *(SORT(.dtors.*))
 *(.dtors)
                0x000065e8                __DTOR_END__ = .

.preinit_array  0x000065e8        0x0
                0x000065e8                PROVIDE (__preinit_array_start, .)
 *(.preinit_array*)
                0x000065e8                PROVIDE (__preinit_array_end, .)

.init_array     0x000065e8        0x4
                0x000065e8                PROVIDE (__init_array_start, .)
 *(SORT(.init_array.*))
 *(.init_array*)
 .init_array    0x000065e8        0x4 c:/freescale/kds_3.0.0/toolchain/bin/../lib/gcc/arm-none-eabi/4.8.4/armv7e-m/fpu/crtbegin.o
                0x000065ec                PROVIDE (__init_array_end, .)

.fini_array     0x000065ec        0x4
                0x000065ec                PROVIDE (__fini_array_start, .)
 *(SORT(.fini_array.*))
 *(.fini_array*)
 .fini_array    0x000065ec        0x4 c:/freescale/kds_3.0.0/toolchain/bin/../lib/gcc/arm-none-eabi/4.8.4/armv7e-m/fpu/crtbegin.o
                0x000065f0                PROVIDE (__fini_array_end, .)
                0x000065f0                __etext = .
                0x000065f0                __DATA_ROM = .

.interrupts_ram
                0x1fff0000        0x0
                0x1fff0000                . = ALIGN (0x4)
                0x1fff0000                __VECTOR_RAM__ = .
                0x1fff0000                __interrupts_ram_start__ = .
 *(.m_interrupts_ram)
                0x1fff0000                . = (. + M_VECTOR_RAM_SIZE)
                0x1fff0000                . = ALIGN (0x4)
                0x1fff0000                __interrupts_ram_end__ = .
                0x00000000                __VECTOR_RAM = DEFINED (__ram_vector_table__)?__VECTOR_RAM__:ORIGIN (m_interrupts)
                0x00000000                __RAM_VECTOR_TABLE_SIZE_BYTES = DEFINED (__ram_vector_table__)?(__interrupts_ram_end__ - __interrupts_ram_start__):0x0

.data           0x1fff0000       0xc8 load address 0x000065f0
                0x1fff0000                . = ALIGN (0x4)
                0x1fff0000                __DATA_RAM = .
                0x1fff0000                __data_start__ = .
 *(.data)
 *(.data*)
 .data.switchPins
                0x1fff0000       0x24 ./Sources/Board/gpio_pins.o
                0x1fff0000                switchPins
 .data.ledPins  0x1fff0024       0x30 ./Sources/Board/gpio_pins.o
                0x1fff0024                ledPins
 .data.SystemCoreClock
                0x1fff0054        0x4 ./Project_Settings/Startup_Code/system_MK22F51212.o
                0x1fff0054                SystemCoreClock
 .data.g_fastInternalRefClkFreq
                0x1fff0058        0x4 C:/Freescale/KSDK_1.3.0/lib/ksdk_platform_lib/kds/K22F51212/debug/libksdk_platform.a(fsl_mcg_hal.o)
                0x1fff0058                g_fastInternalRefClkFreq
 .data.g_slowInternalRefClkFreq
                0x1fff005c        0x4 C:/Freescale/KSDK_1.3.0/lib/ksdk_platform_lib/kds/K22F51212/debug/libksdk_platform.a(fsl_mcg_hal.o)
                0x1fff005c                g_slowInternalRefClkFreq
 .data.impure_data
                0x1fff0060       0x60 c:/freescale/kds_3.0.0/toolchain/bin/../lib/gcc/arm-none-eabi/4.8.4/../../../../arm-none-eabi/lib/armv7e-m/fpu\libg_s.a(lib_a-impure.o)
 .data._impure_ptr
                0x1fff00c0        0x4 c:/freescale/kds_3.0.0/toolchain/bin/../lib/gcc/arm-none-eabi/4.8.4/../../../../arm-none-eabi/lib/armv7e-m/fpu\libg_s.a(lib_a-impure.o)
                0x1fff00c0                _impure_ptr
 *(.jcr*)
 .jcr           0x1fff00c4        0x0 c:/freescale/kds_3.0.0/toolchain/bin/../lib/gcc/arm-none-eabi/4.8.4/armv7e-m/fpu/crtbegin.o
 .jcr           0x1fff00c4        0x4 c:/freescale/kds_3.0.0/toolchain/bin/../lib/gcc/arm-none-eabi/4.8.4/armv7e-m/fpu/crtend.o
                0x1fff00c8                . = ALIGN (0x4)
                0x1fff00c8                __data_end__ = .
                0x000066b8                __DATA_END = (__DATA_ROM + (__data_end__ - __data_start__))
                0x00080000                text_end = (ORIGIN (m_text) + 0x7fbf0)
                0x00000001                ASSERT ((__DATA_END <= text_end), region m_text overflowed with text and data)

.igot.plt       0x1fff00c8        0x0 load address 0x000066b8
 .igot.plt      0x00000000        0x0 c:/freescale/kds_3.0.0/toolchain/bin/../lib/gcc/arm-none-eabi/4.8.4/armv7e-m/fpu/crtbegin.o

.bss            0x1fff00c8       0x4c load address 0x000066b8
                0x1fff00c8                . = ALIGN (0x4)
                0x1fff00c8                __START_BSS = .
                0x1fff00c8                __bss_start__ = .
 *(.bss)
 .bss           0x1fff00c8       0x1c c:/freescale/kds_3.0.0/toolchain/bin/../lib/gcc/arm-none-eabi/4.8.4/armv7e-m/fpu/crtbegin.o
 *(.bss*)
 .bss.s_debugConsole
                0x1fff00e4       0x10 ./Sources/Utilities/fsl_debug_console.o
 .bss.send_data
                0x1fff00f4        0x4 ./Sources/main.o
                0x1fff00f4                send_data
 .bss.binary_val
                0x1fff00f8        0x4 ./Sources/main.o
                0x1fff00f8                binary_val
 .bss.g_xtal0ClkFreq
                0x1fff00fc        0x4 C:/Freescale/KSDK_1.3.0/lib/ksdk_platform_lib/kds/K22F51212/debug/libksdk_platform.a(fsl_mcg_hal.o)
                0x1fff00fc                g_xtal0ClkFreq
 .bss.g_xtalRtcClkFreq
                0x1fff0100        0x4 C:/Freescale/KSDK_1.3.0/lib/ksdk_platform_lib/kds/K22F51212/debug/libksdk_platform.a(fsl_mcg_hal.o)
                0x1fff0100                g_xtalRtcClkFreq
 .bss.__malloc_sbrk_start
                0x1fff0104        0x4 c:/freescale/kds_3.0.0/toolchain/bin/../lib/gcc/arm-none-eabi/4.8.4/../../../../arm-none-eabi/lib/armv7e-m/fpu\libg_s.a(lib_a-nano-mallocr.o)
                0x1fff0104                __malloc_sbrk_start
 .bss.__malloc_free_list
                0x1fff0108        0x4 c:/freescale/kds_3.0.0/toolchain/bin/../lib/gcc/arm-none-eabi/4.8.4/../../../../arm-none-eabi/lib/armv7e-m/fpu\libg_s.a(lib_a-nano-mallocr.o)
                0x1fff0108                __malloc_free_list
 .bss.heap_end.4246
                0x1fff010c        0x4 c:/freescale/kds_3.0.0/toolchain/bin/../lib/gcc/arm-none-eabi/4.8.4/../../../../arm-none-eabi/lib/armv7e-m/fpu\libnosys.a(sbrk.o)
 *(COMMON)
 COMMON         0x1fff0110        0x4 c:/freescale/kds_3.0.0/toolchain/bin/../lib/gcc/arm-none-eabi/4.8.4/../../../../arm-none-eabi/lib/armv7e-m/fpu\libg_s.a(lib_a-reent.o)
                0x1fff0110                errno
                0x1fff0114                . = ALIGN (0x4)
                0x1fff0114                __bss_end__ = .
                0x1fff0114                __END_BSS = .

.heap           0x20000000      0x400
                0x20000000                . = ALIGN (0x8)
                0x20000000                __end__ = .
                0x20000000                PROVIDE (end, .)
                0x20000000                __HeapBase = .
                0x20000400                . = (. + HEAP_SIZE)
 *fill*         0x20000000      0x400 
                0x20000400                __HeapLimit = .

.stack          0x20000400      0x400
                0x20000400                . = ALIGN (0x8)
                0x20000800                . = (. + STACK_SIZE)
 *fill*         0x20000400      0x400 
                0x20010000                __StackTop = (ORIGIN (m_data_2) + 0x10000)
                0x2000fc00                __StackLimit = (__StackTop - STACK_SIZE)
                0x20010000                PROVIDE (__stack, __StackTop)

.ARM.attributes
                0x00000000       0x30
 *(.ARM.attributes)
 .ARM.attributes
                0x00000000       0x22 c:/freescale/kds_3.0.0/toolchain/bin/../lib/gcc/arm-none-eabi/4.8.4/armv7e-m/fpu/crti.o
 .ARM.attributes
                0x00000022       0x34 c:/freescale/kds_3.0.0/toolchain/bin/../lib/gcc/arm-none-eabi/4.8.4/armv7e-m/fpu/crtbegin.o
 .ARM.attributes
                0x00000056       0x20 c:/freescale/kds_3.0.0/toolchain/bin/../lib/gcc/arm-none-eabi/4.8.4/../../../../arm-none-eabi/lib/armv7e-m/fpu/crt0.o
 .ARM.attributes
                0x00000076       0x39 ./Sources/Utilities/fsl_debug_console.o
 .ARM.attributes
                0x000000af       0x39 ./Sources/Board/board.o
 .ARM.attributes
                0x000000e8       0x39 ./Sources/Board/gpio_pins.o
 .ARM.attributes
                0x00000121       0x39 ./Sources/Board/pin_mux.o
 .ARM.attributes
                0x0000015a       0x39 ./Sources/main.o
 .ARM.attributes
                0x00000193       0x39 ./Project_Settings/Startup_Code/startup.o
 .ARM.attributes
                0x000001cc       0x1f ./Project_Settings/Startup_Code/startup_MK22F51212.o
 .ARM.attributes
                0x000001eb       0x39 ./Project_Settings/Startup_Code/system_MK22F51212.o
 .ARM.attributes
                0x00000224       0x39 C:/Freescale/KSDK_1.3.0/lib/ksdk_platform_lib/kds/K22F51212/debug/libksdk_platform.a(fsl_uart_hal.o)
 .ARM.attributes
                0x0000025d       0x39 C:/Freescale/KSDK_1.3.0/lib/ksdk_platform_lib/kds/K22F51212/debug/libksdk_platform.a(fsl_smc_hal.o)
 .ARM.attributes
                0x00000296       0x39 C:/Freescale/KSDK_1.3.0/lib/ksdk_platform_lib/kds/K22F51212/debug/libksdk_platform.a(fsl_lpuart_hal.o)
 .ARM.attributes
                0x000002cf       0x39 C:/Freescale/KSDK_1.3.0/lib/ksdk_platform_lib/kds/K22F51212/debug/libksdk_platform.a(fsl_gpio_driver.o)
 .ARM.attributes
                0x00000308       0x39 C:/Freescale/KSDK_1.3.0/lib/ksdk_platform_lib/kds/K22F51212/debug/libksdk_platform.a(fsl_clock_MK22F51212.o)
 .ARM.attributes
                0x00000341       0x39 C:/Freescale/KSDK_1.3.0/lib/ksdk_platform_lib/kds/K22F51212/debug/libksdk_platform.a(fsl_clock_manager.o)
 .ARM.attributes
                0x0000037a       0x39 C:/Freescale/KSDK_1.3.0/lib/ksdk_platform_lib/kds/K22F51212/debug/libksdk_platform.a(fsl_clock_manager_common.o)
 .ARM.attributes
                0x000003b3       0x39 C:/Freescale/KSDK_1.3.0/lib/ksdk_platform_lib/kds/K22F51212/debug/libksdk_platform.a(fsl_sim_hal_MK22F51212.o)
 .ARM.attributes
                0x000003ec       0x39 C:/Freescale/KSDK_1.3.0/lib/ksdk_platform_lib/kds/K22F51212/debug/libksdk_platform.a(fsl_osc_hal.o)
 .ARM.attributes
                0x00000425       0x39 C:/Freescale/KSDK_1.3.0/lib/ksdk_platform_lib/kds/K22F51212/debug/libksdk_platform.a(fsl_mcg_hal.o)
 .ARM.attributes
                0x0000045e       0x39 C:/Freescale/KSDK_1.3.0/lib/ksdk_platform_lib/kds/K22F51212/debug/libksdk_platform.a(fsl_mcg_hal_modes.o)
 .ARM.attributes
                0x00000497       0x39 C:/Freescale/KSDK_1.3.0/lib/ksdk_platform_lib/kds/K22F51212/debug/libksdk_platform.a(fsl_gpio_hal.o)
 .ARM.attributes
                0x000004d0       0x39 C:/Freescale/KSDK_1.3.0/lib/ksdk_platform_lib/kds/K22F51212/debug/libksdk_platform.a(fsl_gpio_common.o)
 .ARM.attributes
                0x00000509       0x34 c:/freescale/kds_3.0.0/toolchain/bin/../lib/gcc/arm-none-eabi/4.8.4/../../../../arm-none-eabi/lib/armv7e-m/fpu\libm.a(lib_a-s_sin.o)
 .ARM.attributes
                0x0000053d       0x34 c:/freescale/kds_3.0.0/toolchain/bin/../lib/gcc/arm-none-eabi/4.8.4/../../../../arm-none-eabi/lib/armv7e-m/fpu\libm.a(lib_a-e_rem_pio2.o)
 .ARM.attributes
                0x00000571       0x34 c:/freescale/kds_3.0.0/toolchain/bin/../lib/gcc/arm-none-eabi/4.8.4/../../../../arm-none-eabi/lib/armv7e-m/fpu\libm.a(lib_a-k_cos.o)
 .ARM.attributes
                0x000005a5       0x34 c:/freescale/kds_3.0.0/toolchain/bin/../lib/gcc/arm-none-eabi/4.8.4/../../../../arm-none-eabi/lib/armv7e-m/fpu\libm.a(lib_a-k_rem_pio2.o)
 .ARM.attributes
                0x000005d9       0x34 c:/freescale/kds_3.0.0/toolchain/bin/../lib/gcc/arm-none-eabi/4.8.4/../../../../arm-none-eabi/lib/armv7e-m/fpu\libm.a(lib_a-k_sin.o)
 .ARM.attributes
                0x0000060d       0x34 c:/freescale/kds_3.0.0/toolchain/bin/../lib/gcc/arm-none-eabi/4.8.4/../../../../arm-none-eabi/lib/armv7e-m/fpu\libm.a(lib_a-s_fabs.o)
 .ARM.attributes
                0x00000641       0x34 c:/freescale/kds_3.0.0/toolchain/bin/../lib/gcc/arm-none-eabi/4.8.4/../../../../arm-none-eabi/lib/armv7e-m/fpu\libm.a(lib_a-s_floor.o)
 .ARM.attributes
                0x00000675       0x34 c:/freescale/kds_3.0.0/toolchain/bin/../lib/gcc/arm-none-eabi/4.8.4/../../../../arm-none-eabi/lib/armv7e-m/fpu\libm.a(lib_a-s_scalbn.o)
 .ARM.attributes
                0x000006a9       0x34 c:/freescale/kds_3.0.0/toolchain/bin/../lib/gcc/arm-none-eabi/4.8.4/../../../../arm-none-eabi/lib/armv7e-m/fpu\libm.a(lib_a-s_copysign.o)
 .ARM.attributes
                0x000006dd       0x22 c:/freescale/kds_3.0.0/toolchain/bin/../lib/gcc/arm-none-eabi/4.8.4/armv7e-m/fpu\libgcc.a(_arm_addsubdf3.o)
 .ARM.attributes
                0x000006ff       0x22 c:/freescale/kds_3.0.0/toolchain/bin/../lib/gcc/arm-none-eabi/4.8.4/armv7e-m/fpu\libgcc.a(_arm_muldivdf3.o)
 .ARM.attributes
                0x00000721       0x22 c:/freescale/kds_3.0.0/toolchain/bin/../lib/gcc/arm-none-eabi/4.8.4/armv7e-m/fpu\libgcc.a(_arm_cmpdf2.o)
 .ARM.attributes
                0x00000743       0x22 c:/freescale/kds_3.0.0/toolchain/bin/../lib/gcc/arm-none-eabi/4.8.4/armv7e-m/fpu\libgcc.a(_arm_fixdfsi.o)
 .ARM.attributes
                0x00000765       0x22 c:/freescale/kds_3.0.0/toolchain/bin/../lib/gcc/arm-none-eabi/4.8.4/armv7e-m/fpu\libgcc.a(_arm_fixunsdfsi.o)
 .ARM.attributes
                0x00000787       0x34 c:/freescale/kds_3.0.0/toolchain/bin/../lib/gcc/arm-none-eabi/4.8.4/../../../../arm-none-eabi/lib/armv7e-m/fpu\libg_s.a(lib_a-assert.o)
 .ARM.attributes
                0x000007bb       0x34 c:/freescale/kds_3.0.0/toolchain/bin/../lib/gcc/arm-none-eabi/4.8.4/../../../../arm-none-eabi/lib/armv7e-m/fpu\libg_s.a(lib_a-exit.o)
 .ARM.attributes
                0x000007ef       0x34 c:/freescale/kds_3.0.0/toolchain/bin/../lib/gcc/arm-none-eabi/4.8.4/../../../../arm-none-eabi/lib/armv7e-m/fpu\libg_s.a(lib_a-fflush.o)
 .ARM.attributes
                0x00000823       0x34 c:/freescale/kds_3.0.0/toolchain/bin/../lib/gcc/arm-none-eabi/4.8.4/../../../../arm-none-eabi/lib/armv7e-m/fpu\libg_s.a(lib_a-findfp.o)
 .ARM.attributes
                0x00000857       0x34 c:/freescale/kds_3.0.0/toolchain/bin/../lib/gcc/arm-none-eabi/4.8.4/../../../../arm-none-eabi/lib/armv7e-m/fpu\libg_s.a(lib_a-fprintf.o)
 .ARM.attributes
                0x0000088b       0x34 c:/freescale/kds_3.0.0/toolchain/bin/../lib/gcc/arm-none-eabi/4.8.4/../../../../arm-none-eabi/lib/armv7e-m/fpu\libg_s.a(lib_a-fputc.o)
 .ARM.attributes
                0x000008bf       0x34 c:/freescale/kds_3.0.0/toolchain/bin/../lib/gcc/arm-none-eabi/4.8.4/../../../../arm-none-eabi/lib/armv7e-m/fpu\libg_s.a(lib_a-fwalk.o)
 .ARM.attributes
                0x000008f3       0x34 c:/freescale/kds_3.0.0/toolchain/bin/../lib/gcc/arm-none-eabi/4.8.4/../../../../arm-none-eabi/lib/armv7e-m/fpu\libg_s.a(lib_a-impure.o)
 .ARM.attributes
                0x00000927       0x34 c:/freescale/kds_3.0.0/toolchain/bin/../lib/gcc/arm-none-eabi/4.8.4/../../../../arm-none-eabi/lib/armv7e-m/fpu\libg_s.a(lib_a-init.o)
 .ARM.attributes
                0x0000095b       0x34 c:/freescale/kds_3.0.0/toolchain/bin/../lib/gcc/arm-none-eabi/4.8.4/../../../../arm-none-eabi/lib/armv7e-m/fpu\libg_s.a(lib_a-memset.o)
 .ARM.attributes
                0x0000098f       0x34 c:/freescale/kds_3.0.0/toolchain/bin/../lib/gcc/arm-none-eabi/4.8.4/../../../../arm-none-eabi/lib/armv7e-m/fpu\libg_s.a(lib_a-nano-freer.o)
 .ARM.attributes
                0x000009c3       0x34 c:/freescale/kds_3.0.0/toolchain/bin/../lib/gcc/arm-none-eabi/4.8.4/../../../../arm-none-eabi/lib/armv7e-m/fpu\libg_s.a(lib_a-nano-mallocr.o)
 .ARM.attributes
                0x000009f7       0x34 c:/freescale/kds_3.0.0/toolchain/bin/../lib/gcc/arm-none-eabi/4.8.4/../../../../arm-none-eabi/lib/armv7e-m/fpu\libg_s.a(lib_a-putc.o)
 .ARM.attributes
                0x00000a2b       0x34 c:/freescale/kds_3.0.0/toolchain/bin/../lib/gcc/arm-none-eabi/4.8.4/../../../../arm-none-eabi/lib/armv7e-m/fpu\libg_s.a(lib_a-sbrkr.o)
 .ARM.attributes
                0x00000a5f       0x34 c:/freescale/kds_3.0.0/toolchain/bin/../lib/gcc/arm-none-eabi/4.8.4/../../../../arm-none-eabi/lib/armv7e-m/fpu\libg_s.a(lib_a-stdio.o)
 .ARM.attributes
                0x00000a93       0x34 c:/freescale/kds_3.0.0/toolchain/bin/../lib/gcc/arm-none-eabi/4.8.4/../../../../arm-none-eabi/lib/armv7e-m/fpu\libg_s.a(lib_a-vfprintf.o)
 .ARM.attributes
                0x00000ac7       0x34 c:/freescale/kds_3.0.0/toolchain/bin/../lib/gcc/arm-none-eabi/4.8.4/../../../../arm-none-eabi/lib/armv7e-m/fpu\libg_s.a(lib_a-vfprintf_i.o)
 .ARM.attributes
                0x00000afb       0x34 c:/freescale/kds_3.0.0/toolchain/bin/../lib/gcc/arm-none-eabi/4.8.4/../../../../arm-none-eabi/lib/armv7e-m/fpu\libg_s.a(lib_a-wbuf.o)
 .ARM.attributes
                0x00000b2f       0x34 c:/freescale/kds_3.0.0/toolchain/bin/../lib/gcc/arm-none-eabi/4.8.4/../../../../arm-none-eabi/lib/armv7e-m/fpu\libg_s.a(lib_a-writer.o)
 .ARM.attributes
                0x00000b63       0x34 c:/freescale/kds_3.0.0/toolchain/bin/../lib/gcc/arm-none-eabi/4.8.4/../../../../arm-none-eabi/lib/armv7e-m/fpu\libg_s.a(lib_a-wsetup.o)
 .ARM.attributes
                0x00000b97       0x34 c:/freescale/kds_3.0.0/toolchain/bin/../lib/gcc/arm-none-eabi/4.8.4/../../../../arm-none-eabi/lib/armv7e-m/fpu\libg_s.a(lib_a-abort.o)
 .ARM.attributes
                0x00000bcb       0x34 c:/freescale/kds_3.0.0/toolchain/bin/../lib/gcc/arm-none-eabi/4.8.4/../../../../arm-none-eabi/lib/armv7e-m/fpu\libg_s.a(lib_a-closer.o)
 .ARM.attributes
                0x00000bff       0x34 c:/freescale/kds_3.0.0/toolchain/bin/../lib/gcc/arm-none-eabi/4.8.4/../../../../arm-none-eabi/lib/armv7e-m/fpu\libg_s.a(lib_a-lseekr.o)
 .ARM.attributes
                0x00000c33       0x34 c:/freescale/kds_3.0.0/toolchain/bin/../lib/gcc/arm-none-eabi/4.8.4/../../../../arm-none-eabi/lib/armv7e-m/fpu\libg_s.a(lib_a-makebuf.o)
 .ARM.attributes
                0x00000c67       0x34 c:/freescale/kds_3.0.0/toolchain/bin/../lib/gcc/arm-none-eabi/4.8.4/../../../../arm-none-eabi/lib/armv7e-m/fpu\libg_s.a(lib_a-memchr-stub.o)
 .ARM.attributes
                0x00000c9b       0x34 c:/freescale/kds_3.0.0/toolchain/bin/../lib/gcc/arm-none-eabi/4.8.4/../../../../arm-none-eabi/lib/armv7e-m/fpu\libg_s.a(lib_a-readr.o)
 .ARM.attributes
                0x00000ccf       0x34 c:/freescale/kds_3.0.0/toolchain/bin/../lib/gcc/arm-none-eabi/4.8.4/../../../../arm-none-eabi/lib/armv7e-m/fpu\libg_s.a(lib_a-reent.o)
 .ARM.attributes
                0x00000d03       0x34 c:/freescale/kds_3.0.0/toolchain/bin/../lib/gcc/arm-none-eabi/4.8.4/../../../../arm-none-eabi/lib/armv7e-m/fpu\libg_s.a(lib_a-signal.o)
 .ARM.attributes
                0x00000d37       0x34 c:/freescale/kds_3.0.0/toolchain/bin/../lib/gcc/arm-none-eabi/4.8.4/../../../../arm-none-eabi/lib/armv7e-m/fpu\libg_s.a(lib_a-signalr.o)
 .ARM.attributes
                0x00000d6b       0x34 c:/freescale/kds_3.0.0/toolchain/bin/../lib/gcc/arm-none-eabi/4.8.4/../../../../arm-none-eabi/lib/armv7e-m/fpu\libg_s.a(lib_a-strlen.o)
 .ARM.attributes
                0x00000d9f       0x34 c:/freescale/kds_3.0.0/toolchain/bin/../lib/gcc/arm-none-eabi/4.8.4/../../../../arm-none-eabi/lib/armv7e-m/fpu\libg_s.a(lib_a-fstatr.o)
 .ARM.attributes
                0x00000dd3       0x34 c:/freescale/kds_3.0.0/toolchain/bin/../lib/gcc/arm-none-eabi/4.8.4/../../../../arm-none-eabi/lib/armv7e-m/fpu\libg_s.a(lib_a-isattyr.o)
 .ARM.attributes
                0x00000e07       0x34 c:/freescale/kds_3.0.0/toolchain/bin/../lib/gcc/arm-none-eabi/4.8.4/../../../../arm-none-eabi/lib/armv7e-m/fpu\libnosys.a(close.o)
 .ARM.attributes
                0x00000e3b       0x34 c:/freescale/kds_3.0.0/toolchain/bin/../lib/gcc/arm-none-eabi/4.8.4/../../../../arm-none-eabi/lib/armv7e-m/fpu\libnosys.a(fstat.o)
 .ARM.attributes
                0x00000e6f       0x34 c:/freescale/kds_3.0.0/toolchain/bin/../lib/gcc/arm-none-eabi/4.8.4/../../../../arm-none-eabi/lib/armv7e-m/fpu\libnosys.a(getpid.o)
 .ARM.attributes
                0x00000ea3       0x34 c:/freescale/kds_3.0.0/toolchain/bin/../lib/gcc/arm-none-eabi/4.8.4/../../../../arm-none-eabi/lib/armv7e-m/fpu\libnosys.a(isatty.o)
 .ARM.attributes
                0x00000ed7       0x34 c:/freescale/kds_3.0.0/toolchain/bin/../lib/gcc/arm-none-eabi/4.8.4/../../../../arm-none-eabi/lib/armv7e-m/fpu\libnosys.a(kill.o)
 .ARM.attributes
                0x00000f0b       0x34 c:/freescale/kds_3.0.0/toolchain/bin/../lib/gcc/arm-none-eabi/4.8.4/../../../../arm-none-eabi/lib/armv7e-m/fpu\libnosys.a(lseek.o)
 .ARM.attributes
                0x00000f3f       0x34 c:/freescale/kds_3.0.0/toolchain/bin/../lib/gcc/arm-none-eabi/4.8.4/../../../../arm-none-eabi/lib/armv7e-m/fpu\libnosys.a(sbrk.o)
 .ARM.attributes
                0x00000f73       0x34 c:/freescale/kds_3.0.0/toolchain/bin/../lib/gcc/arm-none-eabi/4.8.4/../../../../arm-none-eabi/lib/armv7e-m/fpu\libnosys.a(_exit.o)
 .ARM.attributes
                0x00000fa7       0x34 c:/freescale/kds_3.0.0/toolchain/bin/../lib/gcc/arm-none-eabi/4.8.4/armv7e-m/fpu/crtend.o
 .ARM.attributes
                0x00000fdb       0x22 c:/freescale/kds_3.0.0/toolchain/bin/../lib/gcc/arm-none-eabi/4.8.4/armv7e-m/fpu/crtn.o
                0x00000001                ASSERT ((__StackLimit >= __HeapLimit), region m_data_2 overflowed with stack and heap)
OUTPUT(FRDM-K22_HelloWorld_GPIO_ISR.elf elf32-littlearm)

.debug_info     0x00000000     0xc859
 .debug_info    0x00000000      0xf63 ./Sources/Utilities/fsl_debug_console.o
 .debug_info    0x00000f63      0xb51 ./Sources/Board/board.o
 .debug_info    0x00001ab4      0x308 ./Sources/Board/gpio_pins.o
 .debug_info    0x00001dbc      0x3e9 ./Sources/Board/pin_mux.o
 .debug_info    0x000021a5      0xd1a ./Sources/main.o
 .debug_info    0x00002ebf      0x3a7 ./Project_Settings/Startup_Code/startup.o
 .debug_info    0x00003266       0x9e ./Project_Settings/Startup_Code/startup_MK22F51212.o
 .debug_info    0x00003304      0x5f2 ./Project_Settings/Startup_Code/system_MK22F51212.o
 .debug_info    0x000038f6      0xf84 C:/Freescale/KSDK_1.3.0/lib/ksdk_platform_lib/kds/K22F51212/debug/libksdk_platform.a(fsl_uart_hal.o)
 .debug_info    0x0000487a      0x5c7 C:/Freescale/KSDK_1.3.0/lib/ksdk_platform_lib/kds/K22F51212/debug/libksdk_platform.a(fsl_smc_hal.o)
 .debug_info    0x00004e41      0xa13 C:/Freescale/KSDK_1.3.0/lib/ksdk_platform_lib/kds/K22F51212/debug/libksdk_platform.a(fsl_lpuart_hal.o)
 .debug_info    0x00005854     0x121e C:/Freescale/KSDK_1.3.0/lib/ksdk_platform_lib/kds/K22F51212/debug/libksdk_platform.a(fsl_gpio_driver.o)
 .debug_info    0x00006a72     0x1808 C:/Freescale/KSDK_1.3.0/lib/ksdk_platform_lib/kds/K22F51212/debug/libksdk_platform.a(fsl_clock_MK22F51212.o)
 .debug_info    0x0000827a     0x16ec C:/Freescale/KSDK_1.3.0/lib/ksdk_platform_lib/kds/K22F51212/debug/libksdk_platform.a(fsl_clock_manager.o)
 .debug_info    0x00009966      0x42f C:/Freescale/KSDK_1.3.0/lib/ksdk_platform_lib/kds/K22F51212/debug/libksdk_platform.a(fsl_clock_manager_common.o)
 .debug_info    0x00009d95      0xe1a C:/Freescale/KSDK_1.3.0/lib/ksdk_platform_lib/kds/K22F51212/debug/libksdk_platform.a(fsl_sim_hal_MK22F51212.o)
 .debug_info    0x0000abaf      0x135 C:/Freescale/KSDK_1.3.0/lib/ksdk_platform_lib/kds/K22F51212/debug/libksdk_platform.a(fsl_osc_hal.o)
 .debug_info    0x0000ace4      0xc5c C:/Freescale/KSDK_1.3.0/lib/ksdk_platform_lib/kds/K22F51212/debug/libksdk_platform.a(fsl_mcg_hal.o)
 .debug_info    0x0000b940      0x858 C:/Freescale/KSDK_1.3.0/lib/ksdk_platform_lib/kds/K22F51212/debug/libksdk_platform.a(fsl_mcg_hal_modes.o)
 .debug_info    0x0000c198      0x201 C:/Freescale/KSDK_1.3.0/lib/ksdk_platform_lib/kds/K22F51212/debug/libksdk_platform.a(fsl_gpio_hal.o)
 .debug_info    0x0000c399      0x4c0 C:/Freescale/KSDK_1.3.0/lib/ksdk_platform_lib/kds/K22F51212/debug/libksdk_platform.a(fsl_gpio_common.o)

.debug_abbrev   0x00000000     0x21df
 .debug_abbrev  0x00000000      0x2b1 ./Sources/Utilities/fsl_debug_console.o
 .debug_abbrev  0x000002b1      0x225 ./Sources/Board/board.o
 .debug_abbrev  0x000004d6       0xa7 ./Sources/Board/gpio_pins.o
 .debug_abbrev  0x0000057d      0x121 ./Sources/Board/pin_mux.o
 .debug_abbrev  0x0000069e      0x249 ./Sources/main.o
 .debug_abbrev  0x000008e7       0xfa ./Project_Settings/Startup_Code/startup.o
 .debug_abbrev  0x000009e1       0x14 ./Project_Settings/Startup_Code/startup_MK22F51212.o
 .debug_abbrev  0x000009f5      0x11a ./Project_Settings/Startup_Code/system_MK22F51212.o
 .debug_abbrev  0x00000b0f      0x225 C:/Freescale/KSDK_1.3.0/lib/ksdk_platform_lib/kds/K22F51212/debug/libksdk_platform.a(fsl_uart_hal.o)
 .debug_abbrev  0x00000d34      0x189 C:/Freescale/KSDK_1.3.0/lib/ksdk_platform_lib/kds/K22F51212/debug/libksdk_platform.a(fsl_smc_hal.o)
 .debug_abbrev  0x00000ebd      0x1f2 C:/Freescale/KSDK_1.3.0/lib/ksdk_platform_lib/kds/K22F51212/debug/libksdk_platform.a(fsl_lpuart_hal.o)
 .debug_abbrev  0x000010af      0x291 C:/Freescale/KSDK_1.3.0/lib/ksdk_platform_lib/kds/K22F51212/debug/libksdk_platform.a(fsl_gpio_driver.o)
 .debug_abbrev  0x00001340      0x2f3 C:/Freescale/KSDK_1.3.0/lib/ksdk_platform_lib/kds/K22F51212/debug/libksdk_platform.a(fsl_clock_MK22F51212.o)
 .debug_abbrev  0x00001633      0x2af C:/Freescale/KSDK_1.3.0/lib/ksdk_platform_lib/kds/K22F51212/debug/libksdk_platform.a(fsl_clock_manager.o)
 .debug_abbrev  0x000018e2       0xec C:/Freescale/KSDK_1.3.0/lib/ksdk_platform_lib/kds/K22F51212/debug/libksdk_platform.a(fsl_clock_manager_common.o)
 .debug_abbrev  0x000019ce      0x1a8 C:/Freescale/KSDK_1.3.0/lib/ksdk_platform_lib/kds/K22F51212/debug/libksdk_platform.a(fsl_sim_hal_MK22F51212.o)
 .debug_abbrev  0x00001b76       0xcb C:/Freescale/KSDK_1.3.0/lib/ksdk_platform_lib/kds/K22F51212/debug/libksdk_platform.a(fsl_osc_hal.o)
 .debug_abbrev  0x00001c41      0x245 C:/Freescale/KSDK_1.3.0/lib/ksdk_platform_lib/kds/K22F51212/debug/libksdk_platform.a(fsl_mcg_hal.o)
 .debug_abbrev  0x00001e86      0x194 C:/Freescale/KSDK_1.3.0/lib/ksdk_platform_lib/kds/K22F51212/debug/libksdk_platform.a(fsl_mcg_hal_modes.o)
 .debug_abbrev  0x0000201a       0xf7 C:/Freescale/KSDK_1.3.0/lib/ksdk_platform_lib/kds/K22F51212/debug/libksdk_platform.a(fsl_gpio_hal.o)
 .debug_abbrev  0x00002111       0xce C:/Freescale/KSDK_1.3.0/lib/ksdk_platform_lib/kds/K22F51212/debug/libksdk_platform.a(fsl_gpio_common.o)

.debug_aranges  0x00000000      0xbe0
 .debug_aranges
                0x00000000       0xb0 ./Sources/Utilities/fsl_debug_console.o
 .debug_aranges
                0x000000b0       0x60 ./Sources/Board/board.o
 .debug_aranges
                0x00000110       0x18 ./Sources/Board/gpio_pins.o
 .debug_aranges
                0x00000128       0x68 ./Sources/Board/pin_mux.o
 .debug_aranges
                0x00000190       0x30 ./Sources/main.o
 .debug_aranges
                0x000001c0       0x20 ./Project_Settings/Startup_Code/startup.o
 .debug_aranges
                0x000001e0       0x20 ./Project_Settings/Startup_Code/startup_MK22F51212.o
 .debug_aranges
                0x00000200       0x28 ./Project_Settings/Startup_Code/system_MK22F51212.o
 .debug_aranges
                0x00000228      0x138 C:/Freescale/KSDK_1.3.0/lib/ksdk_platform_lib/kds/K22F51212/debug/libksdk_platform.a(fsl_uart_hal.o)
 .debug_aranges
                0x00000360       0x40 C:/Freescale/KSDK_1.3.0/lib/ksdk_platform_lib/kds/K22F51212/debug/libksdk_platform.a(fsl_smc_hal.o)
 .debug_aranges
                0x000003a0       0xd8 C:/Freescale/KSDK_1.3.0/lib/ksdk_platform_lib/kds/K22F51212/debug/libksdk_platform.a(fsl_lpuart_hal.o)
 .debug_aranges
                0x00000478      0x110 C:/Freescale/KSDK_1.3.0/lib/ksdk_platform_lib/kds/K22F51212/debug/libksdk_platform.a(fsl_gpio_driver.o)
 .debug_aranges
                0x00000588      0x218 C:/Freescale/KSDK_1.3.0/lib/ksdk_platform_lib/kds/K22F51212/debug/libksdk_platform.a(fsl_clock_MK22F51212.o)
 .debug_aranges
                0x000007a0      0x150 C:/Freescale/KSDK_1.3.0/lib/ksdk_platform_lib/kds/K22F51212/debug/libksdk_platform.a(fsl_clock_manager.o)
 .debug_aranges
                0x000008f0       0x18 C:/Freescale/KSDK_1.3.0/lib/ksdk_platform_lib/kds/K22F51212/debug/libksdk_platform.a(fsl_clock_manager_common.o)
 .debug_aranges
                0x00000908       0xe8 C:/Freescale/KSDK_1.3.0/lib/ksdk_platform_lib/kds/K22F51212/debug/libksdk_platform.a(fsl_sim_hal_MK22F51212.o)
 .debug_aranges
                0x000009f0       0x20 C:/Freescale/KSDK_1.3.0/lib/ksdk_platform_lib/kds/K22F51212/debug/libksdk_platform.a(fsl_osc_hal.o)
 .debug_aranges
                0x00000a10       0xf8 C:/Freescale/KSDK_1.3.0/lib/ksdk_platform_lib/kds/K22F51212/debug/libksdk_platform.a(fsl_mcg_hal.o)
 .debug_aranges
                0x00000b08       0x98 C:/Freescale/KSDK_1.3.0/lib/ksdk_platform_lib/kds/K22F51212/debug/libksdk_platform.a(fsl_mcg_hal_modes.o)
 .debug_aranges
                0x00000ba0       0x28 C:/Freescale/KSDK_1.3.0/lib/ksdk_platform_lib/kds/K22F51212/debug/libksdk_platform.a(fsl_gpio_hal.o)
 .debug_aranges
                0x00000bc8       0x18 C:/Freescale/KSDK_1.3.0/lib/ksdk_platform_lib/kds/K22F51212/debug/libksdk_platform.a(fsl_gpio_common.o)

.debug_ranges   0x00000000      0xa68
 .debug_ranges  0x00000000       0xa0 ./Sources/Utilities/fsl_debug_console.o
 .debug_ranges  0x000000a0       0x50 ./Sources/Board/board.o
 .debug_ranges  0x000000f0       0x58 ./Sources/Board/pin_mux.o
 .debug_ranges  0x00000148       0x20 ./Sources/main.o
 .debug_ranges  0x00000168       0x10 ./Project_Settings/Startup_Code/startup.o
 .debug_ranges  0x00000178       0x18 ./Project_Settings/Startup_Code/system_MK22F51212.o
 .debug_ranges  0x00000190      0x128 C:/Freescale/KSDK_1.3.0/lib/ksdk_platform_lib/kds/K22F51212/debug/libksdk_platform.a(fsl_uart_hal.o)
 .debug_ranges  0x000002b8       0x30 C:/Freescale/KSDK_1.3.0/lib/ksdk_platform_lib/kds/K22F51212/debug/libksdk_platform.a(fsl_smc_hal.o)
 .debug_ranges  0x000002e8       0xc8 C:/Freescale/KSDK_1.3.0/lib/ksdk_platform_lib/kds/K22F51212/debug/libksdk_platform.a(fsl_lpuart_hal.o)
 .debug_ranges  0x000003b0      0x100 C:/Freescale/KSDK_1.3.0/lib/ksdk_platform_lib/kds/K22F51212/debug/libksdk_platform.a(fsl_gpio_driver.o)
 .debug_ranges  0x000004b0      0x208 C:/Freescale/KSDK_1.3.0/lib/ksdk_platform_lib/kds/K22F51212/debug/libksdk_platform.a(fsl_clock_MK22F51212.o)
 .debug_ranges  0x000006b8      0x140 C:/Freescale/KSDK_1.3.0/lib/ksdk_platform_lib/kds/K22F51212/debug/libksdk_platform.a(fsl_clock_manager.o)
 .debug_ranges  0x000007f8       0xd8 C:/Freescale/KSDK_1.3.0/lib/ksdk_platform_lib/kds/K22F51212/debug/libksdk_platform.a(fsl_sim_hal_MK22F51212.o)
 .debug_ranges  0x000008d0       0x10 C:/Freescale/KSDK_1.3.0/lib/ksdk_platform_lib/kds/K22F51212/debug/libksdk_platform.a(fsl_osc_hal.o)
 .debug_ranges  0x000008e0       0xe8 C:/Freescale/KSDK_1.3.0/lib/ksdk_platform_lib/kds/K22F51212/debug/libksdk_platform.a(fsl_mcg_hal.o)
 .debug_ranges  0x000009c8       0x88 C:/Freescale/KSDK_1.3.0/lib/ksdk_platform_lib/kds/K22F51212/debug/libksdk_platform.a(fsl_mcg_hal_modes.o)
 .debug_ranges  0x00000a50       0x18 C:/Freescale/KSDK_1.3.0/lib/ksdk_platform_lib/kds/K22F51212/debug/libksdk_platform.a(fsl_gpio_hal.o)

.debug_macro    0x00000000    0x229a5
 .debug_macro   0x00000000      0x2d6 ./Sources/Utilities/fsl_debug_console.o
 .debug_macro   0x000002d6      0x856 ./Sources/Utilities/fsl_debug_console.o
 .debug_macro   0x00000b2c       0x58 ./Sources/Utilities/fsl_debug_console.o
 .debug_macro   0x00000b84       0x58 ./Sources/Utilities/fsl_debug_console.o
 .debug_macro   0x00000bdc       0x16 ./Sources/Utilities/fsl_debug_console.o
 .debug_macro   0x00000bf2       0x35 ./Sources/Utilities/fsl_debug_console.o
 .debug_macro   0x00000c27       0xa3 ./Sources/Utilities/fsl_debug_console.o